Archive member included because of file (symbol)

C:/Program Files/TeliumSDK/SDK PatchF9.32.3.02/SDKTPLUS/HW_T2/gnu_434/lib/eft30tplus.lib(DisplayFooter.o)
                              Obj/GNU_ARM_DEBUG_T2/Menu.o (DisplayFooter)
C:/Program Files/TeliumSDK/SDK PatchF9.32.3.02/SDKTPLUS/HW_T2/gnu_434/lib/eft30tplus.lib(DisplayHeader.o)
                              Obj/GNU_ARM_DEBUG_T2/Menu.o (DisplayHeader)
C:/Program Files/TeliumSDK/SDK PatchF9.32.3.02/SDKTPLUS/HW_T2/gnu_434/lib/eft30tplus.lib(DisplayLeds.o)
                              Obj/GNU_ARM_DEBUG_T2/Menu.o (DisplayLeds)
C:/Program Files/TeliumSDK/SDK PatchF9.32.3.02/SDKTPLUS/HW_T2/gnu_434/lib/eft30tplus.lib(Telium_Read_date.o)
                              Obj/GNU_ARM_DEBUG_T2/Entry.o (Telium_Read_date)
C:/Program Files/TeliumSDK/SDK PatchF9.32.3.02/SDKTPLUS/HW_T2/gnu_434/lib/eft30tplus.lib(IsColorDisplay.o)
                              Obj/GNU_ARM_DEBUG_T2/Goal.o (IsColorDisplay)
C:/Program Files/TeliumSDK/SDK PatchF9.32.3.02/SDKTPLUS/HW_T2/gnu_434/lib/eft30tplus.lib(IsISO1.o)
                              Obj/GNU_ARM_DEBUG_T2/Magnetic.o (IsISO1)
C:/Program Files/TeliumSDK/SDK PatchF9.32.3.02/SDKTPLUS/HW_T2/gnu_434/lib/eft30tplus.lib(IsISO2.o)
                              Obj/GNU_ARM_DEBUG_T2/main_processing.o (IsISO2)
C:/Program Files/TeliumSDK/SDK PatchF9.32.3.02/SDKTPLUS/HW_T2/gnu_434/lib/eft30tplus.lib(IsISO3.o)
                              Obj/GNU_ARM_DEBUG_T2/Magnetic.o (IsISO3)
C:/Program Files/TeliumSDK/SDK PatchF9.32.3.02/SDKTPLUS/HW_T2/gnu_434/lib/eft30tplus.lib(IsPrinter.o)
                              Obj/GNU_ARM_DEBUG_T2/Goal.o (IsPrinter)
C:/Program Files/TeliumSDK/SDK PatchF9.32.3.02/SDKTPLUS/HW_T2/gnu_434/lib/eft30tplus.lib(Telium_ServiceRegister.o)
                              Obj/GNU_ARM_DEBUG_T2/Entry.o (Telium_ServiceRegister)
C:/Program Files/TeliumSDK/SDK PatchF9.32.3.02/SDKTPLUS/HW_T2/gnu_434/lib/eft30tplus.lib(Telium_Fprintf.o)
                              Obj/GNU_ARM_DEBUG_T2/Menu.o (Telium_Fprintf)
C:/Program Files/TeliumSDK/SDK PatchF9.32.3.02/SDKTPLUS/HW_T2/gnu_434/lib/eft30tplus.lib(Telium_Pprintf.o)
                              Obj/GNU_ARM_DEBUG_T2/Entry.o (Telium_Pprintf)
C:/Program Files/TeliumSDK/SDK PatchF9.32.3.02/SDKTPLUS/HW_T2/gnu_434/lib/eft30tplus.lib(Telium_Stdprt.o)
                              C:/Program Files/TeliumSDK/SDK PatchF9.32.3.02/SDKTPLUS/HW_T2/gnu_434/lib/eft30tplus.lib(Telium_Pprintf.o) (Telium_Stdprt)
C:/Program Files/TeliumSDK/SDK PatchF9.32.3.02/SDKTPLUS/HW_T2/gnu_434/lib/eft30tplus.lib(sprintf.o)
                              Obj/GNU_ARM_DEBUG_T2/Entry.o (sprintf)
C:/Program Files/TeliumSDK/SDK PatchF9.32.3.02/SDKTPLUS/HW_T2/gnu_434/lib/eft30tplus.lib(extenstp1.o)
                              C:/Program Files/TeliumSDK/SDK PatchF9.32.3.02/SDKTPLUS/HW_T2/gnu_434/lib/eft30tplus.lib(DisplayFooter.o) (extenslib_open)
C:/Program Files/TeliumSDK/SDK PatchF9.32.3.02/SDKTPLUS/HW_T2/gnu_434/lib/eft30tplus.lib(toolstp1.o)
                              C:/Program Files/TeliumSDK/SDK PatchF9.32.3.02/SDKTPLUS/HW_T2/gnu_434/lib/eft30tplus.lib(Telium_Read_date.o) (toolslib_open)
C:/Program Files/TeliumSDK/SDK PatchF9.32.3.02/SDKTPLUS/HW_T2/gnu_434/lib/OSLAYER.LIB(OSL_Dll_Close.o)
                              C:/Program Files/TeliumSDK/SDK PatchF9.32.3.02/SDKTPLUS/HW_T2/gnu_434/lib/eft30tplus.lib(extenstp1.o) (OSL_Dll_Close)
C:/Program Files/TeliumSDK/SDK PatchF9.32.3.02/SDKTPLUS/HW_T2/gnu_434/lib/OSLAYER.LIB(OSL_Dll_GetSymbolByName.o)
                              C:/Program Files/TeliumSDK/SDK PatchF9.32.3.02/SDKTPLUS/HW_T2/gnu_434/lib/eft30tplus.lib(extenstp1.o) (OSL_Dll_GetSymbolByName)
C:/Program Files/TeliumSDK/SDK PatchF9.32.3.02/SDKTPLUS/HW_T2/gnu_434/lib/OSLAYER.LIB(OSL_Dll_OpenByAppliType.o)
                              C:/Program Files/TeliumSDK/SDK PatchF9.32.3.02/SDKTPLUS/HW_T2/gnu_434/lib/eft30tplus.lib(extenstp1.o) (OSL_Dll_OpenByAppliType)
C:/Program Files/TeliumSDK/SDK PatchF9.32.3.02/SDKTPLUS/HW_T2/gnu_434/lib/OSLAYER.LIB(OSL_TimeStp_ElapsedMs.o)
                              Obj/GNU_ARM_DEBUG_T2/Timer.o (OSL_TimeStp_ElapsedMs)
C:/Program Files/TeliumSDK/SDK PatchF9.32.3.02/SDKTPLUS/HW_T2/gnu_434/lib/OSLAYER.LIB(OSL_TimeStp_Now.o)
                              Obj/GNU_ARM_DEBUG_T2/Timer.o (OSL_TimeStp_Now)
C:/Program Files/TeliumSDK/SDK PatchF9.32.3.02/SDKTPLUS/HW_T2/gnu_434/lib/TRAP_TELIUM_PLUS.LIB(ApplicationGetCurrent.o)
                              Obj/GNU_ARM_DEBUG_T2/Main.o (ApplicationGetCurrent)
C:/Program Files/TeliumSDK/SDK PatchF9.32.3.02/SDKTPLUS/HW_T2/gnu_434/lib/TRAP_TELIUM_PLUS.LIB(FS_close.o)
                              Obj/GNU_ARM_DEBUG_T2/Entry.o (FS_close)
C:/Program Files/TeliumSDK/SDK PatchF9.32.3.02/SDKTPLUS/HW_T2/gnu_434/lib/TRAP_TELIUM_PLUS.LIB(FS_length.o)
                              Obj/GNU_ARM_DEBUG_T2/Entry.o (FS_length)
C:/Program Files/TeliumSDK/SDK PatchF9.32.3.02/SDKTPLUS/HW_T2/gnu_434/lib/TRAP_TELIUM_PLUS.LIB(FS_mount.o)
[...]
Memory Configuration

Name             Origin             Length             Attributes
*default*        0x00000000         0xffffffff

Linker script and memory map

                0x00001000                . = 0x1000
                0x00001000                __text_start = .

.text           0x00001000    0x17130
 *(.first)
 .first         0x00001000       0x8c C:/Program Files/TeliumSDK/SDK PatchF9.32.3.02/SDKTPLUS/HW_T2/gnu_434/startfiles/cstartupTplus.o
                0x00001000                _start
 *(.text .text.*)
 .text          0x0000108c      0x104 C:/Program Files/TeliumSDK/SDK PatchF9.32.3.02/SDKTPLUS/HW_T2/gnu_434/startfiles/cstartupTplus.o
                0x0000113c                __stack_chk_fail
 .text          0x00001190       0xc0 C:/Program Files/TeliumSDK/SDK PatchF9.32.3.02/SDKTPLUS/HW_T2/gnu_434/startfiles/libcpatch.o
                0x00001190                _calloc_r
                0x000011e0                _free_r
                0x000011fc                _malloc_r
                0x00001224                _realloc_r
 .text          0x00001250      0x290 Obj/GNU_ARM_DEBUG_T2/Main.o
                0x00001250                Main
 .text          0x000014e0      0xf54 Obj/GNU_ARM_DEBUG_T2/Entry.o
                0x000014e0                give_your_domain
                0x00001544                after_reset
                0x000015a0                is_name
                0x0000163c                is_state
                0x00001694                idle_message
                0x00001760                more_function
                0x00001794                keyboard_event
                0x00001800                state
                0x000018e4                consult
                0x00001998                mcall
                0x00001a4c                is_time_function
                0x00001aa4                time_function
                0x00001b18                is_change_init
                0x00001ba8                modif_param
                0x00001c38                is_evol_pg
                0x00001c90                is_delete
                0x00001cc8                file_received
                0x00001e48                message_received
                0x00001f00                is_card_specific
                0x00001f58                card_inside
                0x00001fac                is_for_you_after
                0x0000214c                debit_non_emv
                0x000022a4                give_interface
                0x00002308                entry
 .text          0x00002434      0xc14 Obj/GNU_ARM_DEBUG_T2/Menu.o
                0x000024fc                GL_SampleLayout
                0x00002668                GL_SampleDocument
                0x00002938                SampleEvents
                0x00002a40                GL_SampleDialogText
                0x00002b24                GL_SampleDialogVirtualKeyboard1
                0x00002c04                GL_SampleDialogVirtualKeyboard2
                0x00002ce8                GL_SampleDialogVirtualKeyboard3
                0x00002dc4                GL_SampleDialogMultiChoice
                0x00002e68                menuGoalDisplay
                0x00002f1c                initUIContext
                0x00002fc4                releaseUIContext
 .text          0x00003048        0x0 Obj/GNU_ARM_DEBUG_T2/dynamic_array_template.o
 .text          0x00003048     0x3ac8 Obj/GNU_ARM_DEBUG_T2/dynamic_arrays.o
                0x00003048                create2_int
                0x000030ec                destroy2_int
                0x0000312c                create_int
                0x000031e8                destroy_int
                0x00003224                is_empty_int
                0x00003254                array_length_int
                0x00003280                array_capacity_int
                0x000032ac                get_int
                0x00003328                insert_int
                0x000033a0                append_int
                0x00003470                print_int
                0x00003574                array_equal_int
                0x000035ec                get_array_types_int
                0x00003618                set_array_types_int
                0x0000365c                get_raw_data_int
                0x00003688                shrink_to_fit_int
                0x00003740                recreate_int
                0x00003790                array_match_int
                0x000037bc                create2_char
                0x00003860                destroy2_char
                0x000038a0                create_char
                0x0000395c                destroy_char
                0x00003998                is_empty_char
                0x000039c8                array_length_char
                0x000039f4                array_capacity_char
                0x00003a20                get_char
                0x00003a98                insert_char
                0x00003b14                append_char
                0x00003be8                print_char
                0x00003cec                array_equal_char
                0x00003d60                get_array_types_char
                0x00003d8c                set_array_types_char
                0x00003dd0                get_raw_data_char
                0x00003dfc                shrink_to_fit_char
                0x00003eb4                recreate_char
                0x00003f04                array_match_char
                0x00003f30                create2_string
                0x00003fd4                destroy2_string
                0x00004014                create_string
                0x000040d0                destroy_string
                0x00004134                is_empty_string
                0x00004164                array_length_string
                0x00004190                array_capacity_string
                0x000041bc                get_string
                0x00004238                insert_string
                0x000042b0                append_string
                0x00004380                print_string
                0x0000447c                array_equal_string
                0x00004504                get_array_types_string
                0x00004530                set_array_types_string
                0x00004574                get_raw_data_string
                0x000045a0                shrink_to_fit_string
                0x00004658                recreate_string
                0x000046a8                array_match_string
                0x000046d4                create2_string_st
                0x00004778                destroy2_string_st
                0x000047b8                create_string_st
                0x00004874                destroy_string_st
                0x000048b0                is_empty_string_st
                0x000048e0                array_length_string_st
                0x0000490c                array_capacity_string_st
                0x00004938                get_string_st
                0x000049b4                insert_string_st
                0x00004a2c                append_string_st
                0x00004afc                print_string_st
                0x00004bf8                array_equal_string_st
                0x00004c7c                get_array_types_string_st
                0x00004ca8                set_array_types_string_st
                0x00004cec                get_raw_data_string_st
                0x00004d18                shrink_to_fit_string_st
                0x00004dd0                recreate_string_st
                0x00004e20                array_match_string_st
                0x00004e4c                create2_good_field
                0x00004ef0                destroy2_good_field
                0x00004f30                create_good_field
                0x00004fec                destroy_good_field
                0x00005028                is_empty_good_field
                0x00005058                array_length_good_field
                0x00005084                array_capacity_good_field
                0x000050b0                get_good_field
                0x00005128                insert_good_field
                0x000051a4                append_good_field
                0x00005278                print_good_field
                0x0000537c                array_equal_good_field
                0x000053f0                get_array_types_good_field
                0x0000541c                set_array_types_good_field
                0x00005460                get_raw_data_good_field
                0x0000548c                shrink_to_fit_good_field
                0x00005544                recreate_good_field
                0x00005594                array_match_good_field
                0x000055c0                create2_vop
                0x00005664                destroy2_vop
                0x000056a4                create_vop
                0x00005794                destroy_vop
                0x0000581c                is_empty_vop
                0x0000584c                array_length_vop
                0x00005878                array_capacity_vop
                0x000058a4                get_vop
                0x00005920                insert_vop
                0x00005998                append_vop
                0x00005a68                print_vop
                0x00005cc8                array_equal_vop
                0x00005e34                get_array_types_vop
                0x00005e60                set_array_types_vop
                0x00005ea4                get_raw_data_vop
                0x00005ed0                shrink_to_fit_vop
                0x00005f88                recreate_vop
                0x00005fd8                array_match_vop
                0x000061e8                create2_vop_st
                0x0000628c                destroy2_vop_st
                0x000062cc                create_vop_st
                0x000063bc                destroy_vop_st
                0x0000641c                is_empty_vop_st
                0x0000644c                array_length_vop_st
                0x00006478                array_capacity_vop_st
                0x000064a4                get_vop_st
                0x00006520                insert_vop_st
                0x00006598                append_vop_st
                0x00006668                print_vop_st
                0x000068c8                array_equal_vop_st
                0x00006940                get_array_types_vop_st
                0x0000696c                set_array_types_vop_st
                0x000069b0                get_raw_data_vop_st
                0x000069dc                shrink_to_fit_vop_st
                0x00006a94                recreate_vop_st
                0x00006ae4                array_match_vop_st
 .text          0x00006b10      0x2b8 Obj/GNU_ARM_DEBUG_T2/file_schema.o
                0x00006b10                create_file_schema
                0x00006b90                destroy_file_schema
                0x00006c00                print_file_schema
                0x00006d3c                is_empty_file_schema
 .text          0x00006dc8     0x1d70 Obj/GNU_ARM_DEBUG_T2/iofile.o
                0x00006dc8                read_file_with_goods
                0x00006f48                file_type
                0x00006fc0                assign_schema_header
                0x00007124                read_file_header
                0x00007308                read_fields
                0x000074f4                read_types
                0x0000779c                get_int_value
                0x000078b4                get_bool_value
                0x00007914                read_limits
                0x00007a60                create_array_with_types
                0x00007b4c                process_single_field
                0x00007b74                read_goods
                0x000086a8                write_file_schema_to_file
                0x00008820                write_header_to_file
                0x0000884c                write_fields_to_file
                0x00008878                write_types_to_file
                0x000088a4                write_limits_to_file
                0x000088d0                write_goods_to_file
 .text          0x00008b38        0x0 Obj/GNU_ARM_DEBUG_T2/list_template.o
 .text          0x00008b38     0x6cc4 Obj/GNU_ARM_DEBUG_T2/lists.o
                0x00008b38                create_list_int
                0x00008bac                destroy_list_lite_int
                0x00008c10                destroy_list_int
                0x00008c74                is_empty_list_int
                0x00008cc0                size_list_int
                0x00008d08                contains_list_int
                0x00008d5c                search_int
                0x00008db4                add_to_list_int
                0x00008e44                remove_from_list_int
                0x00008ec4                get_by_index_int
                0x00008f54                insert_by_index_int
                0x00008fe4                indexOf_int
                0x00009048                print_list_int
                0x0000913c                add_elem_by_index_int
                0x00009290                remove_elem_by_index_int
                0x00009378                create_list_string
                0x000093ec                destroy_list_lite_string
                0x00009450                destroy_list_string
                0x000094c0                is_empty_list_string
                0x0000950c                size_list_string
                0x00009554                contains_list_string
                0x000095b8                search_string
                0x00009610                add_to_list_string
                0x000096a0                remove_from_list_string
                0x00009728                get_by_index_string
                0x000097b8                insert_by_index_string
                0x00009854                indexOf_string
                0x000098c4                print_list_string
                0x000099b0                add_elem_by_index_string
                0x00009b04                remove_elem_by_index_string
                0x00009bf4                create_list_string_st
                0x00009c68                destroy_list_lite_string_st
                0x00009ccc                destroy_list_string_st
                0x00009d30                is_empty_list_string_st
                0x00009d7c                size_list_string_st
                0x00009dc4                contains_list_string_st
                0x00009e24                search_string_st
                0x00009e7c                add_to_list_string_st
                0x00009f0c                remove_from_list_string_st
                0x00009f94                get_by_index_string_st
                0x0000a024                insert_by_index_string_st
                0x0000a0b4                indexOf_string_st
                0x0000a124                print_list_string_st
                0x0000a210                add_elem_by_index_string_st
                0x0000a364                remove_elem_by_index_string_st
                0x0000a44c                create_list_float
                0x0000a4c0                destroy_list_lite_float
                0x0000a524                destroy_list_float
                0x0000a588                is_empty_list_float
                0x0000a5d4                size_list_float
                0x0000a61c                contains_list_float
                0x0000a678                search_float
                0x0000a6d0                add_to_list_float
                0x0000a760                remove_from_list_float
                0x0000a7e8                get_by_index_float
                0x0000a878                insert_by_index_float
                0x0000a908                indexOf_float
                0x0000a974                print_list_float
                0x0000aa80                add_elem_by_index_float
                0x0000abd4                remove_elem_by_index_float
                0x0000acbc                create_list_dyn_array_int
                0x0000ad30                destroy_list_lite_dyn_array_int
                0x0000ad94                destroy_list_dyn_array_int
                0x0000ae00                is_empty_list_dyn_array_int
                0x0000ae4c                size_list_dyn_array_int
                0x0000ae94                contains_list_dyn_array_int
                0x0000af10                search_dyn_array_int
                0x0000af74                add_to_list_dyn_array_int
                0x0000b02c                remove_from_list_dyn_array_int
                0x0000b0d4                get_by_index_dyn_array_int
                0x0000b16c                insert_by_index_dyn_array_int
                0x0000b224                indexOf_dyn_array_int
                0x0000b2b0                print_list_dyn_array_int
                0x0000b36c                add_elem_by_index_dyn_array_int
                0x0000b4f0                remove_elem_by_index_dyn_array_int
                0x0000b5e0                create_list_dyn_array_string
                0x0000b654                destroy_list_lite_dyn_array_string
                0x0000b6b8                destroy_list_dyn_array_string
                0x0000b724                is_empty_list_dyn_array_string
                0x0000b770                size_list_dyn_array_string
                0x0000b7b8                contains_list_dyn_array_string
                0x0000b834                search_dyn_array_string
                0x0000b898                add_to_list_dyn_array_string
                0x0000b950                remove_from_list_dyn_array_string
                0x0000b9f8                get_by_index_dyn_array_string
                0x0000ba90                insert_by_index_dyn_array_string
                0x0000bb48                indexOf_dyn_array_string
                0x0000bbd4                print_list_dyn_array_string
                0x0000bc90                add_elem_by_index_dyn_array_string
                0x0000be14                remove_elem_by_index_dyn_array_string
                0x0000bf04                create_list_dyn_array_vop
                0x0000bf78                destroy_list_lite_dyn_array_vop
                0x0000bfdc                destroy_list_dyn_array_vop
                0x0000c048                is_empty_list_dyn_array_vop
                0x0000c094                size_list_dyn_array_vop
                0x0000c0dc                contains_list_dyn_array_vop
                0x0000c158                search_dyn_array_vop
                0x0000c1cc                add_to_list_dyn_array_vop
                0x0000c284                remove_from_list_dyn_array_vop
                0x0000c32c                get_by_index_dyn_array_vop
                0x0000c3c4                insert_by_index_dyn_array_vop
                0x0000c47c                indexOf_dyn_array_vop
                0x0000c508                print_list_dyn_array_vop
                0x0000c5c4                add_elem_by_index_dyn_array_vop
                0x0000c748                remove_elem_by_index_dyn_array_vop
                0x0000c838                create_list_dyn_array_vop_st
                0x0000c8ac                destroy_list_lite_dyn_array_vop_st
                0x0000c910                destroy_list_dyn_array_vop_st
                0x0000c97c                is_empty_list_dyn_array_vop_st
                0x0000c9c8                size_list_dyn_array_vop_st
                0x0000ca10                contains_list_dyn_array_vop_st
                0x0000ca8c                search_dyn_array_vop_st
                0x0000caf0                add_to_list_dyn_array_vop_st
                0x0000cba8                remove_from_list_dyn_array_vop_st
                0x0000cc50                get_by_index_dyn_array_vop_st
                0x0000cce8                insert_by_index_dyn_array_vop_st
                0x0000cda0                indexOf_dyn_array_vop_st
                0x0000ce2c                print_list_dyn_array_vop_st
                0x0000cee8                add_elem_by_index_dyn_array_vop_st
                0x0000d06c                remove_elem_by_index_dyn_array_vop_st
                0x0000d15c                create_list_int_vec2
                0x0000d1d0                destroy_list_lite_int_vec2
                0x0000d234                destroy_list_int_vec2
                0x0000d2a4                is_empty_list_int_vec2
                0x0000d2f0                size_list_int_vec2
                0x0000d338                contains_list_int_vec2
                0x0000d3a4                search_int_vec2
                0x0000d3fc                add_to_list_int_vec2
                0x0000d48c                remove_from_list_int_vec2
                0x0000d520                get_by_index_int_vec2
                0x0000d5c4                insert_by_index_int_vec2
                0x0000d668                indexOf_int_vec2
                0x0000d6e4                print_list_int_vec2
                0x0000d8b0                add_elem_by_index_int_vec2
                0x0000da04                remove_elem_by_index_int_vec2
                0x0000daf4                create_list_int_vec3
                0x0000db68                destroy_list_lite_int_vec3
                0x0000dbcc                destroy_list_int_vec3
                0x0000dc3c                is_empty_list_int_vec3
                0x0000dc88                size_list_int_vec3
                0x0000dcd0                contains_list_int_vec3
                0x0000dd4c                search_int_vec3
                0x0000dda4                add_to_list_int_vec3
                0x0000de34                remove_from_list_int_vec3
                0x0000dedc                get_by_index_int_vec3
                0x0000df80                insert_by_index_int_vec3
                0x0000e024                indexOf_int_vec3
                0x0000e0b0                print_list_int_vec3
                0x0000e27c                add_elem_by_index_int_vec3
                0x0000e3d0                remove_elem_by_index_int_vec3
                0x0000e4c0                create_list_int_vec2_st
                0x0000e534                destroy_list_lite_int_vec2_st
                0x0000e598                destroy_list_int_vec2_st
                0x0000e5fc                is_empty_list_int_vec2_st
                0x0000e648                size_list_int_vec2_st
                0x0000e690                contains_list_int_vec2_st
                0x0000e6fc                search_int_vec2_st
                0x0000e754                add_to_list_int_vec2_st
                0x0000e7e4                remove_from_list_int_vec2_st
                0x0000e878                get_by_index_int_vec2_st
                0x0000e91c                insert_by_index_int_vec2_st
                0x0000e9c0                indexOf_int_vec2_st
                0x0000ea3c                print_list_int_vec2_st
                0x0000ec08                add_elem_by_index_int_vec2_st
                0x0000ed5c                remove_elem_by_index_int_vec2_st
                0x0000ee44                create_list_int_vec3_st
                0x0000eeb8                destroy_list_lite_int_vec3_st
                0x0000ef1c                destroy_list_int_vec3_st
                0x0000ef80                is_empty_list_int_vec3_st
                0x0000efcc                size_list_int_vec3_st
                0x0000f014                contains_list_int_vec3_st
                0x0000f090                search_int_vec3_st
                0x0000f0e8                add_to_list_int_vec3_st
                0x0000f178                remove_from_list_int_vec3_st
                0x0000f220                get_by_index_int_vec3_st
                0x0000f2c4                insert_by_index_int_vec3_st
                0x0000f368                indexOf_int_vec3_st
                0x0000f3f4                print_list_int_vec3_st
                0x0000f5c0                add_elem_by_index_int_vec3_st
                0x0000f714                remove_elem_by_index_int_vec3_st
 .text          0x0000f7fc     0x29e0 Obj/GNU_ARM_DEBUG_T2/Goal.o
                0x0000f95c                GoalCreateScreen
                0x0000fd6c                GoalClrScreen
                0x0000ffa0                GoalRefreshScreen
                0x0000ffd0                GoalDspLine
                0x00010444                GoalDspMultiLine
                0x00010628                GoalGetKey
                0x000109a0                GoalDestroyScreen
                0x000109d4                GoalCreateDrawing
                0x00010c04                GoalClrDrawing
                0x00010d38                GoalDrawLine
                0x00010ec8                GoalDrawRect
                0x0001106c                GoalDrawEllipse
                0x00011210                GoalDrawText
                0x000113f8                GoalDestroyDrawing
                0x0001142c                GoalCreatePicture
                0x00011688                GoalClrPicture
                0x00011808                GoalDspPicture
                0x00011b44                GoalDestroyPicture
                0x00011b78                GoalCreateDocument
                0x00011bfc                GoalPrnLine
                0x00011e3c                GoalPrnMultiLine
                0x0001208c                GoalPrnPicture
                0x0001214c                GoalPrnDocument
                0x000121a8                GoalDestroyDocument
 .text          0x000121dc     0x2f64 Obj/GNU_ARM_DEBUG_T2/main_processing.o
                0x000121dc                display_startup_message
                0x00012334                backup_file_schema
                0x000123d4                restore_file_schema
                0x00012468                import_file_with_goods
                0x000125a0                get_fields_values_len
                0x00012618                get_max_field_len
                0x000126a8                show_good_fields
                0x00012938                get_first_fields
                0x000129ac                display_list_with_goods
                0x00012b54                read_field
                0x00012eec                convert_to_int_value
                0x00012fb4                convert_to_bool_value
                0x00013014                add_new_good
                0x00013290                delete_good
                0x00013300                edit_good
                0x000133a0                modify_list_with_goods
                0x000134b8                display_message_search_menu
                0x000135d0                read_search_pattern
                0x00013848                display_search_results
                0x00013900                find_goods_by_template
                0x000139e4                get_categories_pattern
                0x00013b5c                get_bool_fields_name
                0x00013bec                print_good
                0x00013d6c                print_header_for_search_result
                0x00013f94                print_search_results
                0x000140ec                get_bool_fields_amount
                0x0001415c                find_goods_by_categories
                0x00014418                pay
                0x00014768                get_index_of_price_field
                0x000147e4                get_good_price
                0x00014840                print_document
                0x00014bf0                pay_for_goods
                0x00014c68                get_count_of_good
                0x00014d74                form_cart_and_buy
                0x00014fe0                create_menu
                0x0001510c                main_processing
 .text          0x00015140      0x1d4 Obj/GNU_ARM_DEBUG_T2/log.o
                0x00015140                _log
                0x000151d8                print_message
                0x00015294                print_to_log
                0x000152d4                print_to_error_log
 .text          0x00015314      0x9f0 Obj/GNU_ARM_DEBUG_T2/Magnetic.o
                0x00015314                IsoError
                0x000153dc                Magnetic
 .text          0x00015d04      0x3a0 Obj/GNU_ARM_DEBUG_T2/Timer.o
                0x00015d04                TimerStart
                0x00015df4                TimerGet
                0x00015e8c                TimerStop
                0x00015ee4                Timer
 .text          0x000160a4       0x5c C:/Program Files/TeliumSDK/SDK PatchF9.32.3.02/SDKTPLUS/HW_T2/gnu_434/lib/eft30tplus.lib(DisplayFooter.o)
                0x000160b4                DisplayFooter
 .text          0x00016100       0x5c C:/Program Files/TeliumSDK/SDK PatchF9.32.3.02/SDKTPLUS/HW_T2/gnu_434/lib/eft30tplus.lib(DisplayHeader.o)
                0x00016110                DisplayHeader
 .text          0x0001615c       0x58 C:/Program Files/TeliumSDK/SDK PatchF9.32.3.02/SDKTPLUS/HW_T2/gnu_434/lib/eft30tplus.lib(DisplayLeds.o)
                0x00016168                DisplayLeds
 .text          0x000161b4       0x60 C:/Program Files/TeliumSDK/SDK PatchF9.32.3.02/SDKTPLUS/HW_T2/gnu_434/lib/eft30tplus.lib(Telium_Read_date.o)
                0x000161c8                Telium_Read_date
 .text          0x00016214       0x64 C:/Program Files/TeliumSDK/SDK PatchF9.32.3.02/SDKTPLUS/HW_T2/gnu_434/lib/eft30tplus.lib(IsColorDisplay.o)
                0x00016224                IsColorDisplay
 .text          0x00016278       0x5c C:/Program Files/TeliumSDK/SDK PatchF9.32.3.02/SDKTPLUS/HW_T2/gnu_434/lib/eft30tplus.lib(IsISO1.o)
                0x00016280                IsISO1
 .text          0x000162d4       0x5c C:/Program Files/TeliumSDK/SDK PatchF9.32.3.02/SDKTPLUS/HW_T2/gnu_434/lib/eft30tplus.lib(IsISO2.o)
                0x000162dc                IsISO2
 .text          0x00016330       0x5c C:/Program Files/TeliumSDK/SDK PatchF9.32.3.02/SDKTPLUS/HW_T2/gnu_434/lib/eft30tplus.lib(IsISO3.o)
                0x00016338                IsISO3
 .text          0x0001638c       0x60 C:/Program Files/TeliumSDK/SDK PatchF9.32.3.02/SDKTPLUS/HW_T2/gnu_434/lib/eft30tplus.lib(IsPrinter.o)
                0x00016398                IsPrinter
 .text          0x000163ec       0x64 C:/Program Files/TeliumSDK/SDK PatchF9.32.3.02/SDKTPLUS/HW_T2/gnu_434/lib/eft30tplus.lib(Telium_ServiceRegister.o)
                0x00016404                Telium_ServiceRegister
 .text          0x00016450       0x20 C:/Program Files/TeliumSDK/SDK PatchF9.32.3.02/SDKTPLUS/HW_T2/gnu_434/lib/eft30tplus.lib(Telium_Fprintf.o)
                0x00016450                Telium_Fprintf
 .text          0x00016470       0x34 C:/Program Files/TeliumSDK/SDK PatchF9.32.3.02/SDKTPLUS/HW_T2/gnu_434/lib/eft30tplus.lib(Telium_Pprintf.o)
                0x00016470                Telium_Pprintf
 .text          0x000164a4       0x20 C:/Program Files/TeliumSDK/SDK PatchF9.32.3.02/SDKTPLUS/HW_T2/gnu_434/lib/eft30tplus.lib(Telium_Stdprt.o)
                0x000164ac                Telium_Stdprt
 .text          0x000164c4       0x20 C:/Program Files/TeliumSDK/SDK PatchF9.32.3.02/SDKTPLUS/HW_T2/gnu_434/lib/eft30tplus.lib(sprintf.o)
                0x000164c4                sprintf
 .text          0x000164e4       0x74 C:/Program Files/TeliumSDK/SDK PatchF9.32.3.02/SDKTPLUS/HW_T2/gnu_434/lib/eft30tplus.lib(extenstp1.o)
                0x000164e4                extenslib_close
                0x000164f8                extenslib_open
                0x00016534                GetProcAddressExtens
 .text          0x00016558       0x78 C:/Program Files/TeliumSDK/SDK PatchF9.32.3.02/SDKTPLUS/HW_T2/gnu_434/lib/eft30tplus.lib(toolstp1.o)
                0x00016558                toolslib_close
                0x0001656c                toolslib_open
                0x000165ac                GetProcAddressTools
 .text          0x000165d0        0xc C:/Program Files/TeliumSDK/SDK PatchF9.32.3.02/SDKTPLUS/HW_T2/gnu_434/lib/OSLAYER.LIB(OSL_Dll_Close.o)
                0x000165d0                OSL_Dll_Close
 .text          0x000165dc        0xc C:/Program Files/TeliumSDK/SDK PatchF9.32.3.02/SDKTPLUS/HW_T2/gnu_434/lib/OSLAYER.LIB(OSL_Dll_GetSymbolByName.o)
                0x000165dc                OSL_Dll_GetSymbolByName
 .text          0x000165e8        0xc C:/Program Files/TeliumSDK/SDK PatchF9.32.3.02/SDKTPLUS/HW_T2/gnu_434/lib/OSLAYER.LIB(OSL_Dll_OpenByAppliType.o)
                0x000165e8                OSL_Dll_OpenByAppliType
 .text          0x000165f4        0xe C:/Program Files/TeliumSDK/SDK PatchF9.32.3.02/SDKTPLUS/HW_T2/gnu_434/lib/OSLAYER.LIB(OSL_TimeStp_ElapsedMs.o)
                0x000165f4                OSL_TimeStp_ElapsedMs
 .text          0x00016602        0xc C:/Program Files/TeliumSDK/SDK PatchF9.32.3.02/SDKTPLUS/HW_T2/gnu_434/lib/OSLAYER.LIB(OSL_TimeStp_Now.o)
                0x00016602                OSL_TimeStp_Now
 .text          0x0001660e        0xe C:/Program Files/TeliumSDK/SDK PatchF9.32.3.02/SDKTPLUS/HW_T2/gnu_434/lib/TRAP_TELIUM_PLUS.LIB(ApplicationGetCurrent.o)
                0x0001660e                ApplicationGetCurrent
 .text          0x0001661c        0xe C:/Program Files/TeliumSDK/SDK PatchF9.32.3.02/SDKTPLUS/HW_T2/gnu_434/lib/TRAP_TELIUM_PLUS.LIB(FS_close.o)
                0x0001661c                FS_close
 .text          0x0001662a        0xe C:/Program Files/TeliumSDK/SDK PatchF9.32.3.02/SDKTPLUS/HW_T2/gnu_434/lib/TRAP_TELIUM_PLUS.LIB(FS_length.o)
                0x0001662a                FS_length
 .text          0x00016638        0xe C:/Program Files/TeliumSDK/SDK PatchF9.32.3.02/SDKTPLUS/HW_T2/gnu_434/lib/TRAP_TELIUM_PLUS.LIB(FS_mount.o)
                0x00016638                FS_mount
 .text          0x00016646        0xe C:/Program Files/TeliumSDK/SDK PatchF9.32.3.02/SDKTPLUS/HW_T2/gnu_434/lib/TRAP_TELIUM_PLUS.LIB(FS_open.o)
                0x00016646                FS_open
 .text          0x00016654        0xe C:/Program Files/TeliumSDK/SDK PatchF9.32.3.02/SDKTPLUS/HW_T2/gnu_434/lib/TRAP_TELIUM_PLUS.LIB(FS_read.o)
                0x00016654                FS_read
 .text          0x00016662        0xe C:/Program Files/TeliumSDK/SDK PatchF9.32.3.02/SDKTPLUS/HW_T2/gnu_434/lib/TRAP_TELIUM_PLUS.LIB(FS_unmount.o)
                0x00016662                FS_unmount
 .text          0x00016670        0xe C:/Program Files/TeliumSDK/SDK PatchF9.32.3.02/SDKTPLUS/HW_T2/gnu_434/lib/TRAP_TELIUM_PLUS.LIB(ObjectGetInfo.o)
                0x00016670                ObjectGetInfo
 .text          0x0001667e        0xe C:/Program Files/TeliumSDK/SDK PatchF9.32.3.02/SDKTPLUS/HW_T2/gnu_434/lib/TRAP_TELIUM_PLUS.LIB(Telium_Exit.o)
                0x0001667e                Telium_Exit
 .text          0x0001668c        0xe C:/Program Files/TeliumSDK/SDK PatchF9.32.3.02/SDKTPLUS/HW_T2/gnu_434/lib/TRAP_TELIUM_PLUS.LIB(Telium_Fclose.o)
                0x0001668c                Telium_Fclose
 .text          0x0001669a        0xe C:/Program Files/TeliumSDK/SDK PatchF9.32.3.02/SDKTPLUS/HW_T2/gnu_434/lib/TRAP_TELIUM_PLUS.LIB(Telium_Fopen.o)
                0x0001669a                Telium_Fopen
 .text          0x000166a8        0xe C:/Program Files/TeliumSDK/SDK PatchF9.32.3.02/SDKTPLUS/HW_T2/gnu_434/lib/TRAP_TELIUM_PLUS.LIB(Telium_Fread.o)
                0x000166a8                Telium_Fread
 .text          0x000166b6        0xe C:/Program Files/TeliumSDK/SDK PatchF9.32.3.02/SDKTPLUS/HW_T2/gnu_434/lib/TRAP_TELIUM_PLUS.LIB(Telium_Is_iso1.o)
                0x000166b6                Telium_Is_iso1
 .text          0x000166c4        0xe C:/Program Files/TeliumSDK/SDK PatchF9.32.3.02/SDKTPLUS/HW_T2/gnu_434/lib/TRAP_TELIUM_PLUS.LIB(Telium_Is_iso2.o)
                0x000166c4                Telium_Is_iso2
 .text          0x000166d2        0xe C:/Program Files/TeliumSDK/SDK PatchF9.32.3.02/SDKTPLUS/HW_T2/gnu_434/lib/TRAP_TELIUM_PLUS.LIB(Telium_Is_iso3.o)
                0x000166d2                Telium_Is_iso3
 .text          0x000166e0        0xe C:/Program Files/TeliumSDK/SDK PatchF9.32.3.02/SDKTPLUS/HW_T2/gnu_434/lib/TRAP_TELIUM_PLUS.LIB(Telium_Mask_event.o)
                0x000166e0                Telium_Mask_event
 .text          0x000166ee        0xe C:/Program Files/TeliumSDK/SDK PatchF9.32.3.02/SDKTPLUS/HW_T2/gnu_434/lib/TRAP_TELIUM_PLUS.LIB(Telium_Reset_buf.o)
                0x000166ee                Telium_Reset_buf
 .text          0x000166fc        0xe C:/Program Files/TeliumSDK/SDK PatchF9.32.3.02/SDKTPLUS/HW_T2/gnu_434/lib/TRAP_TELIUM_PLUS.LIB(Telium_Stdperif.o)
                0x000166fc                Telium_Stdperif
 .text          0x0001670a        0xe C:/Program Files/TeliumSDK/SDK PatchF9.32.3.02/SDKTPLUS/HW_T2/gnu_434/lib/TRAP_TELIUM_PLUS.LIB(Telium_Ttestall.o)
                0x0001670a                Telium_Ttestall
 .text          0x00016718        0xe C:/Program Files/TeliumSDK/SDK PatchF9.32.3.02/SDKTPLUS/HW_T2/gnu_434/lib/TRAP_TELIUM_PLUS.LIB(Telium_Vfprintf.o)
                0x00016718                Telium_Vfprintf
 .text          0x00016726        0xe C:/Program Files/TeliumSDK/SDK PatchF9.32.3.02/SDKTPLUS/HW_T2/gnu_434/lib/TRAP_TELIUM_PLUS.LIB(Telium_Vsprintf.o)
                0x00016726                Telium_Vsprintf
 .text          0x00016734        0xe C:/Program Files/TeliumSDK/SDK PatchF9.32.3.02/SDKTPLUS/HW_T2/gnu_434/lib/TRAP_TELIUM_PLUS.LIB(buzzer.o)
                0x00016734                buzzer
 .text          0x00016742        0xe C:/Program Files/TeliumSDK/SDK PatchF9.32.3.02/SDKTPLUS/HW_T2/gnu_434/lib/TRAP_TELIUM_PLUS.LIB(first_init.o)
                0x00016742                first_init
 .text          0x00016750        0xe C:/Program Files/TeliumSDK/SDK PatchF9.32.3.02/SDKTPLUS/HW_T2/gnu_434/lib/TRAP_TELIUM_PLUS.LIB(raz_init.o)
                0x00016750                raz_init
 .text          0x0001675e        0xe C:/Program Files/TeliumSDK/SDK PatchF9.32.3.02/SDKTPLUS/HW_T2/gnu_434/lib/TRAP_TELIUM_PLUS.LIB(ufree.o)
                0x0001675e                ufree
 .text          0x0001676c        0xe C:/Program Files/TeliumSDK/SDK PatchF9.32.3.02/SDKTPLUS/HW_T2/gnu_434/lib/TRAP_TELIUM_PLUS.LIB(umalloc.o)
                0x0001676c                umalloc
 .text          0x0001677a        0xe C:/Program Files/TeliumSDK/SDK PatchF9.32.3.02/SDKTPLUS/HW_T2/gnu_434/lib/TRAP_TELIUM_PLUS.LIB(urealloc.o)
                0x0001677a                urealloc
 .text          0x00016788       0x24 C:/Program Files/TeliumSDK/SDK PatchF9.32.3.02/SDKTPLUS/HW_T2/gnu_434/lib/GRAPHICLIB.LIB(GL_Button_Create.o)
                0x00016794                GL_Button_Create
 .text          0x000167ac       0x24 C:/Program Files/TeliumSDK/SDK PatchF9.32.3.02/SDKTPLUS/HW_T2/gnu_434/lib/GRAPHICLIB.LIB(GL_Dialog_Choice.o)
                0x000167b8                GL_Dialog_Choice
 .text          0x000167d0       0x24 C:/Program Files/TeliumSDK/SDK PatchF9.32.3.02/SDKTPLUS/HW_T2/gnu_434/lib/GRAPHICLIB.LIB(GL_Dialog_File.o)
                0x000167dc                GL_Dialog_File
 .text          0x000167f4       0x24 C:/Program Files/TeliumSDK/SDK PatchF9.32.3.02/SDKTPLUS/HW_T2/gnu_434/lib/GRAPHICLIB.LIB(GL_Dialog_Menu.o)
                0x00016800                GL_Dialog_Menu
 .text          0x00016818       0x24 C:/Program Files/TeliumSDK/SDK PatchF9.32.3.02/SDKTPLUS/HW_T2/gnu_434/lib/GRAPHICLIB.LIB(GL_Dialog_Message.o)
                0x00016824                GL_Dialog_Message
 .text          0x0001683c       0x24 C:/Program Files/TeliumSDK/SDK PatchF9.32.3.02/SDKTPLUS/HW_T2/gnu_434/lib/GRAPHICLIB.LIB(GL_Dialog_MultiChoice.o)
                0x00016848                GL_Dialog_MultiChoice
 .text          0x00016860       0x24 C:/Program Files/TeliumSDK/SDK PatchF9.32.3.02/SDKTPLUS/HW_T2/gnu_434/lib/GRAPHICLIB.LIB(GL_Dialog_Text.o)
                0x0001686c                GL_Dialog_Text
 .text          0x00016884       0x24 C:/Program Files/TeliumSDK/SDK PatchF9.32.3.02/SDKTPLUS/HW_T2/gnu_434/lib/GRAPHICLIB.LIB(GL_Dialog_VirtualKeyboard.o)
                0x00016890                GL_Dialog_VirtualKeyboard
 .text          0x000168a8       0x24 C:/Program Files/TeliumSDK/SDK PatchF9.32.3.02/SDKTPLUS/HW_T2/gnu_434/lib/GRAPHICLIB.LIB(GL_Document_Create.o)
                0x000168b4                GL_Document_Create
 .text          0x000168cc       0x24 C:/Program Files/TeliumSDK/SDK PatchF9.32.3.02/SDKTPLUS/HW_T2/gnu_434/lib/GRAPHICLIB.LIB(GL_Document_Print.o)
                0x000168d8                GL_Document_Print
 .text          0x000168f0       0x24 C:/Program Files/TeliumSDK/SDK PatchF9.32.3.02/SDKTPLUS/HW_T2/gnu_434/lib/GRAPHICLIB.LIB(GL_Drawing_Clear.o)
                0x000168fc                GL_Drawing_Clear
 .text          0x00016914       0x24 C:/Program Files/TeliumSDK/SDK PatchF9.32.3.02/SDKTPLUS/HW_T2/gnu_434/lib/GRAPHICLIB.LIB(GL_Drawing_Create.o)
                0x00016920                GL_Drawing_Create
 .text          0x00016938       0x24 C:/Program Files/TeliumSDK/SDK PatchF9.32.3.02/SDKTPLUS/HW_T2/gnu_434/lib/GRAPHICLIB.LIB(GL_Drawing_DrawEllipse.o)
                0x00016944                GL_Drawing_DrawEllipse
 .text          0x0001695c       0x24 C:/Program Files/TeliumSDK/SDK PatchF9.32.3.02/SDKTPLUS/HW_T2/gnu_434/lib/GRAPHICLIB.LIB(GL_Drawing_DrawLine.o)
                0x00016968                GL_Drawing_DrawLine
 .text          0x00016980       0x24 C:/Program Files/TeliumSDK/SDK PatchF9.32.3.02/SDKTPLUS/HW_T2/gnu_434/lib/GRAPHICLIB.LIB(GL_Drawing_DrawRect.o)
                0x0001698c                GL_Drawing_DrawRect
 .text          0x000169a4       0x24 C:/Program Files/TeliumSDK/SDK PatchF9.32.3.02/SDKTPLUS/HW_T2/gnu_434/lib/GRAPHICLIB.LIB(GL_Drawing_DrawText.o)
                0x000169b0                GL_Drawing_DrawText
 .text          0x000169c8       0x24 C:/Program Files/TeliumSDK/SDK PatchF9.32.3.02/SDKTPLUS/HW_T2/gnu_434/lib/GRAPHICLIB.LIB(GL_Drawing_SetBrush.o)
                0x000169d4                GL_Drawing_SetBrush
 .text          0x000169ec       0x24 C:/Program Files/TeliumSDK/SDK PatchF9.32.3.02/SDKTPLUS/HW_T2/gnu_434/lib/GRAPHICLIB.LIB(GL_Drawing_SetFont.o)
                0x000169f8                GL_Drawing_SetFont
 .text          0x00016a10       0x24 C:/Program Files/TeliumSDK/SDK PatchF9.32.3.02/SDKTPLUS/HW_T2/gnu_434/lib/GRAPHICLIB.LIB(GL_Drawing_SetPen.o)
                0x00016a1c                GL_Drawing_SetPen
 .text          0x00016a34       0x24 C:/Program Files/TeliumSDK/SDK PatchF9.32.3.02/SDKTPLUS/HW_T2/gnu_434/lib/GRAPHICLIB.LIB(GL_File_Close.o)
                0x00016a40                GL_File_Close
 .text          0x00016a58       0x24 C:/Program Files/TeliumSDK/SDK PatchF9.32.3.02/SDKTPLUS/HW_T2/gnu_434/lib/GRAPHICLIB.LIB(GL_File_Delete.o)
                0x00016a64                GL_File_Delete
 .text          0x00016a7c       0x24 C:/Program Files/TeliumSDK/SDK PatchF9.32.3.02/SDKTPLUS/HW_T2/gnu_434/lib/GRAPHICLIB.LIB(GL_File_Open.o)
                0x00016a88                GL_File_Open
 .text          0x00016aa0       0x24 C:/Program Files/TeliumSDK/SDK PatchF9.32.3.02/SDKTPLUS/HW_T2/gnu_434/lib/GRAPHICLIB.LIB(GL_File_Read.o)
                0x00016aac                GL_File_Read
 .text          0x00016ac4       0x24 C:/Program Files/TeliumSDK/SDK PatchF9.32.3.02/SDKTPLUS/HW_T2/gnu_434/lib/GRAPHICLIB.LIB(GL_File_Seek.o)
                0x00016ad0                GL_File_Seek
 .text          0x00016ae8       0x24 C:/Program Files/TeliumSDK/SDK PatchF9.32.3.02/SDKTPLUS/HW_T2/gnu_434/lib/GRAPHICLIB.LIB(GL_File_Write.o)
                0x00016af4                GL_File_Write
 .text          0x00016b0c       0x24 C:/Program Files/TeliumSDK/SDK PatchF9.32.3.02/SDKTPLUS/HW_T2/gnu_434/lib/GRAPHICLIB.LIB(GL_GraphicLib_BindSingleKey.o)
                0x00016b18                GL_GraphicLib_BindSingleKey
 .text          0x00016b30       0xbc C:/Program Files/TeliumSDK/SDK PatchF9.32.3.02/SDKTPLUS/HW_T2/gnu_434/lib/GRAPHICLIB.LIB(GL_GraphicLib_Create.o)
                0x00016b30                GL_GraphicLib_Create
                0x00016bac                GL_GraphicLib_Create_Init
 .text          0x00016bec       0x24 C:/Program Files/TeliumSDK/SDK PatchF9.32.3.02/SDKTPLUS/HW_T2/gnu_434/lib/GRAPHICLIB.LIB(GL_GraphicLib_IsTouchPresent.o)
                0x00016bf8                GL_GraphicLib_IsTouchPresent
 .text          0x00016c10       0x24 C:/Program Files/TeliumSDK/SDK PatchF9.32.3.02/SDKTPLUS/HW_T2/gnu_434/lib/GRAPHICLIB.LIB(GL_GraphicLib_SetCharset.o)
                0x00016c1c                GL_GraphicLib_SetCharset
 .text          0x00016c34       0x24 C:/Program Files/TeliumSDK/SDK PatchF9.32.3.02/SDKTPLUS/HW_T2/gnu_434/lib/GRAPHICLIB.LIB(GL_GraphicLib_UnbindKey.o)
                0x00016c40                GL_GraphicLib_UnbindKey
 .text          0x00016c58       0x24 C:/Program Files/TeliumSDK/SDK PatchF9.32.3.02/SDKTPLUS/HW_T2/gnu_434/lib/GRAPHICLIB.LIB(GL_Label_Create.o)
                0x00016c64                GL_Label_Create
 .text          0x00016c7c       0x24 C:/Program Files/TeliumSDK/SDK PatchF9.32.3.02/SDKTPLUS/HW_T2/gnu_434/lib/GRAPHICLIB.LIB(GL_Layout_Create.o)
                0x00016c88                GL_Layout_Create
 .text          0x00016ca0       0x24 C:/Program Files/TeliumSDK/SDK PatchF9.32.3.02/SDKTPLUS/HW_T2/gnu_434/lib/GRAPHICLIB.LIB(GL_Message_GetKey.o)
                0x00016cac                GL_Message_GetKey
 .text          0x00016cc4       0x24 C:/Program Files/TeliumSDK/SDK PatchF9.32.3.02/SDKTPLUS/HW_T2/gnu_434/lib/GRAPHICLIB.LIB(GL_Message_GetWidget.o)
                0x00016cd0                GL_Message_GetWidget
 .text          0x00016ce8       0x24 C:/Program Files/TeliumSDK/SDK PatchF9.32.3.02/SDKTPLUS/HW_T2/gnu_434/lib/GRAPHICLIB.LIB(GL_Message_GetWidgetById.o)
                0x00016cf4                GL_Message_GetWidgetById
 .text          0x00016d0c       0x24 C:/Program Files/TeliumSDK/SDK PatchF9.32.3.02/SDKTPLUS/HW_T2/gnu_434/lib/GRAPHICLIB.LIB(GL_Message_SetResult.o)
                0x00016d18                GL_Message_SetResult
 .text          0x00016d30       0x24 C:/Program Files/TeliumSDK/SDK PatchF9.32.3.02/SDKTPLUS/HW_T2/gnu_434/lib/GRAPHICLIB.LIB(GL_Message_SetUserData.o)
                0x00016d3c                GL_Message_SetUserData
 .text          0x00016d54       0x24 C:/Program Files/TeliumSDK/SDK PatchF9.32.3.02/SDKTPLUS/HW_T2/gnu_434/lib/GRAPHICLIB.LIB(GL_Picture_Create.o)
                0x00016d60                GL_Picture_Create
 .text          0x00016d78       0x24 C:/Program Files/TeliumSDK/SDK PatchF9.32.3.02/SDKTPLUS/HW_T2/gnu_434/lib/GRAPHICLIB.LIB(GL_Print_Create.o)
                0x00016d84                GL_Print_Create
 .text          0x00016d9c       0x24 C:/Program Files/TeliumSDK/SDK PatchF9.32.3.02/SDKTPLUS/HW_T2/gnu_434/lib/GRAPHICLIB.LIB(GL_Timer_Create.o)
                0x00016da8                GL_Timer_Create
 .text          0x00016dc0       0x24 C:/Program Files/TeliumSDK/SDK PatchF9.32.3.02/SDKTPLUS/HW_T2/gnu_434/lib/GRAPHICLIB.LIB(GL_Timer_SetInterval.o)
                0x00016dcc                GL_Timer_SetInterval
 .text          0x00016de4       0x24 C:/Program Files/TeliumSDK/SDK PatchF9.32.3.02/SDKTPLUS/HW_T2/gnu_434/lib/GRAPHICLIB.LIB(GL_Timer_Stop.o)
                0x00016df0                GL_Timer_Stop
 .text          0x00016e08       0x24 C:/Program Files/TeliumSDK/SDK PatchF9.32.3.02/SDKTPLUS/HW_T2/gnu_434/lib/GRAPHICLIB.LIB(GL_Widget_Destroy.o)
                0x00016e14                GL_Widget_Destroy
 .text          0x00016e2c       0x24 C:/Program Files/TeliumSDK/SDK PatchF9.32.3.02/SDKTPLUS/HW_T2/gnu_434/lib/GRAPHICLIB.LIB(GL_Widget_GetBackColor.o)
                0x00016e38                GL_Widget_GetBackColor
 .text          0x00016e50       0x24 C:/Program Files/TeliumSDK/SDK PatchF9.32.3.02/SDKTPLUS/HW_T2/gnu_434/lib/GRAPHICLIB.LIB(GL_Widget_GetUserData.o)
                0x00016e5c                GL_Widget_GetUserData
 .text          0x00016e74       0x24 C:/Program Files/TeliumSDK/SDK PatchF9.32.3.02/SDKTPLUS/HW_T2/gnu_434/lib/GRAPHICLIB.LIB(GL_Widget_RegisterCallback.o)
                0x00016e80                GL_Widget_RegisterCallback
 .text          0x00016e98       0x24 C:/Program Files/TeliumSDK/SDK PatchF9.32.3.02/SDKTPLUS/HW_T2/gnu_434/lib/GRAPHICLIB.LIB(GL_Widget_SearchId.o)
                0x00016ea4                GL_Widget_SearchId
 .text          0x00016ebc       0x24 C:/Program Files/TeliumSDK/SDK PatchF9.32.3.02/SDKTPLUS/HW_T2/gnu_434/lib/GRAPHICLIB.LIB(GL_Widget_SetBackAlign.o)
                0x00016ec8                GL_Widget_SetBackAlign
 .text          0x00016ee0       0x24 C:/Program Files/TeliumSDK/SDK PatchF9.32.3.02/SDKTPLUS/HW_T2/gnu_434/lib/GRAPHICLIB.LIB(GL_Widget_SetBackColor.o)
                0x00016eec                GL_Widget_SetBackColor
 .text          0x00016f04       0x24 C:/Program Files/TeliumSDK/SDK PatchF9.32.3.02/SDKTPLUS/HW_T2/gnu_434/lib/GRAPHICLIB.LIB(GL_Widget_SetBorders.o)
                0x00016f10                GL_Widget_SetBorders
 .text          0x00016f28       0x24 C:/Program Files/TeliumSDK/SDK PatchF9.32.3.02/SDKTPLUS/HW_T2/gnu_434/lib/GRAPHICLIB.LIB(GL_Widget_SetExpand.o)
                0x00016f34                GL_Widget_SetExpand
 .text          0x00016f4c       0x24 C:/Program Files/TeliumSDK/SDK PatchF9.32.3.02/SDKTPLUS/HW_T2/gnu_434/lib/GRAPHICLIB.LIB(GL_Widget_SetFocusable.o)
                0x00016f58                GL_Widget_SetFocusable
 .text          0x00016f70       0x24 C:/Program Files/TeliumSDK/SDK PatchF9.32.3.02/SDKTPLUS/HW_T2/gnu_434/lib/GRAPHICLIB.LIB(GL_Widget_SetFontName.o)
                0x00016f7c                GL_Widget_SetFontName
 .text          0x00016f94       0x24 C:/Program Files/TeliumSDK/SDK PatchF9.32.3.02/SDKTPLUS/HW_T2/gnu_434/lib/GRAPHICLIB.LIB(GL_Widget_SetFontScale.o)
                0x00016fa0                GL_Widget_SetFontScale
 .text          0x00016fb8       0x24 C:/Program Files/TeliumSDK/SDK PatchF9.32.3.02/SDKTPLUS/HW_T2/gnu_434/lib/GRAPHICLIB.LIB(GL_Widget_SetFontStyle.o)
                0x00016fc4                GL_Widget_SetFontStyle
 .text          0x00016fdc       0x24 C:/Program Files/TeliumSDK/SDK PatchF9.32.3.02/SDKTPLUS/HW_T2/gnu_434/lib/GRAPHICLIB.LIB(GL_Widget_SetForeColor.o)
                0x00016fe8                GL_Widget_SetForeColor
 .text          0x00017000       0x24 C:/Program Files/TeliumSDK/SDK PatchF9.32.3.02/SDKTPLUS/HW_T2/gnu_434/lib/GRAPHICLIB.LIB(GL_Widget_SetGrow.o)
                0x0001700c                GL_Widget_SetGrow
 .text          0x00017024       0x24 C:/Program Files/TeliumSDK/SDK PatchF9.32.3.02/SDKTPLUS/HW_T2/gnu_434/lib/GRAPHICLIB.LIB(GL_Widget_SetId.o)
                0x00017030                GL_Widget_SetId
 .text          0x00017048       0x24 C:/Program Files/TeliumSDK/SDK PatchF9.32.3.02/SDKTPLUS/HW_T2/gnu_434/lib/GRAPHICLIB.LIB(GL_Widget_SetItem.o)
                0x00017054                GL_Widget_SetItem
 .text          0x0001706c       0x24 C:/Program Files/TeliumSDK/SDK PatchF9.32.3.02/SDKTPLUS/HW_T2/gnu_434/lib/GRAPHICLIB.LIB(GL_Widget_SetMargins.o)
                0x00017078                GL_Widget_SetMargins
 .text          0x00017090       0x24 C:/Program Files/TeliumSDK/SDK PatchF9.32.3.02/SDKTPLUS/HW_T2/gnu_434/lib/GRAPHICLIB.LIB(GL_Widget_SetMinSize.o)
                0x0001709c                GL_Widget_SetMinSize
 .text          0x000170b4       0x24 C:/Program Files/TeliumSDK/SDK PatchF9.32.3.02/SDKTPLUS/HW_T2/gnu_434/lib/GRAPHICLIB.LIB(GL_Widget_SetShortcut.o)
                0x000170c0                GL_Widget_SetShortcut
 .text          0x000170d8       0x24 C:/Program Files/TeliumSDK/SDK PatchF9.32.3.02/SDKTPLUS/HW_T2/gnu_434/lib/GRAPHICLIB.LIB(GL_Widget_SetShrink.o)
                0x000170e4                GL_Widget_SetShrink
 .text          0x000170fc       0x24 C:/Program Files/TeliumSDK/SDK PatchF9.32.3.02/SDKTPLUS/HW_T2/gnu_434/lib/GRAPHICLIB.LIB(GL_Widget_SetSize.o)
                0x00017108                GL_Widget_SetSize
 .text          0x00017120       0x24 C:/Program Files/TeliumSDK/SDK PatchF9.32.3.02/SDKTPLUS/HW_T2/gnu_434/lib/GRAPHICLIB.LIB(GL_Widget_SetSource.o)
                0x0001712c                GL_Widget_SetSource
 .text          0x00017144       0x24 C:/Program Files/TeliumSDK/SDK PatchF9.32.3.02/SDKTPLUS/HW_T2/gnu_434/lib/GRAPHICLIB.LIB(GL_Widget_SetText.o)
                0x00017150                GL_Widget_SetText
 .text          0x00017168       0x24 C:/Program Files/TeliumSDK/SDK PatchF9.32.3.02/SDKTPLUS/HW_T2/gnu_434/lib/GRAPHICLIB.LIB(GL_Widget_SetTextAlign.o)
                0x00017174                GL_Widget_SetTextAlign
 .text          0x0001718c       0x24 C:/Program Files/TeliumSDK/SDK PatchF9.32.3.02/SDKTPLUS/HW_T2/gnu_434/lib/GRAPHICLIB.LIB(GL_Widget_SetTextPaddings.o)
                0x00017198                GL_Widget_SetTextPaddings
 .text          0x000171b0       0x24 C:/Program Files/TeliumSDK/SDK PatchF9.32.3.02/SDKTPLUS/HW_T2/gnu_434/lib/GRAPHICLIB.LIB(GL_Widget_SetTransformation.o)
                0x000171bc                GL_Widget_SetTransformation
 .text          0x000171d4       0x24 C:/Program Files/TeliumSDK/SDK PatchF9.32.3.02/SDKTPLUS/HW_T2/gnu_434/lib/GRAPHICLIB.LIB(GL_Widget_SetVisible.o)
                0x000171e0                GL_Widget_SetVisible
 .text          0x000171f8       0x24 C:/Program Files/TeliumSDK/SDK PatchF9.32.3.02/SDKTPLUS/HW_T2/gnu_434/lib/GRAPHICLIB.LIB(GL_Widget_SetWrap.o)
                0x00017204                GL_Widget_SetWrap
 .text          0x0001721c       0x24 C:/Program Files/TeliumSDK/SDK PatchF9.32.3.02/SDKTPLUS/HW_T2/gnu_434/lib/GRAPHICLIB.LIB(GL_Widget_UnregisterCallback.o)
                0x00017228                GL_Widget_UnregisterCallback
 .text          0x00017240       0x24 C:/Program Files/TeliumSDK/SDK PatchF9.32.3.02/SDKTPLUS/HW_T2/gnu_434/lib/GRAPHICLIB.LIB(GL_Window_Create.o)
                0x0001724c                GL_Window_Create
 .text          0x00017264       0x24 C:/Program Files/TeliumSDK/SDK PatchF9.32.3.02/SDKTPLUS/HW_T2/gnu_434/lib/GRAPHICLIB.LIB(GL_Window_Dispatch.o)
                0x00017270                GL_Window_Dispatch
 .text          0x00017288       0x24 C:/Program Files/TeliumSDK/SDK PatchF9.32.3.02/SDKTPLUS/HW_T2/gnu_434/lib/GRAPHICLIB.LIB(GL_Window_GetResult.o)
                0x00017294                GL_Window_GetResult
 .text          0x000172ac       0x24 C:/Program Files/TeliumSDK/SDK PatchF9.32.3.02/SDKTPLUS/HW_T2/gnu_434/lib/GRAPHICLIB.LIB(GL_Window_MainLoop.o)
                0x000172b8                GL_Window_MainLoop
 .text          0x000172d0      0x114 C:/Program Files/TeliumSDK/SDK PatchF9.32.3.02/SDKTPLUS/HW_T2/gnu_434/lib/GRAPHICLIB.LIB(GL_link.o)
                0x000172d0                GL_IsPresent
                0x0001730c                GL_GetProcAddressWithoutExit
                0x000173a4                GL_GetProcAddress
 .text          0x000173e4       0x2c C:/Program Files/TeliumSDK/SDK PatchF9.32.3.02/SDKTPLUS/HW_T2/gnu_434/lib/GRAPHICLIB.LIB(gl_asm_link.o)
                0x000173e4                GL_InitFuncAndBranch
                0x000173f4                GL_Swi_ObjectLoad
                0x00017402                GL_Swi_DllLink
 .text          0x00017410       0x1c C:/Ingenico/IngeDev_8.18.0.5/toolchains/gnuArm4/arm-elf/lib/thumb/soft/interwork/libc.a(lib_a-calloc.o)
                0x00017410                calloc
 .text          0x0001742c        0x0 C:/Ingenico/IngeDev_8.18.0.5/toolchains/gnuArm4/arm-elf/lib/thumb/soft/interwork/libc.a(lib_a-ctype_.o)
 .text          0x0001742c        0xc C:/Ingenico/IngeDev_8.18.0.5/toolchains/gnuArm4/arm-elf/lib/thumb/soft/interwork/libc.a(lib_a-errno.o)
                0x0001742c                __errno
 .text          0x00017438        0x0 C:/Ingenico/IngeDev_8.18.0.5/toolchains/gnuArm4/arm-elf/lib/thumb/soft/interwork/libc.a(lib_a-impure.o)
 .text          0x00017438       0x28 C:/Ingenico/IngeDev_8.18.0.5/toolchains/gnuArm4/arm-elf/lib/thumb/soft/interwork/libc.a(lib_a-malloc.o)
                0x00017438                free
                0x0001744c                malloc
 .text          0x00017460       0x28 C:/Ingenico/IngeDev_8.18.0.5/toolchains/gnuArm4/arm-elf/lib/thumb/soft/interwork/libc.a(lib_a-memcmp.o)
                0x00017460                memcmp
 .text          0x00017488       0x1c C:/Ingenico/IngeDev_8.18.0.5/toolchains/gnuArm4/arm-elf/lib/thumb/soft/interwork/libc.a(lib_a-memcpy.o)
                0x00017488                memcpy
 .text          0x000174a4       0x10 C:/Ingenico/IngeDev_8.18.0.5/toolchains/gnuArm4/arm-elf/lib/thumb/soft/interwork/libc.a(lib_a-memset.o)
                0x000174a4                memset
 .text          0x000174b4       0x1c C:/Ingenico/IngeDev_8.18.0.5/toolchains/gnuArm4/arm-elf/lib/thumb/soft/interwork/libc.a(lib_a-realloc.o)
                0x000174b4                realloc
 .text          0x000174d0       0x1c C:/Ingenico/IngeDev_8.18.0.5/toolchains/gnuArm4/arm-elf/lib/thumb/soft/interwork/libc.a(lib_a-strchr.o)
                0x000174d0                strchr
 .text          0x000174ec       0x14 C:/Ingenico/IngeDev_8.18.0.5/toolchains/gnuArm4/arm-elf/lib/thumb/soft/interwork/libc.a(lib_a-strcmp.o)
                0x000174ec                strcmp
 .text          0x00017500       0x10 C:/Ingenico/IngeDev_8.18.0.5/toolchains/gnuArm4/arm-elf/lib/thumb/soft/interwork/libc.a(lib_a-strcpy.o)
                0x00017500                strcpy
 .text          0x00017510       0x10 C:/Ingenico/IngeDev_8.18.0.5/toolchains/gnuArm4/arm-elf/lib/thumb/soft/interwork/libc.a(lib_a-strlen.o)
                0x00017510                strlen
 .text          0x00017520       0x34 C:/Ingenico/IngeDev_8.18.0.5/toolchains/gnuArm4/arm-elf/lib/thumb/soft/interwork/libc.a(lib_a-strncpy.o)
                0x00017520                strncpy
 .text          0x00017554       0x18 C:/Ingenico/IngeDev_8.18.0.5/toolchains/gnuArm4/arm-elf/lib/thumb/soft/interwork/libc.a(lib_a-strtok.o)
                0x00017554                strtok
 .text          0x0001756c       0x78 C:/Ingenico/IngeDev_8.18.0.5/toolchains/gnuArm4/arm-elf/lib/thumb/soft/interwork/libc.a(lib_a-strtok_r.o)
                0x0001756c                __strtok_r
                0x000175d8                strtok_r
 .text          0x000175e4      0x154 C:/Ingenico/IngeDev_8.18.0.5/toolchains/gnuArm4/arm-elf/lib/thumb/soft/interwork/libc.a(lib_a-strtol.o)
                0x000175e4                _strtol_r
                0x00017718                strtol
 .text          0x00017738       0x8c C:/Ingenico/IngeDev_8.18.0.5/toolchains/gnuArm4/lib/gcc/arm-elf/4.3.4/thumb/soft/interwork/libgcc.a(_udivsi3.o)
                0x00017738                __udivsi3
                0x00017738                __aeabi_uidiv
                0x000177b4                __aeabi_uidivmod
 .text          0x000177c4       0xa4 C:/Ingenico/IngeDev_8.18.0.5/toolchains/gnuArm4/lib/gcc/arm-elf/4.3.4/thumb/soft/interwork/libgcc.a(_divsi3.o)
                0x000177c4                __aeabi_idiv
                0x000177c4                __divsi3
                0x00017858                __aeabi_idivmod
 .text          0x00017868       0xc8 C:/Ingenico/IngeDev_8.18.0.5/toolchains/gnuArm4/lib/gcc/arm-elf/4.3.4/thumb/soft/interwork/libgcc.a(_umodsi3.o)
                0x00017868                __umodsi3
 .text          0x00017930       0xd8 C:/Ingenico/IngeDev_8.18.0.5/toolchains/gnuArm4/lib/gcc/arm-elf/4.3.4/thumb/soft/interwork/libgcc.a(_modsi3.o)
                0x00017930                __modsi3
 .text          0x00017a08        0x4 C:/Ingenico/IngeDev_8.18.0.5/toolchains/gnuArm4/lib/gcc/arm-elf/4.3.4/thumb/soft/interwork/libgcc.a(_dvmd_tls.o)
                0x00017a08                __aeabi_ldiv0
                0x00017a08                __div0
                0x00017a08                __aeabi_idiv0
 .text          0x00017a0c      0x430 C:/Ingenico/IngeDev_8.18.0.5/toolchains/gnuArm4/lib/gcc/arm-elf/4.3.4/thumb/soft/interwork/libgcc.a(_addsubdf3.o)
                0x00017a0c                __aeabi_drsub
                0x00017a14                __subdf3
                0x00017a14                __aeabi_dsub
                0x00017a18                __aeabi_dadd
                0x00017a18                __adddf3
                0x00017d28                __aeabi_ui2d
                0x00017d28                __floatunsidf
                0x00017d50                __floatsidf
                0x00017d50                __aeabi_i2d
                0x00017d7c                __extendsfdf2
                0x00017d7c                __aeabi_f2d
                0x00017dbc                __aeabi_ul2d
                0x00017dbc                __floatundidf
                0x00017dd0                __aeabi_l2d
                0x00017dd0                __floatdidf
 .text          0x00017e3c      0x140 C:/Ingenico/IngeDev_8.18.0.5/toolchains/gnuArm4/lib/gcc/arm-elf/4.3.4/thumb/soft/interwork/libgcc.a(_cmpdf2.o)
                0x00017e3c                __gtdf2
                0x00017e3c                __gedf2
                0x00017e44                __ltdf2
                0x00017e44                __ledf2
                0x00017e4c                __eqdf2
                0x00017e4c                __nedf2
                0x00017e4c                __cmpdf2
                0x00017ed0                __aeabi_cdrcmple
                0x00017eec                __aeabi_cdcmple
                0x00017eec                __aeabi_cdcmpeq
                0x00017f04                __aeabi_dcmpeq
                0x00017f1c                __aeabi_dcmplt
                0x00017f34                __aeabi_dcmple
                0x00017f4c                __aeabi_dcmpge
                0x00017f64                __aeabi_dcmpgt
 .text          0x00017f7c      0x110 C:/Ingenico/IngeDev_8.18.0.5/toolchains/gnuArm4/lib/gcc/arm-elf/4.3.4/thumb/soft/interwork/libgcc.a(_cmpsf2.o)
                0x00017f7c                __gesf2
                0x00017f7c                __gtsf2
                0x00017f84                __ltsf2
                0x00017f84                __lesf2
                0x00017f8c                __nesf2
                0x00017f8c                __eqsf2
                0x00017f8c                __cmpsf2
                0x00017fec                __aeabi_cfrcmple
                0x00017ffc                __aeabi_cfcmpeq
                0x00017ffc                __aeabi_cfcmple
                0x00018014                __aeabi_fcmpeq
                0x0001802c                __aeabi_fcmplt
                0x00018044                __aeabi_fcmple
                0x0001805c                __aeabi_fcmpge
                0x00018074                __aeabi_fcmpgt
 .text          0x0001808c       0x70 C:/Ingenico/IngeDev_8.18.0.5/toolchains/gnuArm4/lib/gcc/arm-elf/4.3.4/thumb/soft/interwork/libgcc.a(_muldi3.o)
                0x0001808c                __muldi3
 .text          0x000180fc        0xe C:/Program Files/TeliumSDK/SDK PatchF9.32.3.02/SDKTPLUS/HW_T2/gnu_434/lib/TRAP_TELIUM_PLUS.LIB(upload_diagnostic_txt.o)
                0x000180fc                upload_diagnostic_txt
 *fill*         0x0001810a        0x6 00
 .text.stub     0x00018110       0x20 linker stubs
 *(.gnu.linkonce.t.*)
 *(.strings .strings.*)
 *(.glue_7)
 .glue_7        0x00000000        0x0 linker stubs
 *(.glue_7t)
 .glue_7t       0x00000000        0x0 linker stubs
 *(.gcc_except_table)

.vfp11_veneer   0x00018130        0x0
 .vfp11_veneer  0x00000000        0x0 linker stubs

.v4_bx          0x00018130        0x0
 .v4_bx         0x00000000        0x0 linker stubs

.eh_frame
 *(.eh_frame)

.jcr
 *(.jcr)

.ctors          0x00018130        0x0
                0x00018130                __ctors_start = .
 *(SORT(.ctors.*))
 *(.ctors)
                0x00018130                __ctors_end = .

.dtors          0x00018130        0x0
                0x00018130                __dtors_start = .
 *(SORT(.dtors.*))
 *(.dtors)
                0x00018130                __dtors_end = .

.rodata         0x00018130     0x36c6
 *(.rodata .rodata.*)
 .rodata        0x00018130       0x18 C:/Program Files/TeliumSDK/SDK PatchF9.32.3.02/SDKTPLUS/HW_T2/gnu_434/startfiles/cstartupTplus.o
 .rodata        0x00018148       0xb0 Obj/GNU_ARM_DEBUG_T2/Main.o
 .rodata        0x000181f8      0x3fc Obj/GNU_ARM_DEBUG_T2/Entry.o
 .rodata        0x000185f4      0x5e8 Obj/GNU_ARM_DEBUG_T2/Menu.o
 .rodata        0x00018bdc      0x524 Obj/GNU_ARM_DEBUG_T2/dynamic_arrays.o
 .rodata        0x00019100       0xd8 Obj/GNU_ARM_DEBUG_T2/file_schema.o
 .rodata        0x000191d8      0x798 Obj/GNU_ARM_DEBUG_T2/iofile.o
 .rodata        0x00019970      0x890 Obj/GNU_ARM_DEBUG_T2/lists.o
 .rodata        0x0001a200       0xb0 Obj/GNU_ARM_DEBUG_T2/Goal.o
 .rodata        0x0001a2b0      0xd68 Obj/GNU_ARM_DEBUG_T2/main_processing.o
 .rodata        0x0001b018       0x30 Obj/GNU_ARM_DEBUG_T2/log.o
 .rodata        0x0001b048      0x4c0 Obj/GNU_ARM_DEBUG_T2/Magnetic.o
 .rodata        0x0001b508      0x174 Obj/GNU_ARM_DEBUG_T2/Timer.o
 .rodata.str1.1
                0x0001b67c        0x8 C:/Program Files/TeliumSDK/SDK PatchF9.32.3.02/SDKTPLUS/HW_T2/gnu_434/lib/eft30tplus.lib(extenstp1.o)
 .rodata.str1.1
                0x00000000        0x8 C:/Program Files/TeliumSDK/SDK PatchF9.32.3.02/SDKTPLUS/HW_T2/gnu_434/lib/eft30tplus.lib(toolstp1.o)
 .rodata.str1.1
                0x0001b684       0x6a C:/Program Files/TeliumSDK/SDK PatchF9.32.3.02/SDKTPLUS/HW_T2/gnu_434/lib/GRAPHICLIB.LIB(GL_link.o)
 .rodata        0x0001b6ee      0x101 C:/Ingenico/IngeDev_8.18.0.5/toolchains/gnuArm4/arm-elf/lib/thumb/soft/interwork/libc.a(lib_a-ctype_.o)
                0x0001b6ee                _ctype_
 *fill*         0x0001b7ef        0x1 00
 .rodata        0x0001b7f0        0x4 C:/Ingenico/IngeDev_8.18.0.5/toolchains/gnuArm4/arm-elf/lib/thumb/soft/interwork/libc.a(lib_a-impure.o)
                0x0001b7f0                _global_impure_ptr
 .rodata.str1.1
                0x0001b7f4        0x2 C:/Ingenico/IngeDev_8.18.0.5/toolchains/gnuArm4/arm-elf/lib/thumb/soft/interwork/libc.a(lib_a-impure.o)
 *(.gnu.linkonce.r.*)
                0x0001b7f6                __text_end = .
                0x00200000                . = 0x200000

.data           0x00200000      0xa9c load address 0x0001b7f6
                0x00200000                __data_start = .
 *(.data .data.*)
 .data          0x00200000        0x8 C:/Program Files/TeliumSDK/SDK PatchF9.32.3.02/SDKTPLUS/HW_T2/gnu_434/startfiles/cstartupTplus.o
                0x00200000                __stack_chk_guard
                0x00200004                __dso_handle
 .data          0x00200008        0x0 C:/Program Files/TeliumSDK/SDK PatchF9.32.3.02/SDKTPLUS/HW_T2/gnu_434/startfiles/libcpatch.o
 .data          0x00200008        0x0 Obj/GNU_ARM_DEBUG_T2/Main.o
 .data          0x00200008      0x114 Obj/GNU_ARM_DEBUG_T2/Entry.o
                0x00200110                ERROR_FILE
                0x00200114                LOG_FILE
                0x00200118                BACKUP_FILE_SCHEMA
 .data          0x0020011c        0x0 Obj/GNU_ARM_DEBUG_T2/Menu.o
 .data          0x0020011c        0x0 Obj/GNU_ARM_DEBUG_T2/dynamic_array_template.o
 .data          0x0020011c        0x0 Obj/GNU_ARM_DEBUG_T2/dynamic_arrays.o
 .data          0x0020011c        0x0 Obj/GNU_ARM_DEBUG_T2/file_schema.o
 .data          0x0020011c        0x0 Obj/GNU_ARM_DEBUG_T2/iofile.o
 .data          0x0020011c        0x0 Obj/GNU_ARM_DEBUG_T2/list_template.o
 .data          0x0020011c        0x0 Obj/GNU_ARM_DEBUG_T2/lists.o
 .data          0x0020011c        0x0 Obj/GNU_ARM_DEBUG_T2/Goal.o
 .data          0x0020011c        0x8 Obj/GNU_ARM_DEBUG_T2/main_processing.o
                0x0020011c                TERMINAL_DATA_DIR
                0x00200120                GOODS_FILE_FORMAT
 .data          0x00200124       0x60 Obj/GNU_ARM_DEBUG_T2/log.o
                0x00200124                line_prop
 .data          0x00200184        0x0 Obj/GNU_ARM_DEBUG_T2/Magnetic.o
 .data          0x00200184        0x0 Obj/GNU_ARM_DEBUG_T2/Timer.o
 .data          0x00200184        0x4 C:/Program Files/TeliumSDK/SDK PatchF9.32.3.02/SDKTPLUS/HW_T2/gnu_434/lib/eft30tplus.lib(DisplayFooter.o)
 .data          0x00200188        0x4 C:/Program Files/TeliumSDK/SDK PatchF9.32.3.02/SDKTPLUS/HW_T2/gnu_434/lib/eft30tplus.lib(DisplayHeader.o)
 .data          0x0020018c        0x4 C:/Program Files/TeliumSDK/SDK PatchF9.32.3.02/SDKTPLUS/HW_T2/gnu_434/lib/eft30tplus.lib(DisplayLeds.o)
 .data          0x00200190        0x4 C:/Program Files/TeliumSDK/SDK PatchF9.32.3.02/SDKTPLUS/HW_T2/gnu_434/lib/eft30tplus.lib(Telium_Read_date.o)
 .data          0x00200194        0x4 C:/Program Files/TeliumSDK/SDK PatchF9.32.3.02/SDKTPLUS/HW_T2/gnu_434/lib/eft30tplus.lib(IsColorDisplay.o)
 .data          0x00200198        0x4 C:/Program Files/TeliumSDK/SDK PatchF9.32.3.02/SDKTPLUS/HW_T2/gnu_434/lib/eft30tplus.lib(IsISO1.o)
 .data          0x0020019c        0x4 C:/Program Files/TeliumSDK/SDK PatchF9.32.3.02/SDKTPLUS/HW_T2/gnu_434/lib/eft30tplus.lib(IsISO2.o)
 .data          0x002001a0        0x4 C:/Program Files/TeliumSDK/SDK PatchF9.32.3.02/SDKTPLUS/HW_T2/gnu_434/lib/eft30tplus.lib(IsISO3.o)
 .data          0x002001a4        0x4 C:/Program Files/TeliumSDK/SDK PatchF9.32.3.02/SDKTPLUS/HW_T2/gnu_434/lib/eft30tplus.lib(IsPrinter.o)
 .data          0x002001a8        0x4 C:/Program Files/TeliumSDK/SDK PatchF9.32.3.02/SDKTPLUS/HW_T2/gnu_434/lib/eft30tplus.lib(Telium_ServiceRegister.o)
 .data          0x002001ac        0x0 C:/Program Files/TeliumSDK/SDK PatchF9.32.3.02/SDKTPLUS/HW_T2/gnu_434/lib/eft30tplus.lib(Telium_Fprintf.o)
 .data          0x002001ac        0x0 C:/Program Files/TeliumSDK/SDK PatchF9.32.3.02/SDKTPLUS/HW_T2/gnu_434/lib/eft30tplus.lib(Telium_Pprintf.o)
 .data          0x002001ac        0x0 C:/Program Files/TeliumSDK/SDK PatchF9.32.3.02/SDKTPLUS/HW_T2/gnu_434/lib/eft30tplus.lib(Telium_Stdprt.o)
 .data          0x002001ac        0x0 C:/Program Files/TeliumSDK/SDK PatchF9.32.3.02/SDKTPLUS/HW_T2/gnu_434/lib/eft30tplus.lib(sprintf.o)
 .data          0x002001ac        0x0 C:/Program Files/TeliumSDK/SDK PatchF9.32.3.02/SDKTPLUS/HW_T2/gnu_434/lib/eft30tplus.lib(extenstp1.o)
 .data          0x002001ac        0x0 C:/Program Files/TeliumSDK/SDK PatchF9.32.3.02/SDKTPLUS/HW_T2/gnu_434/lib/eft30tplus.lib(toolstp1.o)
 .data          0x002001ac        0x0 C:/Program Files/TeliumSDK/SDK PatchF9.32.3.02/SDKTPLUS/HW_T2/gnu_434/lib/OSLAYER.LIB(OSL_Dll_Close.o)
 .data          0x002001ac        0x0 C:/Program Files/TeliumSDK/SDK PatchF9.32.3.02/SDKTPLUS/HW_T2/gnu_434/lib/OSLAYER.LIB(OSL_Dll_GetSymbolByName.o)
 .data          0x002001ac        0x0 C:/Program Files/TeliumSDK/SDK PatchF9.32.3.02/SDKTPLUS/HW_T2/gnu_434/lib/OSLAYER.LIB(OSL_Dll_OpenByAppliType.o)
 .data          0x002001ac        0x0 C:/Program Files/TeliumSDK/SDK PatchF9.32.3.02/SDKTPLUS/HW_T2/gnu_434/lib/OSLAYER.LIB(OSL_TimeStp_ElapsedMs.o)
 .data          0x002001ac        0x0 C:/Program Files/TeliumSDK/SDK PatchF9.32.3.02/SDKTPLUS/HW_T2/gnu_434/lib/OSLAYER.LIB(OSL_TimeStp_Now.o)
 .data          0x002001ac        0x0 C:/Program Files/TeliumSDK/SDK PatchF9.32.3.02/SDKTPLUS/HW_T2/gnu_434/lib/TRAP_TELIUM_PLUS.LIB(ApplicationGetCurrent.o)
 .data          0x002001ac        0x0 C:/Program Files/TeliumSDK/SDK PatchF9.32.3.02/SDKTPLUS/HW_T2/gnu_434/lib/TRAP_TELIUM_PLUS.LIB(FS_close.o)
 .data          0x002001ac        0x0 C:/Program Files/TeliumSDK/SDK PatchF9.32.3.02/SDKTPLUS/HW_T2/gnu_434/lib/TRAP_TELIUM_PLUS.LIB(FS_length.o)
 .data          0x002001ac        0x0 C:/Program Files/TeliumSDK/SDK PatchF9.32.3.02/SDKTPLUS/HW_T2/gnu_434/lib/TRAP_TELIUM_PLUS.LIB(FS_mount.o)
 .data          0x002001ac        0x0 C:/Program Files/TeliumSDK/SDK PatchF9.32.3.02/SDKTPLUS/HW_T2/gnu_434/lib/TRAP_TELIUM_PLUS.LIB(FS_open.o)
 .data          0x002001ac        0x0 C:/Program Files/TeliumSDK/SDK PatchF9.32.3.02/SDKTPLUS/HW_T2/gnu_434/lib/TRAP_TELIUM_PLUS.LIB(FS_read.o)
 .data          0x002001ac        0x0 C:/Program Files/TeliumSDK/SDK PatchF9.32.3.02/SDKTPLUS/HW_T2/gnu_434/lib/TRAP_TELIUM_PLUS.LIB(FS_unmount.o)
 .data          0x002001ac        0x0 C:/Program Files/TeliumSDK/SDK PatchF9.32.3.02/SDKTPLUS/HW_T2/gnu_434/lib/TRAP_TELIUM_PLUS.LIB(ObjectGetInfo.o)
 .data          0x002001ac        0x0 C:/Program Files/TeliumSDK/SDK PatchF9.32.3.02/SDKTPLUS/HW_T2/gnu_434/lib/TRAP_TELIUM_PLUS.LIB(Telium_Exit.o)
 .data          0x002001ac        0x0 C:/Program Files/TeliumSDK/SDK PatchF9.32.3.02/SDKTPLUS/HW_T2/gnu_434/lib/TRAP_TELIUM_PLUS.LIB(Telium_Fclose.o)
 .data          0x002001ac        0x0 C:/Program Files/TeliumSDK/SDK PatchF9.32.3.02/SDKTPLUS/HW_T2/gnu_434/lib/TRAP_TELIUM_PLUS.LIB(Telium_Fopen.o)
 .data          0x002001ac        0x0 C:/Program Files/TeliumSDK/SDK PatchF9.32.3.02/SDKTPLUS/HW_T2/gnu_434/lib/TRAP_TELIUM_PLUS.LIB(Telium_Fread.o)
 .data          0x002001ac        0x0 C:/Program Files/TeliumSDK/SDK PatchF9.32.3.02/SDKTPLUS/HW_T2/gnu_434/lib/TRAP_TELIUM_PLUS.LIB(Telium_Is_iso1.o)
 .data          0x002001ac        0x0 C:/Program Files/TeliumSDK/SDK PatchF9.32.3.02/SDKTPLUS/HW_T2/gnu_434/lib/TRAP_TELIUM_PLUS.LIB(Telium_Is_iso2.o)
 .data          0x002001ac        0x0 C:/Program Files/TeliumSDK/SDK PatchF9.32.3.02/SDKTPLUS/HW_T2/gnu_434/lib/TRAP_TELIUM_PLUS.LIB(Telium_Is_iso3.o)
 .data          0x002001ac        0x0 C:/Program Files/TeliumSDK/SDK PatchF9.32.3.02/SDKTPLUS/HW_T2/gnu_434/lib/TRAP_TELIUM_PLUS.LIB(Telium_Mask_event.o)
 .data          0x002001ac        0x0 C:/Program Files/TeliumSDK/SDK PatchF9.32.3.02/SDKTPLUS/HW_T2/gnu_434/lib/TRAP_TELIUM_PLUS.LIB(Telium_Reset_buf.o)
 .data          0x002001ac        0x0 C:/Program Files/TeliumSDK/SDK PatchF9.32.3.02/SDKTPLUS/HW_T2/gnu_434/lib/TRAP_TELIUM_PLUS.LIB(Telium_Stdperif.o)
 .data          0x002001ac        0x0 C:/Program Files/TeliumSDK/SDK PatchF9.32.3.02/SDKTPLUS/HW_T2/gnu_434/lib/TRAP_TELIUM_PLUS.LIB(Telium_Ttestall.o)
 .data          0x002001ac        0x0 C:/Program Files/TeliumSDK/SDK PatchF9.32.3.02/SDKTPLUS/HW_T2/gnu_434/lib/TRAP_TELIUM_PLUS.LIB(Telium_Vfprintf.o)
 .data          0x002001ac        0x0 C:/Program Files/TeliumSDK/SDK PatchF9.32.3.02/SDKTPLUS/HW_T2/gnu_434/lib/TRAP_TELIUM_PLUS.LIB(Telium_Vsprintf.o)
 .data          0x002001ac        0x0 C:/Program Files/TeliumSDK/SDK PatchF9.32.3.02/SDKTPLUS/HW_T2/gnu_434/lib/TRAP_TELIUM_PLUS.LIB(buzzer.o)
 .data          0x002001ac        0x0 C:/Program Files/TeliumSDK/SDK PatchF9.32.3.02/SDKTPLUS/HW_T2/gnu_434/lib/TRAP_TELIUM_PLUS.LIB(first_init.o)
 .data          0x002001ac        0x0 C:/Program Files/TeliumSDK/SDK PatchF9.32.3.02/SDKTPLUS/HW_T2/gnu_434/lib/TRAP_TELIUM_PLUS.LIB(raz_init.o)
 .data          0x002001ac        0x0 C:/Program Files/TeliumSDK/SDK PatchF9.32.3.02/SDKTPLUS/HW_T2/gnu_434/lib/TRAP_TELIUM_PLUS.LIB(ufree.o)
 .data          0x002001ac        0x0 C:/Program Files/TeliumSDK/SDK PatchF9.32.3.02/SDKTPLUS/HW_T2/gnu_434/lib/TRAP_TELIUM_PLUS.LIB(umalloc.o)
 .data          0x002001ac        0x0 C:/Program Files/TeliumSDK/SDK PatchF9.32.3.02/SDKTPLUS/HW_T2/gnu_434/lib/TRAP_TELIUM_PLUS.LIB(urealloc.o)
 *fill*         0x002001ac        0x4 00
 .data          0x002001b0       0x10 C:/Program Files/TeliumSDK/SDK PatchF9.32.3.02/SDKTPLUS/HW_T2/gnu_434/lib/GRAPHICLIB.LIB(GL_Button_Create.o)
 .data          0x002001c0       0x10 C:/Program Files/TeliumSDK/SDK PatchF9.32.3.02/SDKTPLUS/HW_T2/gnu_434/lib/GRAPHICLIB.LIB(GL_Dialog_Choice.o)
 .data          0x002001d0       0x10 C:/Program Files/TeliumSDK/SDK PatchF9.32.3.02/SDKTPLUS/HW_T2/gnu_434/lib/GRAPHICLIB.LIB(GL_Dialog_File.o)
 .data          0x002001e0       0x10 C:/Program Files/TeliumSDK/SDK PatchF9.32.3.02/SDKTPLUS/HW_T2/gnu_434/lib/GRAPHICLIB.LIB(GL_Dialog_Menu.o)
 .data          0x002001f0       0x10 C:/Program Files/TeliumSDK/SDK PatchF9.32.3.02/SDKTPLUS/HW_T2/gnu_434/lib/GRAPHICLIB.LIB(GL_Dialog_Message.o)
 .data          0x00200200       0x10 C:/Program Files/TeliumSDK/SDK PatchF9.32.3.02/SDKTPLUS/HW_T2/gnu_434/lib/GRAPHICLIB.LIB(GL_Dialog_MultiChoice.o)
 .data          0x00200210       0x10 C:/Program Files/TeliumSDK/SDK PatchF9.32.3.02/SDKTPLUS/HW_T2/gnu_434/lib/GRAPHICLIB.LIB(GL_Dialog_Text.o)
 .data          0x00200220       0x10 C:/Program Files/TeliumSDK/SDK PatchF9.32.3.02/SDKTPLUS/HW_T2/gnu_434/lib/GRAPHICLIB.LIB(GL_Dialog_VirtualKeyboard.o)
 .data          0x00200230       0x10 C:/Program Files/TeliumSDK/SDK PatchF9.32.3.02/SDKTPLUS/HW_T2/gnu_434/lib/GRAPHICLIB.LIB(GL_Document_Create.o)
 .data          0x00200240       0x10 C:/Program Files/TeliumSDK/SDK PatchF9.32.3.02/SDKTPLUS/HW_T2/gnu_434/lib/GRAPHICLIB.LIB(GL_Document_Print.o)
 .data          0x00200250       0x10 C:/Program Files/TeliumSDK/SDK PatchF9.32.3.02/SDKTPLUS/HW_T2/gnu_434/lib/GRAPHICLIB.LIB(GL_Drawing_Clear.o)
 .data          0x00200260       0x10 C:/Program Files/TeliumSDK/SDK PatchF9.32.3.02/SDKTPLUS/HW_T2/gnu_434/lib/GRAPHICLIB.LIB(GL_Drawing_Create.o)
 .data          0x00200270       0x10 C:/Program Files/TeliumSDK/SDK PatchF9.32.3.02/SDKTPLUS/HW_T2/gnu_434/lib/GRAPHICLIB.LIB(GL_Drawing_DrawEllipse.o)
 .data          0x00200280       0x10 C:/Program Files/TeliumSDK/SDK PatchF9.32.3.02/SDKTPLUS/HW_T2/gnu_434/lib/GRAPHICLIB.LIB(GL_Drawing_DrawLine.o)
 .data          0x00200290       0x10 C:/Program Files/TeliumSDK/SDK PatchF9.32.3.02/SDKTPLUS/HW_T2/gnu_434/lib/GRAPHICLIB.LIB(GL_Drawing_DrawRect.o)
 .data          0x002002a0       0x10 C:/Program Files/TeliumSDK/SDK PatchF9.32.3.02/SDKTPLUS/HW_T2/gnu_434/lib/GRAPHICLIB.LIB(GL_Drawing_DrawText.o)
 .data          0x002002b0       0x10 C:/Program Files/TeliumSDK/SDK PatchF9.32.3.02/SDKTPLUS/HW_T2/gnu_434/lib/GRAPHICLIB.LIB(GL_Drawing_SetBrush.o)
 .data          0x002002c0       0x10 C:/Program Files/TeliumSDK/SDK PatchF9.32.3.02/SDKTPLUS/HW_T2/gnu_434/lib/GRAPHICLIB.LIB(GL_Drawing_SetFont.o)
 .data          0x002002d0       0x10 C:/Program Files/TeliumSDK/SDK PatchF9.32.3.02/SDKTPLUS/HW_T2/gnu_434/lib/GRAPHICLIB.LIB(GL_Drawing_SetPen.o)
 .data          0x002002e0       0x10 C:/Program Files/TeliumSDK/SDK PatchF9.32.3.02/SDKTPLUS/HW_T2/gnu_434/lib/GRAPHICLIB.LIB(GL_File_Close.o)
 .data          0x002002f0       0x10 C:/Program Files/TeliumSDK/SDK PatchF9.32.3.02/SDKTPLUS/HW_T2/gnu_434/lib/GRAPHICLIB.LIB(GL_File_Delete.o)
 .data          0x00200300       0x10 C:/Program Files/TeliumSDK/SDK PatchF9.32.3.02/SDKTPLUS/HW_T2/gnu_434/lib/GRAPHICLIB.LIB(GL_File_Open.o)
 .data          0x00200310       0x10 C:/Program Files/TeliumSDK/SDK PatchF9.32.3.02/SDKTPLUS/HW_T2/gnu_434/lib/GRAPHICLIB.LIB(GL_File_Read.o)
 .data          0x00200320       0x10 C:/Program Files/TeliumSDK/SDK PatchF9.32.3.02/SDKTPLUS/HW_T2/gnu_434/lib/GRAPHICLIB.LIB(GL_File_Seek.o)
 .data          0x00200330       0x10 C:/Program Files/TeliumSDK/SDK PatchF9.32.3.02/SDKTPLUS/HW_T2/gnu_434/lib/GRAPHICLIB.LIB(GL_File_Write.o)
 .data          0x00200340       0x10 C:/Program Files/TeliumSDK/SDK PatchF9.32.3.02/SDKTPLUS/HW_T2/gnu_434/lib/GRAPHICLIB.LIB(GL_GraphicLib_BindSingleKey.o)
 .data          0x00200350        0x4 C:/Program Files/TeliumSDK/SDK PatchF9.32.3.02/SDKTPLUS/HW_T2/gnu_434/lib/GRAPHICLIB.LIB(GL_GraphicLib_Create.o)
 *fill*         0x00200354        0xc 00
 .data          0x00200360       0x10 C:/Program Files/TeliumSDK/SDK PatchF9.32.3.02/SDKTPLUS/HW_T2/gnu_434/lib/GRAPHICLIB.LIB(GL_GraphicLib_IsTouchPresent.o)
 .data          0x00200370       0x10 C:/Program Files/TeliumSDK/SDK PatchF9.32.3.02/SDKTPLUS/HW_T2/gnu_434/lib/GRAPHICLIB.LIB(GL_GraphicLib_SetCharset.o)
 .data          0x00200380       0x10 C:/Program Files/TeliumSDK/SDK PatchF9.32.3.02/SDKTPLUS/HW_T2/gnu_434/lib/GRAPHICLIB.LIB(GL_GraphicLib_UnbindKey.o)
 .data          0x00200390       0x10 C:/Program Files/TeliumSDK/SDK PatchF9.32.3.02/SDKTPLUS/HW_T2/gnu_434/lib/GRAPHICLIB.LIB(GL_Label_Create.o)
 .data          0x002003a0       0x10 C:/Program Files/TeliumSDK/SDK PatchF9.32.3.02/SDKTPLUS/HW_T2/gnu_434/lib/GRAPHICLIB.LIB(GL_Layout_Create.o)
 .data          0x002003b0       0x10 C:/Program Files/TeliumSDK/SDK PatchF9.32.3.02/SDKTPLUS/HW_T2/gnu_434/lib/GRAPHICLIB.LIB(GL_Message_GetKey.o)
 .data          0x002003c0       0x10 C:/Program Files/TeliumSDK/SDK PatchF9.32.3.02/SDKTPLUS/HW_T2/gnu_434/lib/GRAPHICLIB.LIB(GL_Message_GetWidget.o)
 .data          0x002003d0       0x10 C:/Program Files/TeliumSDK/SDK PatchF9.32.3.02/SDKTPLUS/HW_T2/gnu_434/lib/GRAPHICLIB.LIB(GL_Message_GetWidgetById.o)
 .data          0x002003e0       0x10 C:/Program Files/TeliumSDK/SDK PatchF9.32.3.02/SDKTPLUS/HW_T2/gnu_434/lib/GRAPHICLIB.LIB(GL_Message_SetResult.o)
 .data          0x002003f0       0x10 C:/Program Files/TeliumSDK/SDK PatchF9.32.3.02/SDKTPLUS/HW_T2/gnu_434/lib/GRAPHICLIB.LIB(GL_Message_SetUserData.o)
 .data          0x00200400       0x10 C:/Program Files/TeliumSDK/SDK PatchF9.32.3.02/SDKTPLUS/HW_T2/gnu_434/lib/GRAPHICLIB.LIB(GL_Picture_Create.o)
 .data          0x00200410       0x10 C:/Program Files/TeliumSDK/SDK PatchF9.32.3.02/SDKTPLUS/HW_T2/gnu_434/lib/GRAPHICLIB.LIB(GL_Print_Create.o)
 .data          0x00200420       0x10 C:/Program Files/TeliumSDK/SDK PatchF9.32.3.02/SDKTPLUS/HW_T2/gnu_434/lib/GRAPHICLIB.LIB(GL_Timer_Create.o)
 .data          0x00200430       0x10 C:/Program Files/TeliumSDK/SDK PatchF9.32.3.02/SDKTPLUS/HW_T2/gnu_434/lib/GRAPHICLIB.LIB(GL_Timer_SetInterval.o)
 .data          0x00200440       0x10 C:/Program Files/TeliumSDK/SDK PatchF9.32.3.02/SDKTPLUS/HW_T2/gnu_434/lib/GRAPHICLIB.LIB(GL_Timer_Stop.o)
 .data          0x00200450       0x10 C:/Program Files/TeliumSDK/SDK PatchF9.32.3.02/SDKTPLUS/HW_T2/gnu_434/lib/GRAPHICLIB.LIB(GL_Widget_Destroy.o)
 .data          0x00200460       0x10 C:/Program Files/TeliumSDK/SDK PatchF9.32.3.02/SDKTPLUS/HW_T2/gnu_434/lib/GRAPHICLIB.LIB(GL_Widget_GetBackColor.o)
 .data          0x00200470       0x10 C:/Program Files/TeliumSDK/SDK PatchF9.32.3.02/SDKTPLUS/HW_T2/gnu_434/lib/GRAPHICLIB.LIB(GL_Widget_GetUserData.o)
 .data          0x00200480       0x10 C:/Program Files/TeliumSDK/SDK PatchF9.32.3.02/SDKTPLUS/HW_T2/gnu_434/lib/GRAPHICLIB.LIB(GL_Widget_RegisterCallback.o)
 .data          0x00200490       0x10 C:/Program Files/TeliumSDK/SDK PatchF9.32.3.02/SDKTPLUS/HW_T2/gnu_434/lib/GRAPHICLIB.LIB(GL_Widget_SearchId.o)
 .data          0x002004a0       0x10 C:/Program Files/TeliumSDK/SDK PatchF9.32.3.02/SDKTPLUS/HW_T2/gnu_434/lib/GRAPHICLIB.LIB(GL_Widget_SetBackAlign.o)
 .data          0x002004b0       0x10 C:/Program Files/TeliumSDK/SDK PatchF9.32.3.02/SDKTPLUS/HW_T2/gnu_434/lib/GRAPHICLIB.LIB(GL_Widget_SetBackColor.o)
 .data          0x002004c0       0x10 C:/Program Files/TeliumSDK/SDK PatchF9.32.3.02/SDKTPLUS/HW_T2/gnu_434/lib/GRAPHICLIB.LIB(GL_Widget_SetBorders.o)
 .data          0x002004d0       0x10 C:/Program Files/TeliumSDK/SDK PatchF9.32.3.02/SDKTPLUS/HW_T2/gnu_434/lib/GRAPHICLIB.LIB(GL_Widget_SetExpand.o)
 .data          0x002004e0       0x10 C:/Program Files/TeliumSDK/SDK PatchF9.32.3.02/SDKTPLUS/HW_T2/gnu_434/lib/GRAPHICLIB.LIB(GL_Widget_SetFocusable.o)
 .data          0x002004f0       0x10 C:/Program Files/TeliumSDK/SDK PatchF9.32.3.02/SDKTPLUS/HW_T2/gnu_434/lib/GRAPHICLIB.LIB(GL_Widget_SetFontName.o)
 .data          0x00200500       0x10 C:/Program Files/TeliumSDK/SDK PatchF9.32.3.02/SDKTPLUS/HW_T2/gnu_434/lib/GRAPHICLIB.LIB(GL_Widget_SetFontScale.o)
 .data          0x00200510       0x10 C:/Program Files/TeliumSDK/SDK PatchF9.32.3.02/SDKTPLUS/HW_T2/gnu_434/lib/GRAPHICLIB.LIB(GL_Widget_SetFontStyle.o)
 .data          0x00200520       0x10 C:/Program Files/TeliumSDK/SDK PatchF9.32.3.02/SDKTPLUS/HW_T2/gnu_434/lib/GRAPHICLIB.LIB(GL_Widget_SetForeColor.o)
 .data          0x00200530       0x10 C:/Program Files/TeliumSDK/SDK PatchF9.32.3.02/SDKTPLUS/HW_T2/gnu_434/lib/GRAPHICLIB.LIB(GL_Widget_SetGrow.o)
 .data          0x00200540       0x10 C:/Program Files/TeliumSDK/SDK PatchF9.32.3.02/SDKTPLUS/HW_T2/gnu_434/lib/GRAPHICLIB.LIB(GL_Widget_SetId.o)
 .data          0x00200550       0x10 C:/Program Files/TeliumSDK/SDK PatchF9.32.3.02/SDKTPLUS/HW_T2/gnu_434/lib/GRAPHICLIB.LIB(GL_Widget_SetItem.o)
 .data          0x00200560       0x10 C:/Program Files/TeliumSDK/SDK PatchF9.32.3.02/SDKTPLUS/HW_T2/gnu_434/lib/GRAPHICLIB.LIB(GL_Widget_SetMargins.o)
 .data          0x00200570       0x10 C:/Program Files/TeliumSDK/SDK PatchF9.32.3.02/SDKTPLUS/HW_T2/gnu_434/lib/GRAPHICLIB.LIB(GL_Widget_SetMinSize.o)
 .data          0x00200580       0x10 C:/Program Files/TeliumSDK/SDK PatchF9.32.3.02/SDKTPLUS/HW_T2/gnu_434/lib/GRAPHICLIB.LIB(GL_Widget_SetShortcut.o)
 .data          0x00200590       0x10 C:/Program Files/TeliumSDK/SDK PatchF9.32.3.02/SDKTPLUS/HW_T2/gnu_434/lib/GRAPHICLIB.LIB(GL_Widget_SetShrink.o)
 .data          0x002005a0       0x10 C:/Program Files/TeliumSDK/SDK PatchF9.32.3.02/SDKTPLUS/HW_T2/gnu_434/lib/GRAPHICLIB.LIB(GL_Widget_SetSize.o)
 .data          0x002005b0       0x10 C:/Program Files/TeliumSDK/SDK PatchF9.32.3.02/SDKTPLUS/HW_T2/gnu_434/lib/GRAPHICLIB.LIB(GL_Widget_SetSource.o)
 .data          0x002005c0       0x10 C:/Program Files/TeliumSDK/SDK PatchF9.32.3.02/SDKTPLUS/HW_T2/gnu_434/lib/GRAPHICLIB.LIB(GL_Widget_SetText.o)
 .data          0x002005d0       0x10 C:/Program Files/TeliumSDK/SDK PatchF9.32.3.02/SDKTPLUS/HW_T2/gnu_434/lib/GRAPHICLIB.LIB(GL_Widget_SetTextAlign.o)
 .data          0x002005e0       0x10 C:/Program Files/TeliumSDK/SDK PatchF9.32.3.02/SDKTPLUS/HW_T2/gnu_434/lib/GRAPHICLIB.LIB(GL_Widget_SetTextPaddings.o)
 .data          0x002005f0       0x10 C:/Program Files/TeliumSDK/SDK PatchF9.32.3.02/SDKTPLUS/HW_T2/gnu_434/lib/GRAPHICLIB.LIB(GL_Widget_SetTransformation.o)
 .data          0x00200600       0x10 C:/Program Files/TeliumSDK/SDK PatchF9.32.3.02/SDKTPLUS/HW_T2/gnu_434/lib/GRAPHICLIB.LIB(GL_Widget_SetVisible.o)
 .data          0x00200610       0x10 C:/Program Files/TeliumSDK/SDK PatchF9.32.3.02/SDKTPLUS/HW_T2/gnu_434/lib/GRAPHICLIB.LIB(GL_Widget_SetWrap.o)
 .data          0x00200620       0x10 C:/Program Files/TeliumSDK/SDK PatchF9.32.3.02/SDKTPLUS/HW_T2/gnu_434/lib/GRAPHICLIB.LIB(GL_Widget_UnregisterCallback.o)
 .data          0x00200630       0x10 C:/Program Files/TeliumSDK/SDK PatchF9.32.3.02/SDKTPLUS/HW_T2/gnu_434/lib/GRAPHICLIB.LIB(GL_Window_Create.o)
 .data          0x00200640       0x10 C:/Program Files/TeliumSDK/SDK PatchF9.32.3.02/SDKTPLUS/HW_T2/gnu_434/lib/GRAPHICLIB.LIB(GL_Window_Dispatch.o)
 .data          0x00200650       0x10 C:/Program Files/TeliumSDK/SDK PatchF9.32.3.02/SDKTPLUS/HW_T2/gnu_434/lib/GRAPHICLIB.LIB(GL_Window_GetResult.o)
 .data          0x00200660       0x10 C:/Program Files/TeliumSDK/SDK PatchF9.32.3.02/SDKTPLUS/HW_T2/gnu_434/lib/GRAPHICLIB.LIB(GL_Window_MainLoop.o)
 .data          0x00200670        0x0 C:/Program Files/TeliumSDK/SDK PatchF9.32.3.02/SDKTPLUS/HW_T2/gnu_434/lib/GRAPHICLIB.LIB(GL_link.o)
 .data          0x00200670        0x0 C:/Program Files/TeliumSDK/SDK PatchF9.32.3.02/SDKTPLUS/HW_T2/gnu_434/lib/GRAPHICLIB.LIB(gl_asm_link.o)
 .data          0x00200670        0x0 C:/Ingenico/IngeDev_8.18.0.5/toolchains/gnuArm4/arm-elf/lib/thumb/soft/interwork/libc.a(lib_a-calloc.o)
 .data          0x00200670        0x4 C:/Ingenico/IngeDev_8.18.0.5/toolchains/gnuArm4/arm-elf/lib/thumb/soft/interwork/libc.a(lib_a-ctype_.o)
                0x00200670                __ctype_ptr__
 .data          0x00200674        0x0 C:/Ingenico/IngeDev_8.18.0.5/toolchains/gnuArm4/arm-elf/lib/thumb/soft/interwork/libc.a(lib_a-errno.o)
 .data          0x00200674      0x428 C:/Ingenico/IngeDev_8.18.0.5/toolchains/gnuArm4/arm-elf/lib/thumb/soft/interwork/libc.a(lib_a-impure.o)
                0x00200674                _impure_ptr
 .data          0x00200a9c        0x0 C:/Ingenico/IngeDev_8.18.0.5/toolchains/gnuArm4/arm-elf/lib/thumb/soft/interwork/libc.a(lib_a-malloc.o)
 .data          0x00200a9c        0x0 C:/Ingenico/IngeDev_8.18.0.5/toolchains/gnuArm4/arm-elf/lib/thumb/soft/interwork/libc.a(lib_a-memcmp.o)
 .data          0x00200a9c        0x0 C:/Ingenico/IngeDev_8.18.0.5/toolchains/gnuArm4/arm-elf/lib/thumb/soft/interwork/libc.a(lib_a-memcpy.o)
 .data          0x00200a9c        0x0 C:/Ingenico/IngeDev_8.18.0.5/toolchains/gnuArm4/arm-elf/lib/thumb/soft/interwork/libc.a(lib_a-memset.o)
 .data          0x00200a9c        0x0 C:/Ingenico/IngeDev_8.18.0.5/toolchains/gnuArm4/arm-elf/lib/thumb/soft/interwork/libc.a(lib_a-realloc.o)
 .data          0x00200a9c        0x0 C:/Ingenico/IngeDev_8.18.0.5/toolchains/gnuArm4/arm-elf/lib/thumb/soft/interwork/libc.a(lib_a-strchr.o)
 .data          0x00200a9c        0x0 C:/Ingenico/IngeDev_8.18.0.5/toolchains/gnuArm4/arm-elf/lib/thumb/soft/interwork/libc.a(lib_a-strcmp.o)
 .data          0x00200a9c        0x0 C:/Ingenico/IngeDev_8.18.0.5/toolchains/gnuArm4/arm-elf/lib/thumb/soft/interwork/libc.a(lib_a-strcpy.o)
 .data          0x00200a9c        0x0 C:/Ingenico/IngeDev_8.18.0.5/toolchains/gnuArm4/arm-elf/lib/thumb/soft/interwork/libc.a(lib_a-strlen.o)
 .data          0x00200a9c        0x0 C:/Ingenico/IngeDev_8.18.0.5/toolchains/gnuArm4/arm-elf/lib/thumb/soft/interwork/libc.a(lib_a-strncpy.o)
 .data          0x00200a9c        0x0 C:/Ingenico/IngeDev_8.18.0.5/toolchains/gnuArm4/arm-elf/lib/thumb/soft/interwork/libc.a(lib_a-strtok.o)
 .data          0x00200a9c        0x0 C:/Ingenico/IngeDev_8.18.0.5/toolchains/gnuArm4/arm-elf/lib/thumb/soft/interwork/libc.a(lib_a-strtok_r.o)
 .data          0x00200a9c        0x0 C:/Ingenico/IngeDev_8.18.0.5/toolchains/gnuArm4/arm-elf/lib/thumb/soft/interwork/libc.a(lib_a-strtol.o)
 .data          0x00200a9c        0x0 C:/Ingenico/IngeDev_8.18.0.5/toolchains/gnuArm4/lib/gcc/arm-elf/4.3.4/thumb/soft/interwork/libgcc.a(_udivsi3.o)
 .data          0x00200a9c        0x0 C:/Ingenico/IngeDev_8.18.0.5/toolchains/gnuArm4/lib/gcc/arm-elf/4.3.4/thumb/soft/interwork/libgcc.a(_divsi3.o)
 .data          0x00200a9c        0x0 C:/Ingenico/IngeDev_8.18.0.5/toolchains/gnuArm4/lib/gcc/arm-elf/4.3.4/thumb/soft/interwork/libgcc.a(_umodsi3.o)
 .data          0x00200a9c        0x0 C:/Ingenico/IngeDev_8.18.0.5/toolchains/gnuArm4/lib/gcc/arm-elf/4.3.4/thumb/soft/interwork/libgcc.a(_modsi3.o)
 .data          0x00200a9c        0x0 C:/Ingenico/IngeDev_8.18.0.5/toolchains/gnuArm4/lib/gcc/arm-elf/4.3.4/thumb/soft/interwork/libgcc.a(_dvmd_tls.o)
 .data          0x00200a9c        0x0 C:/Ingenico/IngeDev_8.18.0.5/toolchains/gnuArm4/lib/gcc/arm-elf/4.3.4/thumb/soft/interwork/libgcc.a(_addsubdf3.o)
 .data          0x00200a9c        0x0 C:/Ingenico/IngeDev_8.18.0.5/toolchains/gnuArm4/lib/gcc/arm-elf/4.3.4/thumb/soft/interwork/libgcc.a(_cmpdf2.o)
 .data          0x00200a9c        0x0 C:/Ingenico/IngeDev_8.18.0.5/toolchains/gnuArm4/lib/gcc/arm-elf/4.3.4/thumb/soft/interwork/libgcc.a(_cmpsf2.o)
 .data          0x00200a9c        0x0 C:/Ingenico/IngeDev_8.18.0.5/toolchains/gnuArm4/lib/gcc/arm-elf/4.3.4/thumb/soft/interwork/libgcc.a(_muldi3.o)
 .data          0x00200a9c        0x0 C:/Program Files/TeliumSDK/SDK PatchF9.32.3.02/SDKTPLUS/HW_T2/gnu_434/lib/TRAP_TELIUM_PLUS.LIB(upload_diagnostic_txt.o)
 *(.gnu.linkonce.d.*)
                0x00200a9c                __data_end = .

.bss            0x00200a9c       0x8c load address 0x0001c292
                0x00200a9c                __bss_start = .
 *(.bss .bss.*)
 .bss           0x00200a9c        0x0 C:/Program Files/TeliumSDK/SDK PatchF9.32.3.02/SDKTPLUS/HW_T2/gnu_434/startfiles/cstartupTplus.o
 .bss           0x00200a9c        0x0 C:/Program Files/TeliumSDK/SDK PatchF9.32.3.02/SDKTPLUS/HW_T2/gnu_434/startfiles/libcpatch.o
 .bss           0x00200a9c        0x0 Obj/GNU_ARM_DEBUG_T2/Main.o
 .bss           0x00200a9c       0x3c Obj/GNU_ARM_DEBUG_T2/Entry.o
                0x00200a9c                gGoalGraphicLibInstance
                0x00200aa0                file_schema
                0x00200aa4                error_log_file
                0x00200aa8                log_file
 .bss           0x00200ad8        0x8 Obj/GNU_ARM_DEBUG_T2/Menu.o
 .bss           0x00200ae0        0x0 Obj/GNU_ARM_DEBUG_T2/dynamic_array_template.o
 .bss           0x00200ae0        0x0 Obj/GNU_ARM_DEBUG_T2/dynamic_arrays.o
 .bss           0x00200ae0        0x0 Obj/GNU_ARM_DEBUG_T2/file_schema.o
 .bss           0x00200ae0        0x0 Obj/GNU_ARM_DEBUG_T2/iofile.o
 .bss           0x00200ae0        0x0 Obj/GNU_ARM_DEBUG_T2/list_template.o
 .bss           0x00200ae0        0x0 Obj/GNU_ARM_DEBUG_T2/lists.o
 .bss           0x00200ae0        0x0 Obj/GNU_ARM_DEBUG_T2/Goal.o
 .bss           0x00200ae0        0x0 Obj/GNU_ARM_DEBUG_T2/main_processing.o
 .bss           0x00200ae0        0x0 Obj/GNU_ARM_DEBUG_T2/log.o
 .bss           0x00200ae0        0x0 Obj/GNU_ARM_DEBUG_T2/Magnetic.o
 .bss           0x00200ae0       0x20 Obj/GNU_ARM_DEBUG_T2/Timer.o
 .bss           0x00200b00        0x0 C:/Program Files/TeliumSDK/SDK PatchF9.32.3.02/SDKTPLUS/HW_T2/gnu_434/lib/eft30tplus.lib(DisplayFooter.o)
 .bss           0x00200b00        0x0 C:/Program Files/TeliumSDK/SDK PatchF9.32.3.02/SDKTPLUS/HW_T2/gnu_434/lib/eft30tplus.lib(DisplayHeader.o)
 .bss           0x00200b00        0x0 C:/Program Files/TeliumSDK/SDK PatchF9.32.3.02/SDKTPLUS/HW_T2/gnu_434/lib/eft30tplus.lib(DisplayLeds.o)
 .bss           0x00200b00        0x0 C:/Program Files/TeliumSDK/SDK PatchF9.32.3.02/SDKTPLUS/HW_T2/gnu_434/lib/eft30tplus.lib(Telium_Read_date.o)
 .bss           0x00200b00        0x0 C:/Program Files/TeliumSDK/SDK PatchF9.32.3.02/SDKTPLUS/HW_T2/gnu_434/lib/eft30tplus.lib(IsColorDisplay.o)
 .bss           0x00200b00        0x0 C:/Program Files/TeliumSDK/SDK PatchF9.32.3.02/SDKTPLUS/HW_T2/gnu_434/lib/eft30tplus.lib(IsISO1.o)
 .bss           0x00200b00        0x0 C:/Program Files/TeliumSDK/SDK PatchF9.32.3.02/SDKTPLUS/HW_T2/gnu_434/lib/eft30tplus.lib(IsISO2.o)
 .bss           0x00200b00        0x0 C:/Program Files/TeliumSDK/SDK PatchF9.32.3.02/SDKTPLUS/HW_T2/gnu_434/lib/eft30tplus.lib(IsISO3.o)
 .bss           0x00200b00        0x0 C:/Program Files/TeliumSDK/SDK PatchF9.32.3.02/SDKTPLUS/HW_T2/gnu_434/lib/eft30tplus.lib(IsPrinter.o)
 .bss           0x00200b00        0x0 C:/Program Files/TeliumSDK/SDK PatchF9.32.3.02/SDKTPLUS/HW_T2/gnu_434/lib/eft30tplus.lib(Telium_ServiceRegister.o)
 .bss           0x00200b00        0x0 C:/Program Files/TeliumSDK/SDK PatchF9.32.3.02/SDKTPLUS/HW_T2/gnu_434/lib/eft30tplus.lib(Telium_Fprintf.o)
 .bss           0x00200b00        0x0 C:/Program Files/TeliumSDK/SDK PatchF9.32.3.02/SDKTPLUS/HW_T2/gnu_434/lib/eft30tplus.lib(Telium_Pprintf.o)
 .bss           0x00200b00        0x0 C:/Program Files/TeliumSDK/SDK PatchF9.32.3.02/SDKTPLUS/HW_T2/gnu_434/lib/eft30tplus.lib(Telium_Stdprt.o)