Archive member included because of file (symbol)

C:/Program Files/TeliumSDK/SDK PatchF9.32.3.02/SDKTPLUS/HW_T2/gnu_434/lib/eft30tplus.lib(DisplayFooter.o)
                              Obj/GNU_ARM_DEBUG_T2/Menu.o (DisplayFooter)
C:/Program Files/TeliumSDK/SDK PatchF9.32.3.02/SDKTPLUS/HW_T2/gnu_434/lib/eft30tplus.lib(DisplayHeader.o)
                              Obj/GNU_ARM_DEBUG_T2/Menu.o (DisplayHeader)
C:/Program Files/TeliumSDK/SDK PatchF9.32.3.02/SDKTPLUS/HW_T2/gnu_434/lib/eft30tplus.lib(DisplayLeds.o)
                              Obj/GNU_ARM_DEBUG_T2/Menu.o (DisplayLeds)
C:/Program Files/TeliumSDK/SDK PatchF9.32.3.02/SDKTPLUS/HW_T2/gnu_434/lib/eft30tplus.lib(Telium_Read_date.o)
                              Obj/GNU_ARM_DEBUG_T2/Entry.o (Telium_Read_date)
C:/Program Files/TeliumSDK/SDK PatchF9.32.3.02/SDKTPLUS/HW_T2/gnu_434/lib/eft30tplus.lib(IsColorDisplay.o)
                              Obj/GNU_ARM_DEBUG_T2/Goal.o (IsColorDisplay)
C:/Program Files/TeliumSDK/SDK PatchF9.32.3.02/SDKTPLUS/HW_T2/gnu_434/lib/eft30tplus.lib(IsISO1.o)
                              Obj/GNU_ARM_DEBUG_T2/Magnetic.o (IsISO1)
C:/Program Files/TeliumSDK/SDK PatchF9.32.3.02/SDKTPLUS/HW_T2/gnu_434/lib/eft30tplus.lib(IsISO2.o)
                              Obj/GNU_ARM_DEBUG_T2/main_processing.o (IsISO2)
C:/Program Files/TeliumSDK/SDK PatchF9.32.3.02/SDKTPLUS/HW_T2/gnu_434/lib/eft30tplus.lib(IsISO3.o)
                              Obj/GNU_ARM_DEBUG_T2/Magnetic.o (IsISO3)
C:/Program Files/TeliumSDK/SDK PatchF9.32.3.02/SDKTPLUS/HW_T2/gnu_434/lib/eft30tplus.lib(IsPrinter.o)
                              Obj/GNU_ARM_DEBUG_T2/Goal.o (IsPrinter)
C:/Program Files/TeliumSDK/SDK PatchF9.32.3.02/SDKTPLUS/HW_T2/gnu_434/lib/eft30tplus.lib(Telium_ServiceRegister.o)
                              Obj/GNU_ARM_DEBUG_T2/Entry.o (Telium_ServiceRegister)
C:/Program Files/TeliumSDK/SDK PatchF9.32.3.02/SDKTPLUS/HW_T2/gnu_434/lib/eft30tplus.lib(Telium_Fprintf.o)
                              Obj/GNU_ARM_DEBUG_T2/Menu.o (Telium_Fprintf)
C:/Program Files/TeliumSDK/SDK PatchF9.32.3.02/SDKTPLUS/HW_T2/gnu_434/lib/eft30tplus.lib(Telium_Pprintf.o)
                              Obj/GNU_ARM_DEBUG_T2/Entry.o (Telium_Pprintf)
C:/Program Files/TeliumSDK/SDK PatchF9.32.3.02/SDKTPLUS/HW_T2/gnu_434/lib/eft30tplus.lib(Telium_Stdprt.o)
                              C:/Program Files/TeliumSDK/SDK PatchF9.32.3.02/SDKTPLUS/HW_T2/gnu_434/lib/eft30tplus.lib(Telium_Pprintf.o) (Telium_Stdprt)
C:/Program Files/TeliumSDK/SDK PatchF9.32.3.02/SDKTPLUS/HW_T2/gnu_434/lib/eft30tplus.lib(sprintf.o)
                              Obj/GNU_ARM_DEBUG_T2/Entry.o (sprintf)
C:/Program Files/TeliumSDK/SDK PatchF9.32.3.02/SDKTPLUS/HW_T2/gnu_434/lib/eft30tplus.lib(extenstp1.o)
                              C:/Program Files/TeliumSDK/SDK PatchF9.32.3.02/SDKTPLUS/HW_T2/gnu_434/lib/eft30tplus.lib(DisplayFooter.o) (extenslib_open)
C:/Program Files/TeliumSDK/SDK PatchF9.32.3.02/SDKTPLUS/HW_T2/gnu_434/lib/eft30tplus.lib(toolstp1.o)
                              C:/Program Files/TeliumSDK/SDK PatchF9.32.3.02/SDKTPLUS/HW_T2/gnu_434/lib/eft30tplus.lib(Telium_Read_date.o) (toolslib_open)
C:/Program Files/TeliumSDK/SDK PatchF9.32.3.02/SDKTPLUS/HW_T2/gnu_434/lib/OSLAYER.LIB(OSL_Dll_Close.o)
                              C:/Program Files/TeliumSDK/SDK PatchF9.32.3.02/SDKTPLUS/HW_T2/gnu_434/lib/eft30tplus.lib(extenstp1.o) (OSL_Dll_Close)
C:/Program Files/TeliumSDK/SDK PatchF9.32.3.02/SDKTPLUS/HW_T2/gnu_434/lib/OSLAYER.LIB(OSL_Dll_GetSymbolByName.o)
                              C:/Program Files/TeliumSDK/SDK PatchF9.32.3.02/SDKTPLUS/HW_T2/gnu_434/lib/eft30tplus.lib(extenstp1.o) (OSL_Dll_GetSymbolByName)
C:/Program Files/TeliumSDK/SDK PatchF9.32.3.02/SDKTPLUS/HW_T2/gnu_434/lib/OSLAYER.LIB(OSL_Dll_OpenByAppliType.o)
                              C:/Program Files/TeliumSDK/SDK PatchF9.32.3.02/SDKTPLUS/HW_T2/gnu_434/lib/eft30tplus.lib(extenstp1.o) (OSL_Dll_OpenByAppliType)
C:/Program Files/TeliumSDK/SDK PatchF9.32.3.02/SDKTPLUS/HW_T2/gnu_434/lib/OSLAYER.LIB(OSL_TimeStp_ElapsedMs.o)
                              Obj/GNU_ARM_DEBUG_T2/Timer.o (OSL_TimeStp_ElapsedMs)
C:/Program Files/TeliumSDK/SDK PatchF9.32.3.02/SDKTPLUS/HW_T2/gnu_434/lib/OSLAYER.LIB(OSL_TimeStp_Now.o)
                              Obj/GNU_ARM_DEBUG_T2/Timer.o (OSL_TimeStp_Now)
C:/Program Files/TeliumSDK/SDK PatchF9.32.3.02/SDKTPLUS/HW_T2/gnu_434/lib/TRAP_TELIUM_PLUS.LIB(ApplicationGetCurrent.o)
                              Obj/GNU_ARM_DEBUG_T2/Main.o (ApplicationGetCurrent)
C:/Program Files/TeliumSDK/SDK PatchF9.32.3.02/SDKTPLUS/HW_T2/gnu_434/lib/TRAP_TELIUM_PLUS.LIB(FS_close.o)
                              Obj/GNU_ARM_DEBUG_T2/Entry.o (FS_close)
C:/Program Files/TeliumSDK/SDK PatchF9.32.3.02/SDKTPLUS/HW_T2/gnu_434/lib/TRAP_TELIUM_PLUS.LIB(FS_length.o)
                              Obj/GNU_ARM_DEBUG_T2/Entry.o (FS_length)
C:/Program Files/TeliumSDK/SDK PatchF9.32.3.02/SDKTPLUS/HW_T2/gnu_434/lib/TRAP_TELIUM_PLUS.LIB(FS_mount.o)
[...]
Memory Configuration

Name             Origin             Length             Attributes
*default*        0x00000000         0xffffffff

Linker script and memory map

                0x00001000                . = 0x1000
                0x00001000                __text_start = .

.text           0x00001000    0x16778
 *(.first)
 .first         0x00001000       0x8c C:/Program Files/TeliumSDK/SDK PatchF9.32.3.02/SDKTPLUS/HW_T2/gnu_434/startfiles/cstartupTplus.o
                0x00001000                _start
 *(.text .text.*)
 .text          0x0000108c      0x104 C:/Program Files/TeliumSDK/SDK PatchF9.32.3.02/SDKTPLUS/HW_T2/gnu_434/startfiles/cstartupTplus.o
                0x0000113c                __stack_chk_fail
 .text          0x00001190       0xc0 C:/Program Files/TeliumSDK/SDK PatchF9.32.3.02/SDKTPLUS/HW_T2/gnu_434/startfiles/libcpatch.o
                0x00001190                _calloc_r
                0x000011e0                _free_r
                0x000011fc                _malloc_r
                0x00001224                _realloc_r
 .text          0x00001250      0x290 Obj/GNU_ARM_DEBUG_T2/Main.o
                0x00001250                Main
 .text          0x000014e0      0xf10 Obj/GNU_ARM_DEBUG_T2/Entry.o
                0x000014e0                give_your_domain
                0x00001544                after_reset
                0x000015a0                is_name
                0x0000163c                is_state
                0x00001694                idle_message
                0x00001760                more_function
                0x00001794                keyboard_event
                0x00001800                state
                0x000018e4                consult
                0x00001998                mcall
                0x00001a4c                is_time_function
                0x00001aa4                time_function
                0x00001b18                is_change_init
                0x00001ba8                modif_param
                0x00001c38                is_evol_pg
                0x00001c90                is_delete
                0x00001cc8                file_received
                0x00001e48                message_received
                0x00001f00                is_card_specific
                0x00001f58                card_inside
                0x00001fac                is_for_you_after
                0x0000214c                debit_non_emv
                0x000022a4                give_interface
                0x00002308                entry
 .text          0x000023f0     0x168c Obj/GNU_ARM_DEBUG_T2/Menu.o
                0x000024b8                GL_SampleLayout
                0x00002624                GL_SampleDocument
                0x000028f4                SampleEvents
                0x000029fc                GL_SampleDialogText
                0x00002ae0                GL_SampleDialogVirtualKeyboard1
                0x00002bc0                GL_SampleDialogVirtualKeyboard2
                0x00002ca4                GL_SampleDialogVirtualKeyboard3
                0x00002d80                GL_SampleDialogMultiChoice
                0x00002e24                menuGoalDisplay
                0x00003950                initUIContext
                0x000039f8                releaseUIContext
 .text          0x00003a7c        0x0 Obj/GNU_ARM_DEBUG_T2/dynamic_array_template.o
 .text          0x00003a7c     0x3ac8 Obj/GNU_ARM_DEBUG_T2/dynamic_arrays.o
                0x00003a7c                create2_int
                0x00003b20                destroy2_int
                0x00003b60                create_int
                0x00003c1c                destroy_int
                0x00003c58                is_empty_int
                0x00003c88                array_length_int
                0x00003cb4                array_capacity_int
                0x00003ce0                get_int
                0x00003d5c                insert_int
                0x00003dd4                append_int
                0x00003ea4                print_int
                0x00003fa8                array_equal_int
                0x00004020                get_array_types_int
                0x0000404c                set_array_types_int
                0x00004090                get_raw_data_int
                0x000040bc                shrink_to_fit_int
                0x00004174                recreate_int
                0x000041c4                array_match_int
                0x000041f0                create2_char
                0x00004294                destroy2_char
                0x000042d4                create_char
                0x00004390                destroy_char
                0x000043cc                is_empty_char
                0x000043fc                array_length_char
                0x00004428                array_capacity_char
                0x00004454                get_char
                0x000044cc                insert_char
                0x00004548                append_char
                0x0000461c                print_char
                0x00004720                array_equal_char
                0x00004794                get_array_types_char
                0x000047c0                set_array_types_char
                0x00004804                get_raw_data_char
                0x00004830                shrink_to_fit_char
                0x000048e8                recreate_char
                0x00004938                array_match_char
                0x00004964                create2_string
                0x00004a08                destroy2_string
                0x00004a48                create_string
                0x00004b04                destroy_string
                0x00004b68                is_empty_string
                0x00004b98                array_length_string
                0x00004bc4                array_capacity_string
                0x00004bf0                get_string
                0x00004c6c                insert_string
                0x00004ce4                append_string
                0x00004db4                print_string
                0x00004eb0                array_equal_string
                0x00004f38                get_array_types_string
                0x00004f64                set_array_types_string
                0x00004fa8                get_raw_data_string
                0x00004fd4                shrink_to_fit_string
                0x0000508c                recreate_string
                0x000050dc                array_match_string
                0x00005108                create2_string_st
                0x000051ac                destroy2_string_st
                0x000051ec                create_string_st
                0x000052a8                destroy_string_st
                0x000052e4                is_empty_string_st
                0x00005314                array_length_string_st
                0x00005340                array_capacity_string_st
                0x0000536c                get_string_st
                0x000053e8                insert_string_st
                0x00005460                append_string_st
                0x00005530                print_string_st
                0x0000562c                array_equal_string_st
                0x000056b0                get_array_types_string_st
                0x000056dc                set_array_types_string_st
                0x00005720                get_raw_data_string_st
                0x0000574c                shrink_to_fit_string_st
                0x00005804                recreate_string_st
                0x00005854                array_match_string_st
                0x00005880                create2_good_field
                0x00005924                destroy2_good_field
                0x00005964                create_good_field
                0x00005a20                destroy_good_field
                0x00005a5c                is_empty_good_field
                0x00005a8c                array_length_good_field
                0x00005ab8                array_capacity_good_field
                0x00005ae4                get_good_field
                0x00005b5c                insert_good_field
                0x00005bd8                append_good_field
                0x00005cac                print_good_field
                0x00005db0                array_equal_good_field
                0x00005e24                get_array_types_good_field
                0x00005e50                set_array_types_good_field
                0x00005e94                get_raw_data_good_field
                0x00005ec0                shrink_to_fit_good_field
                0x00005f78                recreate_good_field
                0x00005fc8                array_match_good_field
                0x00005ff4                create2_vop
                0x00006098                destroy2_vop
                0x000060d8                create_vop
                0x000061c8                destroy_vop
                0x00006250                is_empty_vop
                0x00006280                array_length_vop
                0x000062ac                array_capacity_vop
                0x000062d8                get_vop
                0x00006354                insert_vop
                0x000063cc                append_vop
                0x0000649c                print_vop
                0x000066fc                array_equal_vop
                0x00006868                get_array_types_vop
                0x00006894                set_array_types_vop
                0x000068d8                get_raw_data_vop
                0x00006904                shrink_to_fit_vop
                0x000069bc                recreate_vop
                0x00006a0c                array_match_vop
                0x00006c1c                create2_vop_st
                0x00006cc0                destroy2_vop_st
                0x00006d00                create_vop_st
                0x00006df0                destroy_vop_st
                0x00006e50                is_empty_vop_st
                0x00006e80                array_length_vop_st
                0x00006eac                array_capacity_vop_st
                0x00006ed8                get_vop_st
                0x00006f54                insert_vop_st
                0x00006fcc                append_vop_st
                0x0000709c                print_vop_st
                0x000072fc                array_equal_vop_st
                0x00007374                get_array_types_vop_st
                0x000073a0                set_array_types_vop_st
                0x000073e4                get_raw_data_vop_st
                0x00007410                shrink_to_fit_vop_st
                0x000074c8                recreate_vop_st
                0x00007518                array_match_vop_st
 .text          0x00007544      0x2b8 Obj/GNU_ARM_DEBUG_T2/file_schema.o
                0x00007544                create_file_schema
                0x000075c4                destroy_file_schema
                0x00007634                print_file_schema
                0x00007770                is_empty_file_schema
 .text          0x000077fc     0x161c Obj/GNU_ARM_DEBUG_T2/iofile.o
                0x000077fc                read_file_with_goods
                0x00007954                file_type
                0x000079ec                assign_schema_header
                0x00007b50                read_file_header
                0x00007d34                read_fields
                0x00007f20                read_types
                0x000081c4                get_int_value
                0x00008284                get_bool_value
                0x000082e4                read_limits
                0x00008430                create_array_with_types
                0x00008540                process_single_field
                0x00008568                read_goods
                0x00008d94                write_file_with_goods
                0x00008dc0                write_file_header
                0x00008dec                write_goods
 .text          0x00008e18        0x0 Obj/GNU_ARM_DEBUG_T2/list_template.o
 .text          0x00008e18     0x6cc4 Obj/GNU_ARM_DEBUG_T2/lists.o
                0x00008e18                create_list_int
                0x00008e8c                destroy_list_lite_int
                0x00008ef0                destroy_list_int
                0x00008f54                is_empty_list_int
                0x00008fa0                size_list_int
                0x00008fe8                contains_list_int
                0x0000903c                search_int
                0x00009094                add_to_list_int
                0x00009124                remove_from_list_int
                0x000091a4                get_by_index_int
                0x00009234                insert_by_index_int
                0x000092c4                indexOf_int
                0x00009328                print_list_int
                0x0000941c                add_elem_by_index_int
                0x00009570                remove_elem_by_index_int
                0x00009658                create_list_string
                0x000096cc                destroy_list_lite_string
                0x00009730                destroy_list_string
                0x000097a0                is_empty_list_string
                0x000097ec                size_list_string
                0x00009834                contains_list_string
                0x00009898                search_string
                0x000098f0                add_to_list_string
                0x00009980                remove_from_list_string
                0x00009a08                get_by_index_string
                0x00009a98                insert_by_index_string
                0x00009b34                indexOf_string
                0x00009ba4                print_list_string
                0x00009c90                add_elem_by_index_string
                0x00009de4                remove_elem_by_index_string
                0x00009ed4                create_list_string_st
                0x00009f48                destroy_list_lite_string_st
                0x00009fac                destroy_list_string_st
                0x0000a010                is_empty_list_string_st
                0x0000a05c                size_list_string_st
                0x0000a0a4                contains_list_string_st
                0x0000a104                search_string_st
                0x0000a15c                add_to_list_string_st
                0x0000a1ec                remove_from_list_string_st
                0x0000a274                get_by_index_string_st
                0x0000a304                insert_by_index_string_st
                0x0000a394                indexOf_string_st
                0x0000a404                print_list_string_st
                0x0000a4f0                add_elem_by_index_string_st
                0x0000a644                remove_elem_by_index_string_st
                0x0000a72c                create_list_float
                0x0000a7a0                destroy_list_lite_float
                0x0000a804                destroy_list_float
                0x0000a868                is_empty_list_float
                0x0000a8b4                size_list_float
                0x0000a8fc                contains_list_float
                0x0000a958                search_float
                0x0000a9b0                add_to_list_float
                0x0000aa40                remove_from_list_float
                0x0000aac8                get_by_index_float
                0x0000ab58                insert_by_index_float
                0x0000abe8                indexOf_float
                0x0000ac54                print_list_float
                0x0000ad60                add_elem_by_index_float
                0x0000aeb4                remove_elem_by_index_float
                0x0000af9c                create_list_dyn_array_int
                0x0000b010                destroy_list_lite_dyn_array_int
                0x0000b074                destroy_list_dyn_array_int
                0x0000b0e0                is_empty_list_dyn_array_int
                0x0000b12c                size_list_dyn_array_int
                0x0000b174                contains_list_dyn_array_int
                0x0000b1f0                search_dyn_array_int
                0x0000b254                add_to_list_dyn_array_int
                0x0000b30c                remove_from_list_dyn_array_int
                0x0000b3b4                get_by_index_dyn_array_int
                0x0000b44c                insert_by_index_dyn_array_int
                0x0000b504                indexOf_dyn_array_int
                0x0000b590                print_list_dyn_array_int
                0x0000b64c                add_elem_by_index_dyn_array_int
                0x0000b7d0                remove_elem_by_index_dyn_array_int
                0x0000b8c0                create_list_dyn_array_string
                0x0000b934                destroy_list_lite_dyn_array_string
                0x0000b998                destroy_list_dyn_array_string
                0x0000ba04                is_empty_list_dyn_array_string
                0x0000ba50                size_list_dyn_array_string
                0x0000ba98                contains_list_dyn_array_string
                0x0000bb14                search_dyn_array_string
                0x0000bb78                add_to_list_dyn_array_string
                0x0000bc30                remove_from_list_dyn_array_string
                0x0000bcd8                get_by_index_dyn_array_string
                0x0000bd70                insert_by_index_dyn_array_string
                0x0000be28                indexOf_dyn_array_string
                0x0000beb4                print_list_dyn_array_string
                0x0000bf70                add_elem_by_index_dyn_array_string
                0x0000c0f4                remove_elem_by_index_dyn_array_string
                0x0000c1e4                create_list_dyn_array_vop
                0x0000c258                destroy_list_lite_dyn_array_vop
                0x0000c2bc                destroy_list_dyn_array_vop
                0x0000c328                is_empty_list_dyn_array_vop
                0x0000c374                size_list_dyn_array_vop
                0x0000c3bc                contains_list_dyn_array_vop
                0x0000c438                search_dyn_array_vop
                0x0000c4ac                add_to_list_dyn_array_vop
                0x0000c564                remove_from_list_dyn_array_vop
                0x0000c60c                get_by_index_dyn_array_vop
                0x0000c6a4                insert_by_index_dyn_array_vop
                0x0000c75c                indexOf_dyn_array_vop
                0x0000c7e8                print_list_dyn_array_vop
                0x0000c8a4                add_elem_by_index_dyn_array_vop
                0x0000ca28                remove_elem_by_index_dyn_array_vop
                0x0000cb18                create_list_dyn_array_vop_st
                0x0000cb8c                destroy_list_lite_dyn_array_vop_st
                0x0000cbf0                destroy_list_dyn_array_vop_st
                0x0000cc5c                is_empty_list_dyn_array_vop_st
                0x0000cca8                size_list_dyn_array_vop_st
                0x0000ccf0                contains_list_dyn_array_vop_st
                0x0000cd6c                search_dyn_array_vop_st
                0x0000cdd0                add_to_list_dyn_array_vop_st
                0x0000ce88                remove_from_list_dyn_array_vop_st
                0x0000cf30                get_by_index_dyn_array_vop_st
                0x0000cfc8                insert_by_index_dyn_array_vop_st
                0x0000d080                indexOf_dyn_array_vop_st
                0x0000d10c                print_list_dyn_array_vop_st
                0x0000d1c8                add_elem_by_index_dyn_array_vop_st
                0x0000d34c                remove_elem_by_index_dyn_array_vop_st
                0x0000d43c                create_list_int_vec2
                0x0000d4b0                destroy_list_lite_int_vec2
                0x0000d514                destroy_list_int_vec2
                0x0000d584                is_empty_list_int_vec2
                0x0000d5d0                size_list_int_vec2
                0x0000d618                contains_list_int_vec2
                0x0000d684                search_int_vec2
                0x0000d6dc                add_to_list_int_vec2
                0x0000d76c                remove_from_list_int_vec2
                0x0000d800                get_by_index_int_vec2
                0x0000d8a4                insert_by_index_int_vec2
                0x0000d948                indexOf_int_vec2
                0x0000d9c4                print_list_int_vec2
                0x0000db90                add_elem_by_index_int_vec2
                0x0000dce4                remove_elem_by_index_int_vec2
                0x0000ddd4                create_list_int_vec3
                0x0000de48                destroy_list_lite_int_vec3
                0x0000deac                destroy_list_int_vec3
                0x0000df1c                is_empty_list_int_vec3
                0x0000df68                size_list_int_vec3
                0x0000dfb0                contains_list_int_vec3
                0x0000e02c                search_int_vec3
                0x0000e084                add_to_list_int_vec3
                0x0000e114                remove_from_list_int_vec3
                0x0000e1bc                get_by_index_int_vec3
                0x0000e260                insert_by_index_int_vec3
                0x0000e304                indexOf_int_vec3
                0x0000e390                print_list_int_vec3
                0x0000e55c                add_elem_by_index_int_vec3
                0x0000e6b0                remove_elem_by_index_int_vec3
                0x0000e7a0                create_list_int_vec2_st
                0x0000e814                destroy_list_lite_int_vec2_st
                0x0000e878                destroy_list_int_vec2_st
                0x0000e8dc                is_empty_list_int_vec2_st
                0x0000e928                size_list_int_vec2_st
                0x0000e970                contains_list_int_vec2_st
                0x0000e9dc                search_int_vec2_st
                0x0000ea34                add_to_list_int_vec2_st
                0x0000eac4                remove_from_list_int_vec2_st
                0x0000eb58                get_by_index_int_vec2_st
                0x0000ebfc                insert_by_index_int_vec2_st
                0x0000eca0                indexOf_int_vec2_st
                0x0000ed1c                print_list_int_vec2_st
                0x0000eee8                add_elem_by_index_int_vec2_st
                0x0000f03c                remove_elem_by_index_int_vec2_st
                0x0000f124                create_list_int_vec3_st
                0x0000f198                destroy_list_lite_int_vec3_st
                0x0000f1fc                destroy_list_int_vec3_st
                0x0000f260                is_empty_list_int_vec3_st
                0x0000f2ac                size_list_int_vec3_st
                0x0000f2f4                contains_list_int_vec3_st
                0x0000f370                search_int_vec3_st
                0x0000f3c8                add_to_list_int_vec3_st
                0x0000f458                remove_from_list_int_vec3_st
                0x0000f500                get_by_index_int_vec3_st
                0x0000f5a4                insert_by_index_int_vec3_st
                0x0000f648                indexOf_int_vec3_st
                0x0000f6d4                print_list_int_vec3_st
                0x0000f8a0                add_elem_by_index_int_vec3_st
                0x0000f9f4                remove_elem_by_index_int_vec3_st
 .text          0x0000fadc     0x29e0 Obj/GNU_ARM_DEBUG_T2/Goal.o
                0x0000fc3c                GoalCreateScreen
                0x0001004c                GoalClrScreen
                0x00010280                GoalRefreshScreen
                0x000102b0                GoalDspLine
                0x00010724                GoalDspMultiLine
                0x00010908                GoalGetKey
                0x00010c80                GoalDestroyScreen
                0x00010cb4                GoalCreateDrawing
                0x00010ee4                GoalClrDrawing
                0x00011018                GoalDrawLine
                0x000111a8                GoalDrawRect
                0x0001134c                GoalDrawEllipse
                0x000114f0                GoalDrawText
                0x000116d8                GoalDestroyDrawing
                0x0001170c                GoalCreatePicture
                0x00011968                GoalClrPicture
                0x00011ae8                GoalDspPicture
                0x00011e24                GoalDestroyPicture
                0x00011e58                GoalCreateDocument
                0x00011edc                GoalPrnLine
                0x0001211c                GoalPrnMultiLine
                0x0001236c                GoalPrnPicture
                0x0001242c                GoalPrnDocument
                0x00012488                GoalDestroyDocument
 .text          0x000124bc     0x22d4 Obj/GNU_ARM_DEBUG_T2/main_processing.o
                0x000124bc                print_startup_message
                0x00012614                import_file_with_goods
                0x000126ac                get_fields_values_len
                0x00012724                get_max_field_len
                0x000127b4                print_good_fields
                0x00012934                get_first_fields
                0x000129a8                print_list_with_goods
                0x00012b48                read_field
                0x00012ee0                convert_to_int_value
                0x00012fa8                convert_to_bool_value
                0x00013008                add_new_good
                0x00013290                delete_good
                0x00013300                edit_good
                0x000133a8                modify_list_with_goods
                0x000134c4                print_message_search_menu
                0x000135dc                read_search_pattern
                0x00013868                show_search_results
                0x00013920                find_goods_by_template
                0x00013a14                pay
                0x00013d64                get_index_of_price_field
                0x00013de0                get_good_price
                0x00013e3c                print_document
                0x000141ec                pay_for_goods
                0x00014264                get_count_of_good
                0x00014370                form_cart_and_buy
                0x000145c8                create_menu
                0x00014754                main_processing
 .text          0x00014790      0x1d0 Obj/GNU_ARM_DEBUG_T2/log.o
                0x00014790                _log
                0x00014828                print_message
                0x000148e0                print_to_log
                0x00014920                print_to_error_log
 .text          0x00014960      0x9f0 Obj/GNU_ARM_DEBUG_T2/Magnetic.o
                0x00014960                IsoError
                0x00014a28                Magnetic
 .text          0x00015350      0x3a0 Obj/GNU_ARM_DEBUG_T2/Timer.o
                0x00015350                TimerStart
                0x00015440                TimerGet
                0x000154d8                TimerStop
                0x00015530                Timer
 .text          0x000156f0       0x5c C:/Program Files/TeliumSDK/SDK PatchF9.32.3.02/SDKTPLUS/HW_T2/gnu_434/lib/eft30tplus.lib(DisplayFooter.o)
                0x00015700                DisplayFooter
 .text          0x0001574c       0x5c C:/Program Files/TeliumSDK/SDK PatchF9.32.3.02/SDKTPLUS/HW_T2/gnu_434/lib/eft30tplus.lib(DisplayHeader.o)
                0x0001575c                DisplayHeader
 .text          0x000157a8       0x58 C:/Program Files/TeliumSDK/SDK PatchF9.32.3.02/SDKTPLUS/HW_T2/gnu_434/lib/eft30tplus.lib(DisplayLeds.o)
                0x000157b4                DisplayLeds
 .text          0x00015800       0x60 C:/Program Files/TeliumSDK/SDK PatchF9.32.3.02/SDKTPLUS/HW_T2/gnu_434/lib/eft30tplus.lib(Telium_Read_date.o)
                0x00015814                Telium_Read_date
 .text          0x00015860       0x64 C:/Program Files/TeliumSDK/SDK PatchF9.32.3.02/SDKTPLUS/HW_T2/gnu_434/lib/eft30tplus.lib(IsColorDisplay.o)
                0x00015870                IsColorDisplay
 .text          0x000158c4       0x5c C:/Program Files/TeliumSDK/SDK PatchF9.32.3.02/SDKTPLUS/HW_T2/gnu_434/lib/eft30tplus.lib(IsISO1.o)
                0x000158cc                IsISO1
 .text          0x00015920       0x5c C:/Program Files/TeliumSDK/SDK PatchF9.32.3.02/SDKTPLUS/HW_T2/gnu_434/lib/eft30tplus.lib(IsISO2.o)
                0x00015928                IsISO2
 .text          0x0001597c       0x5c C:/Program Files/TeliumSDK/SDK PatchF9.32.3.02/SDKTPLUS/HW_T2/gnu_434/lib/eft30tplus.lib(IsISO3.o)
                0x00015984                IsISO3
 .text          0x000159d8       0x60 C:/Program Files/TeliumSDK/SDK PatchF9.32.3.02/SDKTPLUS/HW_T2/gnu_434/lib/eft30tplus.lib(IsPrinter.o)
                0x000159e4                IsPrinter
 .text          0x00015a38       0x64 C:/Program Files/TeliumSDK/SDK PatchF9.32.3.02/SDKTPLUS/HW_T2/gnu_434/lib/eft30tplus.lib(Telium_ServiceRegister.o)
                0x00015a50                Telium_ServiceRegister
 .text          0x00015a9c       0x20 C:/Program Files/TeliumSDK/SDK PatchF9.32.3.02/SDKTPLUS/HW_T2/gnu_434/lib/eft30tplus.lib(Telium_Fprintf.o)
                0x00015a9c                Telium_Fprintf
 .text          0x00015abc       0x34 C:/Program Files/TeliumSDK/SDK PatchF9.32.3.02/SDKTPLUS/HW_T2/gnu_434/lib/eft30tplus.lib(Telium_Pprintf.o)
                0x00015abc                Telium_Pprintf
 .text          0x00015af0       0x20 C:/Program Files/TeliumSDK/SDK PatchF9.32.3.02/SDKTPLUS/HW_T2/gnu_434/lib/eft30tplus.lib(Telium_Stdprt.o)
                0x00015af8                Telium_Stdprt
 .text          0x00015b10       0x20 C:/Program Files/TeliumSDK/SDK PatchF9.32.3.02/SDKTPLUS/HW_T2/gnu_434/lib/eft30tplus.lib(sprintf.o)
                0x00015b10                sprintf
 .text          0x00015b30       0x74 C:/Program Files/TeliumSDK/SDK PatchF9.32.3.02/SDKTPLUS/HW_T2/gnu_434/lib/eft30tplus.lib(extenstp1.o)
                0x00015b30                extenslib_close
                0x00015b44                extenslib_open
                0x00015b80                GetProcAddressExtens
 .text          0x00015ba4       0x78 C:/Program Files/TeliumSDK/SDK PatchF9.32.3.02/SDKTPLUS/HW_T2/gnu_434/lib/eft30tplus.lib(toolstp1.o)
                0x00015ba4                toolslib_close
                0x00015bb8                toolslib_open
                0x00015bf8                GetProcAddressTools
 .text          0x00015c1c        0xc C:/Program Files/TeliumSDK/SDK PatchF9.32.3.02/SDKTPLUS/HW_T2/gnu_434/lib/OSLAYER.LIB(OSL_Dll_Close.o)
                0x00015c1c                OSL_Dll_Close
 .text          0x00015c28        0xc C:/Program Files/TeliumSDK/SDK PatchF9.32.3.02/SDKTPLUS/HW_T2/gnu_434/lib/OSLAYER.LIB(OSL_Dll_GetSymbolByName.o)
                0x00015c28                OSL_Dll_GetSymbolByName
 .text          0x00015c34        0xc C:/Program Files/TeliumSDK/SDK PatchF9.32.3.02/SDKTPLUS/HW_T2/gnu_434/lib/OSLAYER.LIB(OSL_Dll_OpenByAppliType.o)
                0x00015c34                OSL_Dll_OpenByAppliType
 .text          0x00015c40        0xe C:/Program Files/TeliumSDK/SDK PatchF9.32.3.02/SDKTPLUS/HW_T2/gnu_434/lib/OSLAYER.LIB(OSL_TimeStp_ElapsedMs.o)
                0x00015c40                OSL_TimeStp_ElapsedMs
 .text          0x00015c4e        0xc C:/Program Files/TeliumSDK/SDK PatchF9.32.3.02/SDKTPLUS/HW_T2/gnu_434/lib/OSLAYER.LIB(OSL_TimeStp_Now.o)
                0x00015c4e                OSL_TimeStp_Now
 .text          0x00015c5a        0xe C:/Program Files/TeliumSDK/SDK PatchF9.32.3.02/SDKTPLUS/HW_T2/gnu_434/lib/TRAP_TELIUM_PLUS.LIB(ApplicationGetCurrent.o)
                0x00015c5a                ApplicationGetCurrent
 .text          0x00015c68        0xe C:/Program Files/TeliumSDK/SDK PatchF9.32.3.02/SDKTPLUS/HW_T2/gnu_434/lib/TRAP_TELIUM_PLUS.LIB(FS_close.o)
                0x00015c68                FS_close
 .text          0x00015c76        0xe C:/Program Files/TeliumSDK/SDK PatchF9.32.3.02/SDKTPLUS/HW_T2/gnu_434/lib/TRAP_TELIUM_PLUS.LIB(FS_length.o)
                0x00015c76                FS_length
 .text          0x00015c84        0xe C:/Program Files/TeliumSDK/SDK PatchF9.32.3.02/SDKTPLUS/HW_T2/gnu_434/lib/TRAP_TELIUM_PLUS.LIB(FS_mount.o)
                0x00015c84                FS_mount
 .text          0x00015c92        0xe C:/Program Files/TeliumSDK/SDK PatchF9.32.3.02/SDKTPLUS/HW_T2/gnu_434/lib/TRAP_TELIUM_PLUS.LIB(FS_open.o)
                0x00015c92                FS_open
 .text          0x00015ca0        0xe C:/Program Files/TeliumSDK/SDK PatchF9.32.3.02/SDKTPLUS/HW_T2/gnu_434/lib/TRAP_TELIUM_PLUS.LIB(FS_read.o)
                0x00015ca0                FS_read
 .text          0x00015cae        0xe C:/Program Files/TeliumSDK/SDK PatchF9.32.3.02/SDKTPLUS/HW_T2/gnu_434/lib/TRAP_TELIUM_PLUS.LIB(FS_unmount.o)
                0x00015cae                FS_unmount
 .text          0x00015cbc        0xe C:/Program Files/TeliumSDK/SDK PatchF9.32.3.02/SDKTPLUS/HW_T2/gnu_434/lib/TRAP_TELIUM_PLUS.LIB(ObjectGetInfo.o)
                0x00015cbc                ObjectGetInfo
 .text          0x00015cca        0xe C:/Program Files/TeliumSDK/SDK PatchF9.32.3.02/SDKTPLUS/HW_T2/gnu_434/lib/TRAP_TELIUM_PLUS.LIB(Telium_Exit.o)
                0x00015cca                Telium_Exit
 .text          0x00015cd8        0xe C:/Program Files/TeliumSDK/SDK PatchF9.32.3.02/SDKTPLUS/HW_T2/gnu_434/lib/TRAP_TELIUM_PLUS.LIB(Telium_Fclose.o)
                0x00015cd8                Telium_Fclose
 .text          0x00015ce6        0xe C:/Program Files/TeliumSDK/SDK PatchF9.32.3.02/SDKTPLUS/HW_T2/gnu_434/lib/TRAP_TELIUM_PLUS.LIB(Telium_Fopen.o)
                0x00015ce6                Telium_Fopen
 .text          0x00015cf4        0xe C:/Program Files/TeliumSDK/SDK PatchF9.32.3.02/SDKTPLUS/HW_T2/gnu_434/lib/TRAP_TELIUM_PLUS.LIB(Telium_Fread.o)
                0x00015cf4                Telium_Fread
 .text          0x00015d02        0xe C:/Program Files/TeliumSDK/SDK PatchF9.32.3.02/SDKTPLUS/HW_T2/gnu_434/lib/TRAP_TELIUM_PLUS.LIB(Telium_Is_iso1.o)
                0x00015d02                Telium_Is_iso1
 .text          0x00015d10        0xe C:/Program Files/TeliumSDK/SDK PatchF9.32.3.02/SDKTPLUS/HW_T2/gnu_434/lib/TRAP_TELIUM_PLUS.LIB(Telium_Is_iso2.o)
                0x00015d10                Telium_Is_iso2
 .text          0x00015d1e        0xe C:/Program Files/TeliumSDK/SDK PatchF9.32.3.02/SDKTPLUS/HW_T2/gnu_434/lib/TRAP_TELIUM_PLUS.LIB(Telium_Is_iso3.o)
                0x00015d1e                Telium_Is_iso3
 .text          0x00015d2c        0xe C:/Program Files/TeliumSDK/SDK PatchF9.32.3.02/SDKTPLUS/HW_T2/gnu_434/lib/TRAP_TELIUM_PLUS.LIB(Telium_Mask_event.o)
                0x00015d2c                Telium_Mask_event
 .text          0x00015d3a        0xe C:/Program Files/TeliumSDK/SDK PatchF9.32.3.02/SDKTPLUS/HW_T2/gnu_434/lib/TRAP_TELIUM_PLUS.LIB(Telium_Reset_buf.o)
                0x00015d3a                Telium_Reset_buf
 .text          0x00015d48        0xe C:/Program Files/TeliumSDK/SDK PatchF9.32.3.02/SDKTPLUS/HW_T2/gnu_434/lib/TRAP_TELIUM_PLUS.LIB(Telium_Stdperif.o)
                0x00015d48                Telium_Stdperif
 .text          0x00015d56        0xe C:/Program Files/TeliumSDK/SDK PatchF9.32.3.02/SDKTPLUS/HW_T2/gnu_434/lib/TRAP_TELIUM_PLUS.LIB(Telium_Ttestall.o)
                0x00015d56                Telium_Ttestall
 .text          0x00015d64        0xe C:/Program Files/TeliumSDK/SDK PatchF9.32.3.02/SDKTPLUS/HW_T2/gnu_434/lib/TRAP_TELIUM_PLUS.LIB(Telium_Vfprintf.o)
                0x00015d64                Telium_Vfprintf
 .text          0x00015d72        0xe C:/Program Files/TeliumSDK/SDK PatchF9.32.3.02/SDKTPLUS/HW_T2/gnu_434/lib/TRAP_TELIUM_PLUS.LIB(Telium_Vsprintf.o)
                0x00015d72                Telium_Vsprintf
 .text          0x00015d80        0xe C:/Program Files/TeliumSDK/SDK PatchF9.32.3.02/SDKTPLUS/HW_T2/gnu_434/lib/TRAP_TELIUM_PLUS.LIB(buzzer.o)
                0x00015d80                buzzer
 .text          0x00015d8e        0xe C:/Program Files/TeliumSDK/SDK PatchF9.32.3.02/SDKTPLUS/HW_T2/gnu_434/lib/TRAP_TELIUM_PLUS.LIB(first_init.o)
                0x00015d8e                first_init
 .text          0x00015d9c        0xe C:/Program Files/TeliumSDK/SDK PatchF9.32.3.02/SDKTPLUS/HW_T2/gnu_434/lib/TRAP_TELIUM_PLUS.LIB(raz_init.o)
                0x00015d9c                raz_init
 .text          0x00015daa        0xe C:/Program Files/TeliumSDK/SDK PatchF9.32.3.02/SDKTPLUS/HW_T2/gnu_434/lib/TRAP_TELIUM_PLUS.LIB(ufree.o)
                0x00015daa                ufree
 .text          0x00015db8        0xe C:/Program Files/TeliumSDK/SDK PatchF9.32.3.02/SDKTPLUS/HW_T2/gnu_434/lib/TRAP_TELIUM_PLUS.LIB(umalloc.o)
                0x00015db8                umalloc
 .text          0x00015dc6        0xe C:/Program Files/TeliumSDK/SDK PatchF9.32.3.02/SDKTPLUS/HW_T2/gnu_434/lib/TRAP_TELIUM_PLUS.LIB(urealloc.o)
                0x00015dc6                urealloc
 .text          0x00015dd4       0x24 C:/Program Files/TeliumSDK/SDK PatchF9.32.3.02/SDKTPLUS/HW_T2/gnu_434/lib/GRAPHICLIB.LIB(GL_Button_Create.o)
                0x00015de0                GL_Button_Create
 .text          0x00015df8       0x24 C:/Program Files/TeliumSDK/SDK PatchF9.32.3.02/SDKTPLUS/HW_T2/gnu_434/lib/GRAPHICLIB.LIB(GL_Dialog_Choice.o)
                0x00015e04                GL_Dialog_Choice
 .text          0x00015e1c       0x24 C:/Program Files/TeliumSDK/SDK PatchF9.32.3.02/SDKTPLUS/HW_T2/gnu_434/lib/GRAPHICLIB.LIB(GL_Dialog_File.o)
                0x00015e28                GL_Dialog_File
 .text          0x00015e40       0x24 C:/Program Files/TeliumSDK/SDK PatchF9.32.3.02/SDKTPLUS/HW_T2/gnu_434/lib/GRAPHICLIB.LIB(GL_Dialog_Menu.o)
                0x00015e4c                GL_Dialog_Menu
 .text          0x00015e64       0x24 C:/Program Files/TeliumSDK/SDK PatchF9.32.3.02/SDKTPLUS/HW_T2/gnu_434/lib/GRAPHICLIB.LIB(GL_Dialog_Message.o)
                0x00015e70                GL_Dialog_Message
 .text          0x00015e88       0x24 C:/Program Files/TeliumSDK/SDK PatchF9.32.3.02/SDKTPLUS/HW_T2/gnu_434/lib/GRAPHICLIB.LIB(GL_Dialog_MultiChoice.o)
                0x00015e94                GL_Dialog_MultiChoice
 .text          0x00015eac       0x24 C:/Program Files/TeliumSDK/SDK PatchF9.32.3.02/SDKTPLUS/HW_T2/gnu_434/lib/GRAPHICLIB.LIB(GL_Dialog_Text.o)
                0x00015eb8                GL_Dialog_Text
 .text          0x00015ed0       0x24 C:/Program Files/TeliumSDK/SDK PatchF9.32.3.02/SDKTPLUS/HW_T2/gnu_434/lib/GRAPHICLIB.LIB(GL_Dialog_VirtualKeyboard.o)
                0x00015edc                GL_Dialog_VirtualKeyboard
 .text          0x00015ef4       0x24 C:/Program Files/TeliumSDK/SDK PatchF9.32.3.02/SDKTPLUS/HW_T2/gnu_434/lib/GRAPHICLIB.LIB(GL_Document_Create.o)
                0x00015f00                GL_Document_Create
 .text          0x00015f18       0x24 C:/Program Files/TeliumSDK/SDK PatchF9.32.3.02/SDKTPLUS/HW_T2/gnu_434/lib/GRAPHICLIB.LIB(GL_Document_Print.o)
                0x00015f24                GL_Document_Print
 .text          0x00015f3c       0x24 C:/Program Files/TeliumSDK/SDK PatchF9.32.3.02/SDKTPLUS/HW_T2/gnu_434/lib/GRAPHICLIB.LIB(GL_Drawing_Clear.o)
                0x00015f48                GL_Drawing_Clear
 .text          0x00015f60       0x24 C:/Program Files/TeliumSDK/SDK PatchF9.32.3.02/SDKTPLUS/HW_T2/gnu_434/lib/GRAPHICLIB.LIB(GL_Drawing_Create.o)
                0x00015f6c                GL_Drawing_Create
 .text          0x00015f84       0x24 C:/Program Files/TeliumSDK/SDK PatchF9.32.3.02/SDKTPLUS/HW_T2/gnu_434/lib/GRAPHICLIB.LIB(GL_Drawing_DrawEllipse.o)
                0x00015f90                GL_Drawing_DrawEllipse
 .text          0x00015fa8       0x24 C:/Program Files/TeliumSDK/SDK PatchF9.32.3.02/SDKTPLUS/HW_T2/gnu_434/lib/GRAPHICLIB.LIB(GL_Drawing_DrawLine.o)
                0x00015fb4                GL_Drawing_DrawLine
 .text          0x00015fcc       0x24 C:/Program Files/TeliumSDK/SDK PatchF9.32.3.02/SDKTPLUS/HW_T2/gnu_434/lib/GRAPHICLIB.LIB(GL_Drawing_DrawRect.o)
                0x00015fd8                GL_Drawing_DrawRect
 .text          0x00015ff0       0x24 C:/Program Files/TeliumSDK/SDK PatchF9.32.3.02/SDKTPLUS/HW_T2/gnu_434/lib/GRAPHICLIB.LIB(GL_Drawing_DrawText.o)
                0x00015ffc                GL_Drawing_DrawText
 .text          0x00016014       0x24 C:/Program Files/TeliumSDK/SDK PatchF9.32.3.02/SDKTPLUS/HW_T2/gnu_434/lib/GRAPHICLIB.LIB(GL_Drawing_SetBrush.o)
                0x00016020                GL_Drawing_SetBrush
 .text          0x00016038       0x24 C:/Program Files/TeliumSDK/SDK PatchF9.32.3.02/SDKTPLUS/HW_T2/gnu_434/lib/GRAPHICLIB.LIB(GL_Drawing_SetFont.o)
                0x00016044                GL_Drawing_SetFont
 .text          0x0001605c       0x24 C:/Program Files/TeliumSDK/SDK PatchF9.32.3.02/SDKTPLUS/HW_T2/gnu_434/lib/GRAPHICLIB.LIB(GL_Drawing_SetPen.o)
                0x00016068                GL_Drawing_SetPen
 .text          0x00016080       0x24 C:/Program Files/TeliumSDK/SDK PatchF9.32.3.02/SDKTPLUS/HW_T2/gnu_434/lib/GRAPHICLIB.LIB(GL_File_Close.o)
                0x0001608c                GL_File_Close
 .text          0x000160a4       0x24 C:/Program Files/TeliumSDK/SDK PatchF9.32.3.02/SDKTPLUS/HW_T2/gnu_434/lib/GRAPHICLIB.LIB(GL_File_GetSize.o)
                0x000160b0                GL_File_GetSize
 .text          0x000160c8       0x24 C:/Program Files/TeliumSDK/SDK PatchF9.32.3.02/SDKTPLUS/HW_T2/gnu_434/lib/GRAPHICLIB.LIB(GL_File_Open.o)
                0x000160d4                GL_File_Open
 .text          0x000160ec       0x24 C:/Program Files/TeliumSDK/SDK PatchF9.32.3.02/SDKTPLUS/HW_T2/gnu_434/lib/GRAPHICLIB.LIB(GL_File_Read.o)
                0x000160f8                GL_File_Read
 .text          0x00016110       0x24 C:/Program Files/TeliumSDK/SDK PatchF9.32.3.02/SDKTPLUS/HW_T2/gnu_434/lib/GRAPHICLIB.LIB(GL_File_Seek.o)
                0x0001611c                GL_File_Seek
 .text          0x00016134       0x24 C:/Program Files/TeliumSDK/SDK PatchF9.32.3.02/SDKTPLUS/HW_T2/gnu_434/lib/GRAPHICLIB.LIB(GL_File_Write.o)
                0x00016140                GL_File_Write
 .text          0x00016158       0x24 C:/Program Files/TeliumSDK/SDK PatchF9.32.3.02/SDKTPLUS/HW_T2/gnu_434/lib/GRAPHICLIB.LIB(GL_GraphicLib_BindSingleKey.o)
                0x00016164                GL_GraphicLib_BindSingleKey
 .text          0x0001617c       0xbc C:/Program Files/TeliumSDK/SDK PatchF9.32.3.02/SDKTPLUS/HW_T2/gnu_434/lib/GRAPHICLIB.LIB(GL_GraphicLib_Create.o)
                0x0001617c                GL_GraphicLib_Create
                0x000161f8                GL_GraphicLib_Create_Init
 .text          0x00016238       0x24 C:/Program Files/TeliumSDK/SDK PatchF9.32.3.02/SDKTPLUS/HW_T2/gnu_434/lib/GRAPHICLIB.LIB(GL_GraphicLib_IsTouchPresent.o)
                0x00016244                GL_GraphicLib_IsTouchPresent
 .text          0x0001625c       0x24 C:/Program Files/TeliumSDK/SDK PatchF9.32.3.02/SDKTPLUS/HW_T2/gnu_434/lib/GRAPHICLIB.LIB(GL_GraphicLib_SetCharset.o)
                0x00016268                GL_GraphicLib_SetCharset
 .text          0x00016280       0x24 C:/Program Files/TeliumSDK/SDK PatchF9.32.3.02/SDKTPLUS/HW_T2/gnu_434/lib/GRAPHICLIB.LIB(GL_GraphicLib_UnbindKey.o)
                0x0001628c                GL_GraphicLib_UnbindKey
 .text          0x000162a4       0x24 C:/Program Files/TeliumSDK/SDK PatchF9.32.3.02/SDKTPLUS/HW_T2/gnu_434/lib/GRAPHICLIB.LIB(GL_Label_Create.o)
                0x000162b0                GL_Label_Create
 .text          0x000162c8       0x24 C:/Program Files/TeliumSDK/SDK PatchF9.32.3.02/SDKTPLUS/HW_T2/gnu_434/lib/GRAPHICLIB.LIB(GL_Layout_Create.o)
                0x000162d4                GL_Layout_Create
 .text          0x000162ec       0x24 C:/Program Files/TeliumSDK/SDK PatchF9.32.3.02/SDKTPLUS/HW_T2/gnu_434/lib/GRAPHICLIB.LIB(GL_Message_GetKey.o)
                0x000162f8                GL_Message_GetKey
 .text          0x00016310       0x24 C:/Program Files/TeliumSDK/SDK PatchF9.32.3.02/SDKTPLUS/HW_T2/gnu_434/lib/GRAPHICLIB.LIB(GL_Message_GetWidget.o)
                0x0001631c                GL_Message_GetWidget
 .text          0x00016334       0x24 C:/Program Files/TeliumSDK/SDK PatchF9.32.3.02/SDKTPLUS/HW_T2/gnu_434/lib/GRAPHICLIB.LIB(GL_Message_GetWidgetById.o)
                0x00016340                GL_Message_GetWidgetById
 .text          0x00016358       0x24 C:/Program Files/TeliumSDK/SDK PatchF9.32.3.02/SDKTPLUS/HW_T2/gnu_434/lib/GRAPHICLIB.LIB(GL_Message_SetResult.o)
                0x00016364                GL_Message_SetResult
 .text          0x0001637c       0x24 C:/Program Files/TeliumSDK/SDK PatchF9.32.3.02/SDKTPLUS/HW_T2/gnu_434/lib/GRAPHICLIB.LIB(GL_Message_SetUserData.o)
                0x00016388                GL_Message_SetUserData
 .text          0x000163a0       0x24 C:/Program Files/TeliumSDK/SDK PatchF9.32.3.02/SDKTPLUS/HW_T2/gnu_434/lib/GRAPHICLIB.LIB(GL_Picture_Create.o)
                0x000163ac                GL_Picture_Create
 .text          0x000163c4       0x24 C:/Program Files/TeliumSDK/SDK PatchF9.32.3.02/SDKTPLUS/HW_T2/gnu_434/lib/GRAPHICLIB.LIB(GL_Print_Create.o)
                0x000163d0                GL_Print_Create
 .text          0x000163e8       0x24 C:/Program Files/TeliumSDK/SDK PatchF9.32.3.02/SDKTPLUS/HW_T2/gnu_434/lib/GRAPHICLIB.LIB(GL_Timer_Create.o)
                0x000163f4                GL_Timer_Create
 .text          0x0001640c       0x24 C:/Program Files/TeliumSDK/SDK PatchF9.32.3.02/SDKTPLUS/HW_T2/gnu_434/lib/GRAPHICLIB.LIB(GL_Timer_SetInterval.o)
                0x00016418                GL_Timer_SetInterval
 .text          0x00016430       0x24 C:/Program Files/TeliumSDK/SDK PatchF9.32.3.02/SDKTPLUS/HW_T2/gnu_434/lib/GRAPHICLIB.LIB(GL_Timer_Stop.o)
                0x0001643c                GL_Timer_Stop
 .text          0x00016454       0x24 C:/Program Files/TeliumSDK/SDK PatchF9.32.3.02/SDKTPLUS/HW_T2/gnu_434/lib/GRAPHICLIB.LIB(GL_Widget_Destroy.o)
                0x00016460                GL_Widget_Destroy
 .text          0x00016478       0x24 C:/Program Files/TeliumSDK/SDK PatchF9.32.3.02/SDKTPLUS/HW_T2/gnu_434/lib/GRAPHICLIB.LIB(GL_Widget_GetBackColor.o)
                0x00016484                GL_Widget_GetBackColor
 .text          0x0001649c       0x24 C:/Program Files/TeliumSDK/SDK PatchF9.32.3.02/SDKTPLUS/HW_T2/gnu_434/lib/GRAPHICLIB.LIB(GL_Widget_GetUserData.o)
                0x000164a8                GL_Widget_GetUserData
 .text          0x000164c0       0x24 C:/Program Files/TeliumSDK/SDK PatchF9.32.3.02/SDKTPLUS/HW_T2/gnu_434/lib/GRAPHICLIB.LIB(GL_Widget_RegisterCallback.o)
                0x000164cc                GL_Widget_RegisterCallback
 .text          0x000164e4       0x24 C:/Program Files/TeliumSDK/SDK PatchF9.32.3.02/SDKTPLUS/HW_T2/gnu_434/lib/GRAPHICLIB.LIB(GL_Widget_SearchId.o)
                0x000164f0                GL_Widget_SearchId
 .text          0x00016508       0x24 C:/Program Files/TeliumSDK/SDK PatchF9.32.3.02/SDKTPLUS/HW_T2/gnu_434/lib/GRAPHICLIB.LIB(GL_Widget_SetBackAlign.o)
                0x00016514                GL_Widget_SetBackAlign
 .text          0x0001652c       0x24 C:/Program Files/TeliumSDK/SDK PatchF9.32.3.02/SDKTPLUS/HW_T2/gnu_434/lib/GRAPHICLIB.LIB(GL_Widget_SetBackColor.o)
                0x00016538                GL_Widget_SetBackColor
 .text          0x00016550       0x24 C:/Program Files/TeliumSDK/SDK PatchF9.32.3.02/SDKTPLUS/HW_T2/gnu_434/lib/GRAPHICLIB.LIB(GL_Widget_SetBorders.o)
                0x0001655c                GL_Widget_SetBorders
 .text          0x00016574       0x24 C:/Program Files/TeliumSDK/SDK PatchF9.32.3.02/SDKTPLUS/HW_T2/gnu_434/lib/GRAPHICLIB.LIB(GL_Widget_SetExpand.o)
                0x00016580                GL_Widget_SetExpand
 .text          0x00016598       0x24 C:/Program Files/TeliumSDK/SDK PatchF9.32.3.02/SDKTPLUS/HW_T2/gnu_434/lib/GRAPHICLIB.LIB(GL_Widget_SetFocusable.o)
                0x000165a4                GL_Widget_SetFocusable
 .text          0x000165bc       0x24 C:/Program Files/TeliumSDK/SDK PatchF9.32.3.02/SDKTPLUS/HW_T2/gnu_434/lib/GRAPHICLIB.LIB(GL_Widget_SetFontName.o)
                0x000165c8                GL_Widget_SetFontName
 .text          0x000165e0       0x24 C:/Program Files/TeliumSDK/SDK PatchF9.32.3.02/SDKTPLUS/HW_T2/gnu_434/lib/GRAPHICLIB.LIB(GL_Widget_SetFontScale.o)
                0x000165ec                GL_Widget_SetFontScale
 .text          0x00016604       0x24 C:/Program Files/TeliumSDK/SDK PatchF9.32.3.02/SDKTPLUS/HW_T2/gnu_434/lib/GRAPHICLIB.LIB(GL_Widget_SetFontStyle.o)
                0x00016610                GL_Widget_SetFontStyle
 .text          0x00016628       0x24 C:/Program Files/TeliumSDK/SDK PatchF9.32.3.02/SDKTPLUS/HW_T2/gnu_434/lib/GRAPHICLIB.LIB(GL_Widget_SetForeColor.o)
                0x00016634                GL_Widget_SetForeColor
 .text          0x0001664c       0x24 C:/Program Files/TeliumSDK/SDK PatchF9.32.3.02/SDKTPLUS/HW_T2/gnu_434/lib/GRAPHICLIB.LIB(GL_Widget_SetGrow.o)
                0x00016658                GL_Widget_SetGrow
 .text          0x00016670       0x24 C:/Program Files/TeliumSDK/SDK PatchF9.32.3.02/SDKTPLUS/HW_T2/gnu_434/lib/GRAPHICLIB.LIB(GL_Widget_SetId.o)
                0x0001667c                GL_Widget_SetId
 .text          0x00016694       0x24 C:/Program Files/TeliumSDK/SDK PatchF9.32.3.02/SDKTPLUS/HW_T2/gnu_434/lib/GRAPHICLIB.LIB(GL_Widget_SetItem.o)
                0x000166a0                GL_Widget_SetItem
 .text          0x000166b8       0x24 C:/Program Files/TeliumSDK/SDK PatchF9.32.3.02/SDKTPLUS/HW_T2/gnu_434/lib/GRAPHICLIB.LIB(GL_Widget_SetMargins.o)
                0x000166c4                GL_Widget_SetMargins
 .text          0x000166dc       0x24 C:/Program Files/TeliumSDK/SDK PatchF9.32.3.02/SDKTPLUS/HW_T2/gnu_434/lib/GRAPHICLIB.LIB(GL_Widget_SetMinSize.o)
                0x000166e8                GL_Widget_SetMinSize
 .text          0x00016700       0x24 C:/Program Files/TeliumSDK/SDK PatchF9.32.3.02/SDKTPLUS/HW_T2/gnu_434/lib/GRAPHICLIB.LIB(GL_Widget_SetShortcut.o)
                0x0001670c                GL_Widget_SetShortcut
 .text          0x00016724       0x24 C:/Program Files/TeliumSDK/SDK PatchF9.32.3.02/SDKTPLUS/HW_T2/gnu_434/lib/GRAPHICLIB.LIB(GL_Widget_SetShrink.o)
                0x00016730                GL_Widget_SetShrink
 .text          0x00016748       0x24 C:/Program Files/TeliumSDK/SDK PatchF9.32.3.02/SDKTPLUS/HW_T2/gnu_434/lib/GRAPHICLIB.LIB(GL_Widget_SetSize.o)
                0x00016754                GL_Widget_SetSize
 .text          0x0001676c       0x24 C:/Program Files/TeliumSDK/SDK PatchF9.32.3.02/SDKTPLUS/HW_T2/gnu_434/lib/GRAPHICLIB.LIB(GL_Widget_SetSource.o)
                0x00016778                GL_Widget_SetSource
 .text          0x00016790       0x24 C:/Program Files/TeliumSDK/SDK PatchF9.32.3.02/SDKTPLUS/HW_T2/gnu_434/lib/GRAPHICLIB.LIB(GL_Widget_SetText.o)
                0x0001679c                GL_Widget_SetText
 .text          0x000167b4       0x24 C:/Program Files/TeliumSDK/SDK PatchF9.32.3.02/SDKTPLUS/HW_T2/gnu_434/lib/GRAPHICLIB.LIB(GL_Widget_SetTextAlign.o)
                0x000167c0                GL_Widget_SetTextAlign
 .text          0x000167d8       0x24 C:/Program Files/TeliumSDK/SDK PatchF9.32.3.02/SDKTPLUS/HW_T2/gnu_434/lib/GRAPHICLIB.LIB(GL_Widget_SetTextPaddings.o)
                0x000167e4                GL_Widget_SetTextPaddings
 .text          0x000167fc       0x24 C:/Program Files/TeliumSDK/SDK PatchF9.32.3.02/SDKTPLUS/HW_T2/gnu_434/lib/GRAPHICLIB.LIB(GL_Widget_SetTransformation.o)
                0x00016808                GL_Widget_SetTransformation
 .text          0x00016820       0x24 C:/Program Files/TeliumSDK/SDK PatchF9.32.3.02/SDKTPLUS/HW_T2/gnu_434/lib/GRAPHICLIB.LIB(GL_Widget_SetVisible.o)
                0x0001682c                GL_Widget_SetVisible
 .text          0x00016844       0x24 C:/Program Files/TeliumSDK/SDK PatchF9.32.3.02/SDKTPLUS/HW_T2/gnu_434/lib/GRAPHICLIB.LIB(GL_Widget_SetWrap.o)
                0x00016850                GL_Widget_SetWrap
 .text          0x00016868       0x24 C:/Program Files/TeliumSDK/SDK PatchF9.32.3.02/SDKTPLUS/HW_T2/gnu_434/lib/GRAPHICLIB.LIB(GL_Widget_UnregisterCallback.o)
                0x00016874                GL_Widget_UnregisterCallback
 .text          0x0001688c       0x24 C:/Program Files/TeliumSDK/SDK PatchF9.32.3.02/SDKTPLUS/HW_T2/gnu_434/lib/GRAPHICLIB.LIB(GL_Window_Create.o)
                0x00016898                GL_Window_Create
 .text          0x000168b0       0x24 C:/Program Files/TeliumSDK/SDK PatchF9.32.3.02/SDKTPLUS/HW_T2/gnu_434/lib/GRAPHICLIB.LIB(GL_Window_Dispatch.o)
                0x000168bc                GL_Window_Dispatch
 .text          0x000168d4       0x24 C:/Program Files/TeliumSDK/SDK PatchF9.32.3.02/SDKTPLUS/HW_T2/gnu_434/lib/GRAPHICLIB.LIB(GL_Window_GetResult.o)
                0x000168e0                GL_Window_GetResult
 .text          0x000168f8       0x24 C:/Program Files/TeliumSDK/SDK PatchF9.32.3.02/SDKTPLUS/HW_T2/gnu_434/lib/GRAPHICLIB.LIB(GL_Window_MainLoop.o)
                0x00016904                GL_Window_MainLoop
 .text          0x0001691c      0x114 C:/Program Files/TeliumSDK/SDK PatchF9.32.3.02/SDKTPLUS/HW_T2/gnu_434/lib/GRAPHICLIB.LIB(GL_link.o)
                0x0001691c                GL_IsPresent
                0x00016958                GL_GetProcAddressWithoutExit
                0x000169f0                GL_GetProcAddress
 .text          0x00016a30       0x2c C:/Program Files/TeliumSDK/SDK PatchF9.32.3.02/SDKTPLUS/HW_T2/gnu_434/lib/GRAPHICLIB.LIB(gl_asm_link.o)
                0x00016a30                GL_InitFuncAndBranch
                0x00016a40                GL_Swi_ObjectLoad
                0x00016a4e                GL_Swi_DllLink
 .text          0x00016a5c       0x1c C:/Ingenico/IngeDev_8.18.0.5/toolchains/gnuArm4/arm-elf/lib/thumb/soft/interwork/libc.a(lib_a-calloc.o)
                0x00016a5c                calloc
 .text          0x00016a78        0x0 C:/Ingenico/IngeDev_8.18.0.5/toolchains/gnuArm4/arm-elf/lib/thumb/soft/interwork/libc.a(lib_a-ctype_.o)
 .text          0x00016a78        0xc C:/Ingenico/IngeDev_8.18.0.5/toolchains/gnuArm4/arm-elf/lib/thumb/soft/interwork/libc.a(lib_a-errno.o)
                0x00016a78                __errno
 .text          0x00016a84        0x0 C:/Ingenico/IngeDev_8.18.0.5/toolchains/gnuArm4/arm-elf/lib/thumb/soft/interwork/libc.a(lib_a-impure.o)
 .text          0x00016a84       0x28 C:/Ingenico/IngeDev_8.18.0.5/toolchains/gnuArm4/arm-elf/lib/thumb/soft/interwork/libc.a(lib_a-malloc.o)
                0x00016a84                free
                0x00016a98                malloc
 .text          0x00016aac       0x28 C:/Ingenico/IngeDev_8.18.0.5/toolchains/gnuArm4/arm-elf/lib/thumb/soft/interwork/libc.a(lib_a-memcmp.o)
                0x00016aac                memcmp
 .text          0x00016ad4       0x1c C:/Ingenico/IngeDev_8.18.0.5/toolchains/gnuArm4/arm-elf/lib/thumb/soft/interwork/libc.a(lib_a-memcpy.o)
                0x00016ad4                memcpy
 .text          0x00016af0       0x10 C:/Ingenico/IngeDev_8.18.0.5/toolchains/gnuArm4/arm-elf/lib/thumb/soft/interwork/libc.a(lib_a-memset.o)
                0x00016af0                memset
 .text          0x00016b00       0x1c C:/Ingenico/IngeDev_8.18.0.5/toolchains/gnuArm4/arm-elf/lib/thumb/soft/interwork/libc.a(lib_a-realloc.o)
                0x00016b00                realloc
 .text          0x00016b1c       0x1c C:/Ingenico/IngeDev_8.18.0.5/toolchains/gnuArm4/arm-elf/lib/thumb/soft/interwork/libc.a(lib_a-strchr.o)
                0x00016b1c                strchr
 .text          0x00016b38       0x14 C:/Ingenico/IngeDev_8.18.0.5/toolchains/gnuArm4/arm-elf/lib/thumb/soft/interwork/libc.a(lib_a-strcmp.o)
                0x00016b38                strcmp
 .text          0x00016b4c       0x10 C:/Ingenico/IngeDev_8.18.0.5/toolchains/gnuArm4/arm-elf/lib/thumb/soft/interwork/libc.a(lib_a-strcpy.o)
                0x00016b4c                strcpy
 .text          0x00016b5c       0x10 C:/Ingenico/IngeDev_8.18.0.5/toolchains/gnuArm4/arm-elf/lib/thumb/soft/interwork/libc.a(lib_a-strlen.o)
                0x00016b5c                strlen
 .text          0x00016b6c       0x34 C:/Ingenico/IngeDev_8.18.0.5/toolchains/gnuArm4/arm-elf/lib/thumb/soft/interwork/libc.a(lib_a-strncpy.o)
                0x00016b6c                strncpy
 .text          0x00016ba0       0x18 C:/Ingenico/IngeDev_8.18.0.5/toolchains/gnuArm4/arm-elf/lib/thumb/soft/interwork/libc.a(lib_a-strtok.o)
                0x00016ba0                strtok
 .text          0x00016bb8       0x78 C:/Ingenico/IngeDev_8.18.0.5/toolchains/gnuArm4/arm-elf/lib/thumb/soft/interwork/libc.a(lib_a-strtok_r.o)
                0x00016bb8                __strtok_r
                0x00016c24                strtok_r
 .text          0x00016c30      0x154 C:/Ingenico/IngeDev_8.18.0.5/toolchains/gnuArm4/arm-elf/lib/thumb/soft/interwork/libc.a(lib_a-strtol.o)
                0x00016c30                _strtol_r
                0x00016d64                strtol
 .text          0x00016d84       0x8c C:/Ingenico/IngeDev_8.18.0.5/toolchains/gnuArm4/lib/gcc/arm-elf/4.3.4/thumb/soft/interwork/libgcc.a(_udivsi3.o)
                0x00016d84                __udivsi3
                0x00016d84                __aeabi_uidiv
                0x00016e00                __aeabi_uidivmod
 .text          0x00016e10       0xa4 C:/Ingenico/IngeDev_8.18.0.5/toolchains/gnuArm4/lib/gcc/arm-elf/4.3.4/thumb/soft/interwork/libgcc.a(_divsi3.o)
                0x00016e10                __aeabi_idiv
                0x00016e10                __divsi3
                0x00016ea4                __aeabi_idivmod
 .text          0x00016eb4       0xc8 C:/Ingenico/IngeDev_8.18.0.5/toolchains/gnuArm4/lib/gcc/arm-elf/4.3.4/thumb/soft/interwork/libgcc.a(_umodsi3.o)
                0x00016eb4                __umodsi3
 .text          0x00016f7c       0xd8 C:/Ingenico/IngeDev_8.18.0.5/toolchains/gnuArm4/lib/gcc/arm-elf/4.3.4/thumb/soft/interwork/libgcc.a(_modsi3.o)
                0x00016f7c                __modsi3
 .text          0x00017054        0x4 C:/Ingenico/IngeDev_8.18.0.5/toolchains/gnuArm4/lib/gcc/arm-elf/4.3.4/thumb/soft/interwork/libgcc.a(_dvmd_tls.o)
                0x00017054                __aeabi_ldiv0
                0x00017054                __div0
                0x00017054                __aeabi_idiv0
 .text          0x00017058      0x430 C:/Ingenico/IngeDev_8.18.0.5/toolchains/gnuArm4/lib/gcc/arm-elf/4.3.4/thumb/soft/interwork/libgcc.a(_addsubdf3.o)
                0x00017058                __aeabi_drsub
                0x00017060                __subdf3
                0x00017060                __aeabi_dsub
                0x00017064                __aeabi_dadd
                0x00017064                __adddf3
                0x00017374                __aeabi_ui2d
                0x00017374                __floatunsidf
                0x0001739c                __floatsidf
                0x0001739c                __aeabi_i2d
                0x000173c8                __extendsfdf2
                0x000173c8                __aeabi_f2d
                0x00017408                __aeabi_ul2d
                0x00017408                __floatundidf
                0x0001741c                __aeabi_l2d
                0x0001741c                __floatdidf
 .text          0x00017488      0x140 C:/Ingenico/IngeDev_8.18.0.5/toolchains/gnuArm4/lib/gcc/arm-elf/4.3.4/thumb/soft/interwork/libgcc.a(_cmpdf2.o)
                0x00017488                __gtdf2
                0x00017488                __gedf2
                0x00017490                __ltdf2
                0x00017490                __ledf2
                0x00017498                __eqdf2
                0x00017498                __nedf2
                0x00017498                __cmpdf2
                0x0001751c                __aeabi_cdrcmple
                0x00017538                __aeabi_cdcmple
                0x00017538                __aeabi_cdcmpeq
                0x00017550                __aeabi_dcmpeq
                0x00017568                __aeabi_dcmplt
                0x00017580                __aeabi_dcmple
                0x00017598                __aeabi_dcmpge
                0x000175b0                __aeabi_dcmpgt
 .text          0x000175c8      0x110 C:/Ingenico/IngeDev_8.18.0.5/toolchains/gnuArm4/lib/gcc/arm-elf/4.3.4/thumb/soft/interwork/libgcc.a(_cmpsf2.o)
                0x000175c8                __gesf2
                0x000175c8                __gtsf2
                0x000175d0                __ltsf2
                0x000175d0                __lesf2
                0x000175d8                __nesf2
                0x000175d8                __eqsf2
                0x000175d8                __cmpsf2
                0x00017638                __aeabi_cfrcmple
                0x00017648                __aeabi_cfcmpeq
                0x00017648                __aeabi_cfcmple
                0x00017660                __aeabi_fcmpeq
                0x00017678                __aeabi_fcmplt
                0x00017690                __aeabi_fcmple
                0x000176a8                __aeabi_fcmpge
                0x000176c0                __aeabi_fcmpgt
 .text          0x000176d8       0x70 C:/Ingenico/IngeDev_8.18.0.5/toolchains/gnuArm4/lib/gcc/arm-elf/4.3.4/thumb/soft/interwork/libgcc.a(_muldi3.o)
                0x000176d8                __muldi3
 .text          0x00017748        0xe C:/Program Files/TeliumSDK/SDK PatchF9.32.3.02/SDKTPLUS/HW_T2/gnu_434/lib/TRAP_TELIUM_PLUS.LIB(upload_diagnostic_txt.o)
                0x00017748                upload_diagnostic_txt
 *fill*         0x00017756        0x2 00
 .text.stub     0x00017758       0x20 linker stubs
 *(.gnu.linkonce.t.*)
 *(.strings .strings.*)
 *(.glue_7)
 .glue_7        0x00000000        0x0 linker stubs
 *(.glue_7t)
 .glue_7t       0x00000000        0x0 linker stubs
 *(.gcc_except_table)

.vfp11_veneer   0x00017778        0x0
 .vfp11_veneer  0x00000000        0x0 linker stubs

.v4_bx          0x00017778        0x0
 .v4_bx         0x00000000        0x0 linker stubs

.eh_frame
 *(.eh_frame)

.jcr
 *(.jcr)

.ctors          0x00017778        0x0
                0x00017778                __ctors_start = .
 *(SORT(.ctors.*))
 *(.ctors)
                0x00017778                __ctors_end = .

.dtors          0x00017778        0x0
                0x00017778                __dtors_start = .
 *(SORT(.dtors.*))
 *(.dtors)
                0x00017778                __dtors_end = .

.rodata         0x00017778     0x36f6
 *(.rodata .rodata.*)
 .rodata        0x00017778       0x18 C:/Program Files/TeliumSDK/SDK PatchF9.32.3.02/SDKTPLUS/HW_T2/gnu_434/startfiles/cstartupTplus.o
 .rodata        0x00017790       0xb0 Obj/GNU_ARM_DEBUG_T2/Main.o
 .rodata        0x00017840      0x394 Obj/GNU_ARM_DEBUG_T2/Entry.o
 .rodata        0x00017bd4      0xaac Obj/GNU_ARM_DEBUG_T2/Menu.o
 .rodata        0x00018680      0x524 Obj/GNU_ARM_DEBUG_T2/dynamic_arrays.o
 .rodata        0x00018ba4       0xd8 Obj/GNU_ARM_DEBUG_T2/file_schema.o
 .rodata        0x00018c7c      0x51c Obj/GNU_ARM_DEBUG_T2/iofile.o
 .rodata        0x00019198      0x890 Obj/GNU_ARM_DEBUG_T2/lists.o
 .rodata        0x00019a28       0xb0 Obj/GNU_ARM_DEBUG_T2/Goal.o
 .rodata        0x00019ad8      0xbb8 Obj/GNU_ARM_DEBUG_T2/main_processing.o
 .rodata        0x0001a690       0x30 Obj/GNU_ARM_DEBUG_T2/log.o
 .rodata        0x0001a6c0      0x4c0 Obj/GNU_ARM_DEBUG_T2/Magnetic.o
 .rodata        0x0001ab80      0x174 Obj/GNU_ARM_DEBUG_T2/Timer.o
 .rodata.str1.1
                0x0001acf4        0x8 C:/Program Files/TeliumSDK/SDK PatchF9.32.3.02/SDKTPLUS/HW_T2/gnu_434/lib/eft30tplus.lib(extenstp1.o)
 .rodata.str1.1
                0x00000000        0x8 C:/Program Files/TeliumSDK/SDK PatchF9.32.3.02/SDKTPLUS/HW_T2/gnu_434/lib/eft30tplus.lib(toolstp1.o)
 .rodata.str1.1
                0x0001acfc       0x6a C:/Program Files/TeliumSDK/SDK PatchF9.32.3.02/SDKTPLUS/HW_T2/gnu_434/lib/GRAPHICLIB.LIB(GL_link.o)
 .rodata        0x0001ad66      0x101 C:/Ingenico/IngeDev_8.18.0.5/toolchains/gnuArm4/arm-elf/lib/thumb/soft/interwork/libc.a(lib_a-ctype_.o)
                0x0001ad66                _ctype_
 *fill*         0x0001ae67        0x1 00
 .rodata        0x0001ae68        0x4 C:/Ingenico/IngeDev_8.18.0.5/toolchains/gnuArm4/arm-elf/lib/thumb/soft/interwork/libc.a(lib_a-impure.o)
                0x0001ae68                _global_impure_ptr
 .rodata.str1.1
                0x0001ae6c        0x2 C:/Ingenico/IngeDev_8.18.0.5/toolchains/gnuArm4/arm-elf/lib/thumb/soft/interwork/libc.a(lib_a-impure.o)
 *(.gnu.linkonce.r.*)
                0x0001ae6e                __text_end = .
                0x00200000                . = 0x200000

.data           0x00200000      0xa9c load address 0x0001ae6e
                0x00200000                __data_start = .
 *(.data .data.*)
 .data          0x00200000        0x8 C:/Program Files/TeliumSDK/SDK PatchF9.32.3.02/SDKTPLUS/HW_T2/gnu_434/startfiles/cstartupTplus.o
                0x00200000                __stack_chk_guard
                0x00200004                __dso_handle
 .data          0x00200008        0x0 C:/Program Files/TeliumSDK/SDK PatchF9.32.3.02/SDKTPLUS/HW_T2/gnu_434/startfiles/libcpatch.o
 .data          0x00200008        0x0 Obj/GNU_ARM_DEBUG_T2/Main.o
 .data          0x00200008      0x110 Obj/GNU_ARM_DEBUG_T2/Entry.o
                0x00200110                ERROR_FILE
                0x00200114                LOG_FILE
 .data          0x00200118        0x0 Obj/GNU_ARM_DEBUG_T2/Menu.o
 .data          0x00200118        0x0 Obj/GNU_ARM_DEBUG_T2/dynamic_array_template.o
 .data          0x00200118        0x0 Obj/GNU_ARM_DEBUG_T2/dynamic_arrays.o
 .data          0x00200118        0x0 Obj/GNU_ARM_DEBUG_T2/file_schema.o
 .data          0x00200118        0x0 Obj/GNU_ARM_DEBUG_T2/iofile.o
 .data          0x00200118        0x0 Obj/GNU_ARM_DEBUG_T2/list_template.o
 .data          0x00200118        0x0 Obj/GNU_ARM_DEBUG_T2/lists.o
 .data          0x00200118        0x0 Obj/GNU_ARM_DEBUG_T2/Goal.o
 .data          0x00200118        0x8 Obj/GNU_ARM_DEBUG_T2/main_processing.o
                0x00200118                TERMINAL_DATA_DIR
                0x0020011c                GOODS_FILE_FORMAT
 .data          0x00200120       0x60 Obj/GNU_ARM_DEBUG_T2/log.o
                0x00200120                line_prop
 .data          0x00200180        0x0 Obj/GNU_ARM_DEBUG_T2/Magnetic.o
 .data          0x00200180        0x0 Obj/GNU_ARM_DEBUG_T2/Timer.o
 .data          0x00200180        0x4 C:/Program Files/TeliumSDK/SDK PatchF9.32.3.02/SDKTPLUS/HW_T2/gnu_434/lib/eft30tplus.lib(DisplayFooter.o)
 .data          0x00200184        0x4 C:/Program Files/TeliumSDK/SDK PatchF9.32.3.02/SDKTPLUS/HW_T2/gnu_434/lib/eft30tplus.lib(DisplayHeader.o)
 .data          0x00200188        0x4 C:/Program Files/TeliumSDK/SDK PatchF9.32.3.02/SDKTPLUS/HW_T2/gnu_434/lib/eft30tplus.lib(DisplayLeds.o)
 .data          0x0020018c        0x4 C:/Program Files/TeliumSDK/SDK PatchF9.32.3.02/SDKTPLUS/HW_T2/gnu_434/lib/eft30tplus.lib(Telium_Read_date.o)
 .data          0x00200190        0x4 C:/Program Files/TeliumSDK/SDK PatchF9.32.3.02/SDKTPLUS/HW_T2/gnu_434/lib/eft30tplus.lib(IsColorDisplay.o)
 .data          0x00200194        0x4 C:/Program Files/TeliumSDK/SDK PatchF9.32.3.02/SDKTPLUS/HW_T2/gnu_434/lib/eft30tplus.lib(IsISO1.o)
 .data          0x00200198        0x4 C:/Program Files/TeliumSDK/SDK PatchF9.32.3.02/SDKTPLUS/HW_T2/gnu_434/lib/eft30tplus.lib(IsISO2.o)
 .data          0x0020019c        0x4 C:/Program Files/TeliumSDK/SDK PatchF9.32.3.02/SDKTPLUS/HW_T2/gnu_434/lib/eft30tplus.lib(IsISO3.o)
 .data          0x002001a0        0x4 C:/Program Files/TeliumSDK/SDK PatchF9.32.3.02/SDKTPLUS/HW_T2/gnu_434/lib/eft30tplus.lib(IsPrinter.o)
 .data          0x002001a4        0x4 C:/Program Files/TeliumSDK/SDK PatchF9.32.3.02/SDKTPLUS/HW_T2/gnu_434/lib/eft30tplus.lib(Telium_ServiceRegister.o)
 .data          0x002001a8        0x0 C:/Program Files/TeliumSDK/SDK PatchF9.32.3.02/SDKTPLUS/HW_T2/gnu_434/lib/eft30tplus.lib(Telium_Fprintf.o)
 .data          0x002001a8        0x0 C:/Program Files/TeliumSDK/SDK PatchF9.32.3.02/SDKTPLUS/HW_T2/gnu_434/lib/eft30tplus.lib(Telium_Pprintf.o)
 .data          0x002001a8        0x0 C:/Program Files/TeliumSDK/SDK PatchF9.32.3.02/SDKTPLUS/HW_T2/gnu_434/lib/eft30tplus.lib(Telium_Stdprt.o)
 .data          0x002001a8        0x0 C:/Program Files/TeliumSDK/SDK PatchF9.32.3.02/SDKTPLUS/HW_T2/gnu_434/lib/eft30tplus.lib(sprintf.o)
 .data          0x002001a8        0x0 C:/Program Files/TeliumSDK/SDK PatchF9.32.3.02/SDKTPLUS/HW_T2/gnu_434/lib/eft30tplus.lib(extenstp1.o)
 .data          0x002001a8        0x0 C:/Program Files/TeliumSDK/SDK PatchF9.32.3.02/SDKTPLUS/HW_T2/gnu_434/lib/eft30tplus.lib(toolstp1.o)
 .data          0x002001a8        0x0 C:/Program Files/TeliumSDK/SDK PatchF9.32.3.02/SDKTPLUS/HW_T2/gnu_434/lib/OSLAYER.LIB(OSL_Dll_Close.o)
 .data          0x002001a8        0x0 C:/Program Files/TeliumSDK/SDK PatchF9.32.3.02/SDKTPLUS/HW_T2/gnu_434/lib/OSLAYER.LIB(OSL_Dll_GetSymbolByName.o)
 .data          0x002001a8        0x0 C:/Program Files/TeliumSDK/SDK PatchF9.32.3.02/SDKTPLUS/HW_T2/gnu_434/lib/OSLAYER.LIB(OSL_Dll_OpenByAppliType.o)
 .data          0x002001a8        0x0 C:/Program Files/TeliumSDK/SDK PatchF9.32.3.02/SDKTPLUS/HW_T2/gnu_434/lib/OSLAYER.LIB(OSL_TimeStp_ElapsedMs.o)
 .data          0x002001a8        0x0 C:/Program Files/TeliumSDK/SDK PatchF9.32.3.02/SDKTPLUS/HW_T2/gnu_434/lib/OSLAYER.LIB(OSL_TimeStp_Now.o)
 .data          0x002001a8        0x0 C:/Program Files/TeliumSDK/SDK PatchF9.32.3.02/SDKTPLUS/HW_T2/gnu_434/lib/TRAP_TELIUM_PLUS.LIB(ApplicationGetCurrent.o)
 .data          0x002001a8        0x0 C:/Program Files/TeliumSDK/SDK PatchF9.32.3.02/SDKTPLUS/HW_T2/gnu_434/lib/TRAP_TELIUM_PLUS.LIB(FS_close.o)
 .data          0x002001a8        0x0 C:/Program Files/TeliumSDK/SDK PatchF9.32.3.02/SDKTPLUS/HW_T2/gnu_434/lib/TRAP_TELIUM_PLUS.LIB(FS_length.o)
 .data          0x002001a8        0x0 C:/Program Files/TeliumSDK/SDK PatchF9.32.3.02/SDKTPLUS/HW_T2/gnu_434/lib/TRAP_TELIUM_PLUS.LIB(FS_mount.o)
 .data          0x002001a8        0x0 C:/Program Files/TeliumSDK/SDK PatchF9.32.3.02/SDKTPLUS/HW_T2/gnu_434/lib/TRAP_TELIUM_PLUS.LIB(FS_open.o)
 .data          0x002001a8        0x0 C:/Program Files/TeliumSDK/SDK PatchF9.32.3.02/SDKTPLUS/HW_T2/gnu_434/lib/TRAP_TELIUM_PLUS.LIB(FS_read.o)
 .data          0x002001a8        0x0 C:/Program Files/TeliumSDK/SDK PatchF9.32.3.02/SDKTPLUS/HW_T2/gnu_434/lib/TRAP_TELIUM_PLUS.LIB(FS_unmount.o)
 .data          0x002001a8        0x0 C:/Program Files/TeliumSDK/SDK PatchF9.32.3.02/SDKTPLUS/HW_T2/gnu_434/lib/TRAP_TELIUM_PLUS.LIB(ObjectGetInfo.o)
 .data          0x002001a8        0x0 C:/Program Files/TeliumSDK/SDK PatchF9.32.3.02/SDKTPLUS/HW_T2/gnu_434/lib/TRAP_TELIUM_PLUS.LIB(Telium_Exit.o)
 .data          0x002001a8        0x0 C:/Program Files/TeliumSDK/SDK PatchF9.32.3.02/SDKTPLUS/HW_T2/gnu_434/lib/TRAP_TELIUM_PLUS.LIB(Telium_Fclose.o)
 .data          0x002001a8        0x0 C:/Program Files/TeliumSDK/SDK PatchF9.32.3.02/SDKTPLUS/HW_T2/gnu_434/lib/TRAP_TELIUM_PLUS.LIB(Telium_Fopen.o)
 .data          0x002001a8        0x0 C:/Program Files/TeliumSDK/SDK PatchF9.32.3.02/SDKTPLUS/HW_T2/gnu_434/lib/TRAP_TELIUM_PLUS.LIB(Telium_Fread.o)
 .data          0x002001a8        0x0 C:/Program Files/TeliumSDK/SDK PatchF9.32.3.02/SDKTPLUS/HW_T2/gnu_434/lib/TRAP_TELIUM_PLUS.LIB(Telium_Is_iso1.o)
 .data          0x002001a8        0x0 C:/Program Files/TeliumSDK/SDK PatchF9.32.3.02/SDKTPLUS/HW_T2/gnu_434/lib/TRAP_TELIUM_PLUS.LIB(Telium_Is_iso2.o)
 .data          0x002001a8        0x0 C:/Program Files/TeliumSDK/SDK PatchF9.32.3.02/SDKTPLUS/HW_T2/gnu_434/lib/TRAP_TELIUM_PLUS.LIB(Telium_Is_iso3.o)
 .data          0x002001a8        0x0 C:/Program Files/TeliumSDK/SDK PatchF9.32.3.02/SDKTPLUS/HW_T2/gnu_434/lib/TRAP_TELIUM_PLUS.LIB(Telium_Mask_event.o)
 .data          0x002001a8        0x0 C:/Program Files/TeliumSDK/SDK PatchF9.32.3.02/SDKTPLUS/HW_T2/gnu_434/lib/TRAP_TELIUM_PLUS.LIB(Telium_Reset_buf.o)
 .data          0x002001a8        0x0 C:/Program Files/TeliumSDK/SDK PatchF9.32.3.02/SDKTPLUS/HW_T2/gnu_434/lib/TRAP_TELIUM_PLUS.LIB(Telium_Stdperif.o)
 .data          0x002001a8        0x0 C:/Program Files/TeliumSDK/SDK PatchF9.32.3.02/SDKTPLUS/HW_T2/gnu_434/lib/TRAP_TELIUM_PLUS.LIB(Telium_Ttestall.o)
 .data          0x002001a8        0x0 C:/Program Files/TeliumSDK/SDK PatchF9.32.3.02/SDKTPLUS/HW_T2/gnu_434/lib/TRAP_TELIUM_PLUS.LIB(Telium_Vfprintf.o)
 .data          0x002001a8        0x0 C:/Program Files/TeliumSDK/SDK PatchF9.32.3.02/SDKTPLUS/HW_T2/gnu_434/lib/TRAP_TELIUM_PLUS.LIB(Telium_Vsprintf.o)
 .data          0x002001a8        0x0 C:/Program Files/TeliumSDK/SDK PatchF9.32.3.02/SDKTPLUS/HW_T2/gnu_434/lib/TRAP_TELIUM_PLUS.LIB(buzzer.o)
 .data          0x002001a8        0x0 C:/Program Files/TeliumSDK/SDK PatchF9.32.3.02/SDKTPLUS/HW_T2/gnu_434/lib/TRAP_TELIUM_PLUS.LIB(first_init.o)
 .data          0x002001a8        0x0 C:/Program Files/TeliumSDK/SDK PatchF9.32.3.02/SDKTPLUS/HW_T2/gnu_434/lib/TRAP_TELIUM_PLUS.LIB(raz_init.o)
 .data          0x002001a8        0x0 C:/Program Files/TeliumSDK/SDK PatchF9.32.3.02/SDKTPLUS/HW_T2/gnu_434/lib/TRAP_TELIUM_PLUS.LIB(ufree.o)
 .data          0x002001a8        0x0 C:/Program Files/TeliumSDK/SDK PatchF9.32.3.02/SDKTPLUS/HW_T2/gnu_434/lib/TRAP_TELIUM_PLUS.LIB(umalloc.o)
 .data          0x002001a8        0x0 C:/Program Files/TeliumSDK/SDK PatchF9.32.3.02/SDKTPLUS/HW_T2/gnu_434/lib/TRAP_TELIUM_PLUS.LIB(urealloc.o)
 *fill*         0x002001a8        0x8 00
 .data          0x002001b0       0x10 C:/Program Files/TeliumSDK/SDK PatchF9.32.3.02/SDKTPLUS/HW_T2/gnu_434/lib/GRAPHICLIB.LIB(GL_Button_Create.o)
 .data          0x002001c0       0x10 C:/Program Files/TeliumSDK/SDK PatchF9.32.3.02/SDKTPLUS/HW_T2/gnu_434/lib/GRAPHICLIB.LIB(GL_Dialog_Choice.o)
 .data          0x002001d0       0x10 C:/Program Files/TeliumSDK/SDK PatchF9.32.3.02/SDKTPLUS/HW_T2/gnu_434/lib/GRAPHICLIB.LIB(GL_Dialog_File.o)
 .data          0x002001e0       0x10 C:/Program Files/TeliumSDK/SDK PatchF9.32.3.02/SDKTPLUS/HW_T2/gnu_434/lib/GRAPHICLIB.LIB(GL_Dialog_Menu.o)
 .data          0x002001f0       0x10 C:/Program Files/TeliumSDK/SDK PatchF9.32.3.02/SDKTPLUS/HW_T2/gnu_434/lib/GRAPHICLIB.LIB(GL_Dialog_Message.o)
 .data          0x00200200       0x10 C:/Program Files/TeliumSDK/SDK PatchF9.32.3.02/SDKTPLUS/HW_T2/gnu_434/lib/GRAPHICLIB.LIB(GL_Dialog_MultiChoice.o)
 .data          0x00200210       0x10 C:/Program Files/TeliumSDK/SDK PatchF9.32.3.02/SDKTPLUS/HW_T2/gnu_434/lib/GRAPHICLIB.LIB(GL_Dialog_Text.o)
 .data          0x00200220       0x10 C:/Program Files/TeliumSDK/SDK PatchF9.32.3.02/SDKTPLUS/HW_T2/gnu_434/lib/GRAPHICLIB.LIB(GL_Dialog_VirtualKeyboard.o)
 .data          0x00200230       0x10 C:/Program Files/TeliumSDK/SDK PatchF9.32.3.02/SDKTPLUS/HW_T2/gnu_434/lib/GRAPHICLIB.LIB(GL_Document_Create.o)
 .data          0x00200240       0x10 C:/Program Files/TeliumSDK/SDK PatchF9.32.3.02/SDKTPLUS/HW_T2/gnu_434/lib/GRAPHICLIB.LIB(GL_Document_Print.o)
 .data          0x00200250       0x10 C:/Program Files/TeliumSDK/SDK PatchF9.32.3.02/SDKTPLUS/HW_T2/gnu_434/lib/GRAPHICLIB.LIB(GL_Drawing_Clear.o)
 .data          0x00200260       0x10 C:/Program Files/TeliumSDK/SDK PatchF9.32.3.02/SDKTPLUS/HW_T2/gnu_434/lib/GRAPHICLIB.LIB(GL_Drawing_Create.o)
 .data          0x00200270       0x10 C:/Program Files/TeliumSDK/SDK PatchF9.32.3.02/SDKTPLUS/HW_T2/gnu_434/lib/GRAPHICLIB.LIB(GL_Drawing_DrawEllipse.o)
 .data          0x00200280       0x10 C:/Program Files/TeliumSDK/SDK PatchF9.32.3.02/SDKTPLUS/HW_T2/gnu_434/lib/GRAPHICLIB.LIB(GL_Drawing_DrawLine.o)
 .data          0x00200290       0x10 C:/Program Files/TeliumSDK/SDK PatchF9.32.3.02/SDKTPLUS/HW_T2/gnu_434/lib/GRAPHICLIB.LIB(GL_Drawing_DrawRect.o)
 .data          0x002002a0       0x10 C:/Program Files/TeliumSDK/SDK PatchF9.32.3.02/SDKTPLUS/HW_T2/gnu_434/lib/GRAPHICLIB.LIB(GL_Drawing_DrawText.o)
 .data          0x002002b0       0x10 C:/Program Files/TeliumSDK/SDK PatchF9.32.3.02/SDKTPLUS/HW_T2/gnu_434/lib/GRAPHICLIB.LIB(GL_Drawing_SetBrush.o)
 .data          0x002002c0       0x10 C:/Program Files/TeliumSDK/SDK PatchF9.32.3.02/SDKTPLUS/HW_T2/gnu_434/lib/GRAPHICLIB.LIB(GL_Drawing_SetFont.o)
 .data          0x002002d0       0x10 C:/Program Files/TeliumSDK/SDK PatchF9.32.3.02/SDKTPLUS/HW_T2/gnu_434/lib/GRAPHICLIB.LIB(GL_Drawing_SetPen.o)
 .data          0x002002e0       0x10 C:/Program Files/TeliumSDK/SDK PatchF9.32.3.02/SDKTPLUS/HW_T2/gnu_434/lib/GRAPHICLIB.LIB(GL_File_Close.o)
 .data          0x002002f0       0x10 C:/Program Files/TeliumSDK/SDK PatchF9.32.3.02/SDKTPLUS/HW_T2/gnu_434/lib/GRAPHICLIB.LIB(GL_File_GetSize.o)
 .data          0x00200300       0x10 C:/Program Files/TeliumSDK/SDK PatchF9.32.3.02/SDKTPLUS/HW_T2/gnu_434/lib/GRAPHICLIB.LIB(GL_File_Open.o)
 .data          0x00200310       0x10 C:/Program Files/TeliumSDK/SDK PatchF9.32.3.02/SDKTPLUS/HW_T2/gnu_434/lib/GRAPHICLIB.LIB(GL_File_Read.o)
 .data          0x00200320       0x10 C:/Program Files/TeliumSDK/SDK PatchF9.32.3.02/SDKTPLUS/HW_T2/gnu_434/lib/GRAPHICLIB.LIB(GL_File_Seek.o)
 .data          0x00200330       0x10 C:/Program Files/TeliumSDK/SDK PatchF9.32.3.02/SDKTPLUS/HW_T2/gnu_434/lib/GRAPHICLIB.LIB(GL_File_Write.o)
 .data          0x00200340       0x10 C:/Program Files/TeliumSDK/SDK PatchF9.32.3.02/SDKTPLUS/HW_T2/gnu_434/lib/GRAPHICLIB.LIB(GL_GraphicLib_BindSingleKey.o)
 .data          0x00200350        0x4 C:/Program Files/TeliumSDK/SDK PatchF9.32.3.02/SDKTPLUS/HW_T2/gnu_434/lib/GRAPHICLIB.LIB(GL_GraphicLib_Create.o)
 *fill*         0x00200354        0xc 00
 .data          0x00200360       0x10 C:/Program Files/TeliumSDK/SDK PatchF9.32.3.02/SDKTPLUS/HW_T2/gnu_434/lib/GRAPHICLIB.LIB(GL_GraphicLib_IsTouchPresent.o)
 .data          0x00200370       0x10 C:/Program Files/TeliumSDK/SDK PatchF9.32.3.02/SDKTPLUS/HW_T2/gnu_434/lib/GRAPHICLIB.LIB(GL_GraphicLib_SetCharset.o)
 .data          0x00200380       0x10 C:/Program Files/TeliumSDK/SDK PatchF9.32.3.02/SDKTPLUS/HW_T2/gnu_434/lib/GRAPHICLIB.LIB(GL_GraphicLib_UnbindKey.o)
 .data          0x00200390       0x10 C:/Program Files/TeliumSDK/SDK PatchF9.32.3.02/SDKTPLUS/HW_T2/gnu_434/lib/GRAPHICLIB.LIB(GL_Label_Create.o)
 .data          0x002003a0       0x10 C:/Program Files/TeliumSDK/SDK PatchF9.32.3.02/SDKTPLUS/HW_T2/gnu_434/lib/GRAPHICLIB.LIB(GL_Layout_Create.o)
 .data          0x002003b0       0x10 C:/Program Files/TeliumSDK/SDK PatchF9.32.3.02/SDKTPLUS/HW_T2/gnu_434/lib/GRAPHICLIB.LIB(GL_Message_GetKey.o)
 .data          0x002003c0       0x10 C:/Program Files/TeliumSDK/SDK PatchF9.32.3.02/SDKTPLUS/HW_T2/gnu_434/lib/GRAPHICLIB.LIB(GL_Message_GetWidget.o)
 .data          0x002003d0       0x10 C:/Program Files/TeliumSDK/SDK PatchF9.32.3.02/SDKTPLUS/HW_T2/gnu_434/lib/GRAPHICLIB.LIB(GL_Message_GetWidgetById.o)
 .data          0x002003e0       0x10 C:/Program Files/TeliumSDK/SDK PatchF9.32.3.02/SDKTPLUS/HW_T2/gnu_434/lib/GRAPHICLIB.LIB(GL_Message_SetResult.o)
 .data          0x002003f0       0x10 C:/Program Files/TeliumSDK/SDK PatchF9.32.3.02/SDKTPLUS/HW_T2/gnu_434/lib/GRAPHICLIB.LIB(GL_Message_SetUserData.o)
 .data          0x00200400       0x10 C:/Program Files/TeliumSDK/SDK PatchF9.32.3.02/SDKTPLUS/HW_T2/gnu_434/lib/GRAPHICLIB.LIB(GL_Picture_Create.o)
 .data          0x00200410       0x10 C:/Program Files/TeliumSDK/SDK PatchF9.32.3.02/SDKTPLUS/HW_T2/gnu_434/lib/GRAPHICLIB.LIB(GL_Print_Create.o)
 .data          0x00200420       0x10 C:/Program Files/TeliumSDK/SDK PatchF9.32.3.02/SDKTPLUS/HW_T2/gnu_434/lib/GRAPHICLIB.LIB(GL_Timer_Create.o)
 .data          0x00200430       0x10 C:/Program Files/TeliumSDK/SDK PatchF9.32.3.02/SDKTPLUS/HW_T2/gnu_434/lib/GRAPHICLIB.LIB(GL_Timer_SetInterval.o)
 .data          0x00200440       0x10 C:/Program Files/TeliumSDK/SDK PatchF9.32.3.02/SDKTPLUS/HW_T2/gnu_434/lib/GRAPHICLIB.LIB(GL_Timer_Stop.o)
 .data          0x00200450       0x10 C:/Program Files/TeliumSDK/SDK PatchF9.32.3.02/SDKTPLUS/HW_T2/gnu_434/lib/GRAPHICLIB.LIB(GL_Widget_Destroy.o)
 .data          0x00200460       0x10 C:/Program Files/TeliumSDK/SDK PatchF9.32.3.02/SDKTPLUS/HW_T2/gnu_434/lib/GRAPHICLIB.LIB(GL_Widget_GetBackColor.o)
 .data          0x00200470       0x10 C:/Program Files/TeliumSDK/SDK PatchF9.32.3.02/SDKTPLUS/HW_T2/gnu_434/lib/GRAPHICLIB.LIB(GL_Widget_GetUserData.o)
 .data          0x00200480       0x10 C:/Program Files/TeliumSDK/SDK PatchF9.32.3.02/SDKTPLUS/HW_T2/gnu_434/lib/GRAPHICLIB.LIB(GL_Widget_RegisterCallback.o)
 .data          0x00200490       0x10 C:/Program Files/TeliumSDK/SDK PatchF9.32.3.02/SDKTPLUS/HW_T2/gnu_434/lib/GRAPHICLIB.LIB(GL_Widget_SearchId.o)
 .data          0x002004a0       0x10 C:/Program Files/TeliumSDK/SDK PatchF9.32.3.02/SDKTPLUS/HW_T2/gnu_434/lib/GRAPHICLIB.LIB(GL_Widget_SetBackAlign.o)
 .data          0x002004b0       0x10 C:/Program Files/TeliumSDK/SDK PatchF9.32.3.02/SDKTPLUS/HW_T2/gnu_434/lib/GRAPHICLIB.LIB(GL_Widget_SetBackColor.o)
 .data          0x002004c0       0x10 C:/Program Files/TeliumSDK/SDK PatchF9.32.3.02/SDKTPLUS/HW_T2/gnu_434/lib/GRAPHICLIB.LIB(GL_Widget_SetBorders.o)
 .data          0x002004d0       0x10 C:/Program Files/TeliumSDK/SDK PatchF9.32.3.02/SDKTPLUS/HW_T2/gnu_434/lib/GRAPHICLIB.LIB(GL_Widget_SetExpand.o)
 .data          0x002004e0       0x10 C:/Program Files/TeliumSDK/SDK PatchF9.32.3.02/SDKTPLUS/HW_T2/gnu_434/lib/GRAPHICLIB.LIB(GL_Widget_SetFocusable.o)
 .data          0x002004f0       0x10 C:/Program Files/TeliumSDK/SDK PatchF9.32.3.02/SDKTPLUS/HW_T2/gnu_434/lib/GRAPHICLIB.LIB(GL_Widget_SetFontName.o)
 .data          0x00200500       0x10 C:/Program Files/TeliumSDK/SDK PatchF9.32.3.02/SDKTPLUS/HW_T2/gnu_434/lib/GRAPHICLIB.LIB(GL_Widget_SetFontScale.o)
 .data          0x00200510       0x10 C:/Program Files/TeliumSDK/SDK PatchF9.32.3.02/SDKTPLUS/HW_T2/gnu_434/lib/GRAPHICLIB.LIB(GL_Widget_SetFontStyle.o)
 .data          0x00200520       0x10 C:/Program Files/TeliumSDK/SDK PatchF9.32.3.02/SDKTPLUS/HW_T2/gnu_434/lib/GRAPHICLIB.LIB(GL_Widget_SetForeColor.o)
 .data          0x00200530       0x10 C:/Program Files/TeliumSDK/SDK PatchF9.32.3.02/SDKTPLUS/HW_T2/gnu_434/lib/GRAPHICLIB.LIB(GL_Widget_SetGrow.o)
 .data          0x00200540       0x10 C:/Program Files/TeliumSDK/SDK PatchF9.32.3.02/SDKTPLUS/HW_T2/gnu_434/lib/GRAPHICLIB.LIB(GL_Widget_SetId.o)
 .data          0x00200550       0x10 C:/Program Files/TeliumSDK/SDK PatchF9.32.3.02/SDKTPLUS/HW_T2/gnu_434/lib/GRAPHICLIB.LIB(GL_Widget_SetItem.o)
 .data          0x00200560       0x10 C:/Program Files/TeliumSDK/SDK PatchF9.32.3.02/SDKTPLUS/HW_T2/gnu_434/lib/GRAPHICLIB.LIB(GL_Widget_SetMargins.o)
 .data          0x00200570       0x10 C:/Program Files/TeliumSDK/SDK PatchF9.32.3.02/SDKTPLUS/HW_T2/gnu_434/lib/GRAPHICLIB.LIB(GL_Widget_SetMinSize.o)
 .data          0x00200580       0x10 C:/Program Files/TeliumSDK/SDK PatchF9.32.3.02/SDKTPLUS/HW_T2/gnu_434/lib/GRAPHICLIB.LIB(GL_Widget_SetShortcut.o)
 .data          0x00200590       0x10 C:/Program Files/TeliumSDK/SDK PatchF9.32.3.02/SDKTPLUS/HW_T2/gnu_434/lib/GRAPHICLIB.LIB(GL_Widget_SetShrink.o)
 .data          0x002005a0       0x10 C:/Program Files/TeliumSDK/SDK PatchF9.32.3.02/SDKTPLUS/HW_T2/gnu_434/lib/GRAPHICLIB.LIB(GL_Widget_SetSize.o)
 .data          0x002005b0       0x10 C:/Program Files/TeliumSDK/SDK PatchF9.32.3.02/SDKTPLUS/HW_T2/gnu_434/lib/GRAPHICLIB.LIB(GL_Widget_SetSource.o)
 .data          0x002005c0       0x10 C:/Program Files/TeliumSDK/SDK PatchF9.32.3.02/SDKTPLUS/HW_T2/gnu_434/lib/GRAPHICLIB.LIB(GL_Widget_SetText.o)
 .data          0x002005d0       0x10 C:/Program Files/TeliumSDK/SDK PatchF9.32.3.02/SDKTPLUS/HW_T2/gnu_434/lib/GRAPHICLIB.LIB(GL_Widget_SetTextAlign.o)
 .data          0x002005e0       0x10 C:/Program Files/TeliumSDK/SDK PatchF9.32.3.02/SDKTPLUS/HW_T2/gnu_434/lib/GRAPHICLIB.LIB(GL_Widget_SetTextPaddings.o)
 .data          0x002005f0       0x10 C:/Program Files/TeliumSDK/SDK PatchF9.32.3.02/SDKTPLUS/HW_T2/gnu_434/lib/GRAPHICLIB.LIB(GL_Widget_SetTransformation.o)
 .data          0x00200600       0x10 C:/Program Files/TeliumSDK/SDK PatchF9.32.3.02/SDKTPLUS/HW_T2/gnu_434/lib/GRAPHICLIB.LIB(GL_Widget_SetVisible.o)
 .data          0x00200610       0x10 C:/Program Files/TeliumSDK/SDK PatchF9.32.3.02/SDKTPLUS/HW_T2/gnu_434/lib/GRAPHICLIB.LIB(GL_Widget_SetWrap.o)
 .data          0x00200620       0x10 C:/Program Files/TeliumSDK/SDK PatchF9.32.3.02/SDKTPLUS/HW_T2/gnu_434/lib/GRAPHICLIB.LIB(GL_Widget_UnregisterCallback.o)
 .data          0x00200630       0x10 C:/Program Files/TeliumSDK/SDK PatchF9.32.3.02/SDKTPLUS/HW_T2/gnu_434/lib/GRAPHICLIB.LIB(GL_Window_Create.o)
 .data          0x00200640       0x10 C:/Program Files/TeliumSDK/SDK PatchF9.32.3.02/SDKTPLUS/HW_T2/gnu_434/lib/GRAPHICLIB.LIB(GL_Window_Dispatch.o)
 .data          0x00200650       0x10 C:/Program Files/TeliumSDK/SDK PatchF9.32.3.02/SDKTPLUS/HW_T2/gnu_434/lib/GRAPHICLIB.LIB(GL_Window_GetResult.o)
 .data          0x00200660       0x10 C:/Program Files/TeliumSDK/SDK PatchF9.32.3.02/SDKTPLUS/HW_T2/gnu_434/lib/GRAPHICLIB.LIB(GL_Window_MainLoop.o)
 .data          0x00200670        0x0 C:/Program Files/TeliumSDK/SDK PatchF9.32.3.02/SDKTPLUS/HW_T2/gnu_434/lib/GRAPHICLIB.LIB(GL_link.o)
 .data          0x00200670        0x0 C:/Program Files/TeliumSDK/SDK PatchF9.32.3.02/SDKTPLUS/HW_T2/gnu_434/lib/GRAPHICLIB.LIB(gl_asm_link.o)
 .data          0x00200670        0x0 C:/Ingenico/IngeDev_8.18.0.5/toolchains/gnuArm4/arm-elf/lib/thumb/soft/interwork/libc.a(lib_a-calloc.o)
 .data          0x00200670        0x4 C:/Ingenico/IngeDev_8.18.0.5/toolchains/gnuArm4/arm-elf/lib/thumb/soft/interwork/libc.a(lib_a-ctype_.o)
                0x00200670                __ctype_ptr__
 .data          0x00200674        0x0 C:/Ingenico/IngeDev_8.18.0.5/toolchains/gnuArm4/arm-elf/lib/thumb/soft/interwork/libc.a(lib_a-errno.o)
 .data          0x00200674      0x428 C:/Ingenico/IngeDev_8.18.0.5/toolchains/gnuArm4/arm-elf/lib/thumb/soft/interwork/libc.a(lib_a-impure.o)
                0x00200674                _impure_ptr
 .data          0x00200a9c        0x0 C:/Ingenico/IngeDev_8.18.0.5/toolchains/gnuArm4/arm-elf/lib/thumb/soft/interwork/libc.a(lib_a-malloc.o)
 .data          0x00200a9c        0x0 C:/Ingenico/IngeDev_8.18.0.5/toolchains/gnuArm4/arm-elf/lib/thumb/soft/interwork/libc.a(lib_a-memcmp.o)
 .data          0x00200a9c        0x0 C:/Ingenico/IngeDev_8.18.0.5/toolchains/gnuArm4/arm-elf/lib/thumb/soft/interwork/libc.a(lib_a-memcpy.o)
 .data          0x00200a9c        0x0 C:/Ingenico/IngeDev_8.18.0.5/toolchains/gnuArm4/arm-elf/lib/thumb/soft/interwork/libc.a(lib_a-memset.o)
 .data          0x00200a9c        0x0 C:/Ingenico/IngeDev_8.18.0.5/toolchains/gnuArm4/arm-elf/lib/thumb/soft/interwork/libc.a(lib_a-realloc.o)
 .data          0x00200a9c        0x0 C:/Ingenico/IngeDev_8.18.0.5/toolchains/gnuArm4/arm-elf/lib/thumb/soft/interwork/libc.a(lib_a-strchr.o)
 .data          0x00200a9c        0x0 C:/Ingenico/IngeDev_8.18.0.5/toolchains/gnuArm4/arm-elf/lib/thumb/soft/interwork/libc.a(lib_a-strcmp.o)
 .data          0x00200a9c        0x0 C:/Ingenico/IngeDev_8.18.0.5/toolchains/gnuArm4/arm-elf/lib/thumb/soft/interwork/libc.a(lib_a-strcpy.o)
 .data          0x00200a9c        0x0 C:/Ingenico/IngeDev_8.18.0.5/toolchains/gnuArm4/arm-elf/lib/thumb/soft/interwork/libc.a(lib_a-strlen.o)
 .data          0x00200a9c        0x0 C:/Ingenico/IngeDev_8.18.0.5/toolchains/gnuArm4/arm-elf/lib/thumb/soft/interwork/libc.a(lib_a-strncpy.o)
 .data          0x00200a9c        0x0 C:/Ingenico/IngeDev_8.18.0.5/toolchains/gnuArm4/arm-elf/lib/thumb/soft/interwork/libc.a(lib_a-strtok.o)
 .data          0x00200a9c        0x0 C:/Ingenico/IngeDev_8.18.0.5/toolchains/gnuArm4/arm-elf/lib/thumb/soft/interwork/libc.a(lib_a-strtok_r.o)
 .data          0x00200a9c        0x0 C:/Ingenico/IngeDev_8.18.0.5/toolchains/gnuArm4/arm-elf/lib/thumb/soft/interwork/libc.a(lib_a-strtol.o)
 .data          0x00200a9c        0x0 C:/Ingenico/IngeDev_8.18.0.5/toolchains/gnuArm4/lib/gcc/arm-elf/4.3.4/thumb/soft/interwork/libgcc.a(_udivsi3.o)
 .data          0x00200a9c        0x0 C:/Ingenico/IngeDev_8.18.0.5/toolchains/gnuArm4/lib/gcc/arm-elf/4.3.4/thumb/soft/interwork/libgcc.a(_divsi3.o)
 .data          0x00200a9c        0x0 C:/Ingenico/IngeDev_8.18.0.5/toolchains/gnuArm4/lib/gcc/arm-elf/4.3.4/thumb/soft/interwork/libgcc.a(_umodsi3.o)
 .data          0x00200a9c        0x0 C:/Ingenico/IngeDev_8.18.0.5/toolchains/gnuArm4/lib/gcc/arm-elf/4.3.4/thumb/soft/interwork/libgcc.a(_modsi3.o)
 .data          0x00200a9c        0x0 C:/Ingenico/IngeDev_8.18.0.5/toolchains/gnuArm4/lib/gcc/arm-elf/4.3.4/thumb/soft/interwork/libgcc.a(_dvmd_tls.o)
 .data          0x00200a9c        0x0 C:/Ingenico/IngeDev_8.18.0.5/toolchains/gnuArm4/lib/gcc/arm-elf/4.3.4/thumb/soft/interwork/libgcc.a(_addsubdf3.o)
 .data          0x00200a9c        0x0 C:/Ingenico/IngeDev_8.18.0.5/toolchains/gnuArm4/lib/gcc/arm-elf/4.3.4/thumb/soft/interwork/libgcc.a(_cmpdf2.o)
 .data          0x00200a9c        0x0 C:/Ingenico/IngeDev_8.18.0.5/toolchains/gnuArm4/lib/gcc/arm-elf/4.3.4/thumb/soft/interwork/libgcc.a(_cmpsf2.o)
 .data          0x00200a9c        0x0 C:/Ingenico/IngeDev_8.18.0.5/toolchains/gnuArm4/lib/gcc/arm-elf/4.3.4/thumb/soft/interwork/libgcc.a(_muldi3.o)
 .data          0x00200a9c        0x0 C:/Program Files/TeliumSDK/SDK PatchF9.32.3.02/SDKTPLUS/HW_T2/gnu_434/lib/TRAP_TELIUM_PLUS.LIB(upload_diagnostic_txt.o)
 *(.gnu.linkonce.d.*)
                0x00200a9c                __data_end = .

.bss            0x00200a9c       0x8c load address 0x0001b90a
                0x00200a9c                __bss_start = .
 *(.bss .bss.*)
 .bss           0x00200a9c        0x0 C:/Program Files/TeliumSDK/SDK PatchF9.32.3.02/SDKTPLUS/HW_T2/gnu_434/startfiles/cstartupTplus.o
 .bss           0x00200a9c        0x0 C:/Program Files/TeliumSDK/SDK PatchF9.32.3.02/SDKTPLUS/HW_T2/gnu_434/startfiles/libcpatch.o
 .bss           0x00200a9c        0x0 Obj/GNU_ARM_DEBUG_T2/Main.o
 .bss           0x00200a9c       0x3c Obj/GNU_ARM_DEBUG_T2/Entry.o
                0x00200a9c                gGoalGraphicLibInstance
                0x00200aa0                file_schema
                0x00200aa4                error_log_file
                0x00200aa8                log_file
 .bss           0x00200ad8        0x8 Obj/GNU_ARM_DEBUG_T2/Menu.o
 .bss           0x00200ae0        0x0 Obj/GNU_ARM_DEBUG_T2/dynamic_array_template.o
 .bss           0x00200ae0        0x0 Obj/GNU_ARM_DEBUG_T2/dynamic_arrays.o
 .bss           0x00200ae0        0x0 Obj/GNU_ARM_DEBUG_T2/file_schema.o
 .bss           0x00200ae0        0x0 Obj/GNU_ARM_DEBUG_T2/iofile.o
 .bss           0x00200ae0        0x0 Obj/GNU_ARM_DEBUG_T2/list_template.o
 .bss           0x00200ae0        0x0 Obj/GNU_ARM_DEBUG_T2/lists.o
 .bss           0x00200ae0        0x0 Obj/GNU_ARM_DEBUG_T2/Goal.o
 .bss           0x00200ae0        0x0 Obj/GNU_ARM_DEBUG_T2/main_processing.o
 .bss           0x00200ae0        0x0 Obj/GNU_ARM_DEBUG_T2/log.o
 .bss           0x00200ae0        0x0 Obj/GNU_ARM_DEBUG_T2/Magnetic.o
 .bss           0x00200ae0       0x20 Obj/GNU_ARM_DEBUG_T2/Timer.o
 .bss           0x00200b00        0x0 C:/Program Files/TeliumSDK/SDK PatchF9.32.3.02/SDKTPLUS/HW_T2/gnu_434/lib/eft30tplus.lib(DisplayFooter.o)
 .bss           0x00200b00        0x0 C:/Program Files/TeliumSDK/SDK PatchF9.32.3.02/SDKTPLUS/HW_T2/gnu_434/lib/eft30tplus.lib(DisplayHeader.o)
 .bss           0x00200b00        0x0 C:/Program Files/TeliumSDK/SDK PatchF9.32.3.02/SDKTPLUS/HW_T2/gnu_434/lib/eft30tplus.lib(DisplayLeds.o)
 .bss           0x00200b00        0x0 C:/Program Files/TeliumSDK/SDK PatchF9.32.3.02/SDKTPLUS/HW_T2/gnu_434/lib/eft30tplus.lib(Telium_Read_date.o)
 .bss           0x00200b00        0x0 C:/Program Files/TeliumSDK/SDK PatchF9.32.3.02/SDKTPLUS/HW_T2/gnu_434/lib/eft30tplus.lib(IsColorDisplay.o)
 .bss           0x00200b00        0x0 C:/Program Files/TeliumSDK/SDK PatchF9.32.3.02/SDKTPLUS/HW_T2/gnu_434/lib/eft30tplus.lib(IsISO1.o)
 .bss           0x00200b00        0x0 C:/Program Files/TeliumSDK/SDK PatchF9.32.3.02/SDKTPLUS/HW_T2/gnu_434/lib/eft30tplus.lib(IsISO2.o)
 .bss           0x00200b00        0x0 C:/Program Files/TeliumSDK/SDK PatchF9.32.3.02/SDKTPLUS/HW_T2/gnu_434/lib/eft30tplus.lib(IsISO3.o)
 .bss           0x00200b00        0x0 C:/Program Files/TeliumSDK/SDK PatchF9.32.3.02/SDKTPLUS/HW_T2/gnu_434/lib/eft30tplus.lib(IsPrinter.o)
 .bss           0x00200b00        0x0 C:/Program Files/TeliumSDK/SDK PatchF9.32.3.02/SDKTPLUS/HW_T2/gnu_434/lib/eft30tplus.lib(Telium_ServiceRegister.o)
 .bss           0x00200b00        0x0 C:/Program Files/TeliumSDK/SDK PatchF9.32.3.02/SDKTPLUS/HW_T2/gnu_434/lib/eft30tplus.lib(Telium_Fprintf.o)
 .bss           0x00200b00        0x0 C:/Program Files/TeliumSDK/SDK PatchF9.32.3.02/SDKTPLUS/HW_T2/gnu_434/lib/eft30tplus.lib(Telium_Pprintf.o)
 .bss           0x00200b00        0x0 C:/Program Files/TeliumSDK/SDK PatchF9.32.3.02/SDKTPLUS/HW_T2/gnu_434/lib/eft30tplus.lib(Telium_Stdprt.o)
 .bss           0x00200b00        0x0 C:/Program Files/TeliumSDK/SDK PatchF9.32.3.02/SDKTPLUS/HW_T2/gnu_434/lib/eft30tplus.lib(sprintf.o)
 .bss           0x00200b00        0x8 C:/Program Files/TeliumSDK/SDK PatchF9.32.3.02/SDKTPLUS/HW_T2/gnu_434/lib/eft30tplus.lib(extenstp1.o)
                0x00200b00                DllGetProcAddress3
                0x00200b04                extens_Dll
 .bss           0x00200b08        0x8 C:/Program Files/TeliumSDK/SDK PatchF9.32.3.02/SDKTPLUS/HW_T2/gnu_434/lib/eft30tplus.lib(toolstp1.o)
                0x00200b08                toolsDll
                0x00200b0c                DllGetProcAddressTools
 .bss           0x00200b10        0x0 C:/Program Files/TeliumSDK/SDK PatchF9.32.3.02/SDKTPLUS/HW_T2/gnu_434/lib/OSLAYER.LIB(OSL_Dll_Close.o)